
> l2c@0.1.0 test:run C:\Users\bigey\Documents\Antigravity\L2C
> vitest run


[1m[46m RUN [49m[22m [36mv4.0.16 [39m[90mC:/Users/bigey/Documents/Antigravity/L2C[39m

 [32m鉁?[39m src/test/health-check.test.ts [2m([22m[2m2 tests[22m[2m)[22m[32m 8[2mms[22m[39m
 [32m鉁?[39m src/features/orders/logic/__tests__/order-state-machine.test.ts [2m([22m[2m14 tests[22m[2m)[22m[32m 11[2mms[22m[39m
 [32m鉁?[39m src/features/quotes/logic/__tests__/quote-engine.test.ts [2m([22m[2m5 tests[22m[2m)[22m[32m 8[2mms[22m[39m
 [31m鉂?[39m src/test/rbac.test.ts [2m([22m[2m7 tests[22m[2m | [22m[31m7 failed[39m[2m)[22m[32m 13[2mms[22m[39m
[31m     [31m脳[31m should throw Unauthorized if no session[39m[32m 5[2mms[22m[39m
[31m     [31m脳[31m should throw Forbidden if role is missing[39m[32m 1[2mms[22m[39m
[31m     [31m脳[31m should throw Forbidden if role is invalid[39m[32m 1[2mms[22m[39m
[31m     [31m脳[31m should allow ADMIN to access anything[39m[32m 3[2mms[22m[39m
[31m     [31m脳[31m should allow SALES_MANAGER to access LEAD.ASSIGN[39m[32m 1[2mms[22m[39m
[31m     [31m脳[31m should deny SALES (Advisor) to access LEAD.ASSIGN[39m[32m 1[2mms[22m[39m
[31m     [31m脳[31m should allow SALES to access LEAD.CREATE[39m[32m 0[2mms[22m[39m
 [32m鉁?[39m src/shared/lib/__tests__/utils.test.ts [2m([22m[2m14 tests[22m[2m)[22m[32m 165[2mms[22m[39m
node.exe : [90mstderr[2m | src/features/service/measurement/__tests__/sync-ma
nager.test.ts[2m > [22m[2mMeasureSyncManager[2m > [22m[2mpushLocalChanges
[2m > [22m[2mshould handle partial failures
所在位置 C:\Users\bigey\AppData\Roaming\npm\pnpm.ps1:24 字符: 5
+     & "node$exe"  "$basedir/node_modules/pnpm/bin/pnpm.cjs" $args
+     ~~~~~~~~~~~~~~~~~~~~~~~~~~~~~~~~~~~~~~~~~~~~~~~~~~~~~~~~~~~~~
    + CategoryInfo          : NotSpecified: ([90mstderr[2m...artial failures 
   :String) [], RemoteException
    + FullyQualifiedErrorId : NativeCommandError
 
[22m[39mSync partial errors: [ { id: [32m'local-2'[39m, error: [32m'Server
 error'[39m } ]

[90mstderr[2m | src/features/service/measurement/__tests__/sync-manager.test.
ts[2m > [22m[2mMeasureSyncManager[2m > [22m[2mpushLocalChanges[2m > [22
m[2mshould handle sync errors gracefully
[22m[39mSync partial errors: [
  {
    id: [32m'local-1'[39m,
    error: Error: Network error
        at C:/Users/bigey/Documents/Antigravity/L2C/src/features/service/measur
ement/__tests__/sync-manager.test.ts:326:60
        at [90mfile:///C:/Users/bigey/Documents/Antigravity/L2C/[39mnode_modu
les/[4m.pnpm[24m/@vitest+runner@4.0.16/node_modules/[4m@vitest/runner[24m/d
ist/index.js:145:11
        at [90mfile:///C:/Users/bigey/Documents/Antigravity/L2C/[39mnode_modu
les/[4m.pnpm[24m/@vitest+runner@4.0.16/node_modules/[4m@vitest/runner[24m/d
ist/index.js:915:26
        at [90mfile:///C:/Users/bigey/Documents/Antigravity/L2C/[39mnode_modu
les/[4m.pnpm[24m/@vitest+runner@4.0.16/node_modules/[4m@vitest/runner[24m/d
ist/index.js:1243:20
        at new Promise (<anonymous>)
        at runWithTimeout [90m(file:///C:/Users/bigey/Documents/Antigravity/L2
C/[39mnode_modules/[4m.pnpm[24m/@vitest+runner@4.0.16/node_modules/[4m@vite
st/runner[24m/dist/index.js:1209:10[90m)[39m
        at [90mfile:///C:/Users/bigey/Documents/Antigravity/L2C/[39mnode_modu
les/[4m.pnpm[24m/@vitest+runner@4.0.16/node_modules/[4m@vitest/runner[24m/d
ist/index.js:1653:37
        at Traces.$ [90m(file:///C:/Users/bigey/Documents/Antigravity/L2C/[39
mnode_modules/[4m.pnpm[24m/vitest@4.0.16_@types+node@2_62eb78d569462eac68b0f0
f0e86903d8/node_modules/[4mvitest[24m/dist/chunks/traces.U4xDYhzZ.js:115:27[
90m)[39m
        at trace [90m(file:///C:/Users/bigey/Documents/Antigravity/L2C/[39mno
de_modules/[4m.pnpm[24m/vitest@4.0.16_@types+node@2_62eb78d569462eac68b0f0f0e
86903d8/node_modules/[4mvitest[24m/dist/chunks/test.B8ej_ZHS.js:239:21[90m)
[39m
        at runTest [90m(file:///C:/Users/bigey/Documents/Antigravity/L2C/[39m
node_modules/[4m.pnpm[24m/@vitest+runner@4.0.16/node_modules/[4m@vitest/runn
er[24m/dist/index.js:1653:12[90m)[39m
  }
]

 [31m鉂?[39m src/features/service/measurement/__tests__/sync-manager.test.ts [2m([22m[2m10 tests[22m[2m | [22m[31m2 failed[39m[2m)[22m[32m 45[2mms[22m[39m
[31m       [31m脳[31m should pull tasks from server and store locally[39m[32m 21[2mms[22m[39m
       [32m鉁?[39m should skip tasks with pending local changes[32m 2[2mms[22m[39m
       [32m鉁?[39m should handle server error gracefully[32m 1[2mms[22m[39m
       [32m鉁?[39m should return undefined when result is invalid[32m 0[2mms[22m[39m
[31m       [31m脳[31m should push pending tasks to server[39m[32m 3[2mms[22m[39m
       [32m鉁?[39m should handle multiple pending tasks[32m 0[2mms[22m[39m
       [32m鉁?[39m should handle partial failures[32m 7[2mms[22m[39m
       [32m鉁?[39m should return 0 when no pending tasks[32m 0[2mms[22m[39m
       [32m鉁?[39m should handle task without checkIn data[32m 1[2mms[22m[39m
       [32m鉁?[39m should handle sync errors gracefully[32m 3[2mms[22m[39m
[90mstderr[2m | src/features/service/installation/__tests__/install-tasks.tes
t.ts[2m > [22m[2mInstall Tasks[2m > [22m[2mcreateInstallTaskFromOrder[2m
 > [22m[2m搴旇鎷掔粷涓嶅瓨鍦ㄧ殑璁㈠崟
[22m[39mServer Action Error: Error: 鏈壘鍒板搴旇鍗?    at C:/Users/bigey/Document
s/Antigravity/L2C/src/features/service/installation/actions.ts:191:19
[90m    at processTicksAndRejections (node:internal/process/task_queues:105:5)
[39m

[90mstderr[2m | src/features/service/installation/__tests__/install-tasks.tes
t.ts[2m > [22m[2mInstall Tasks[2m > [22m[2mcreateInstallTaskFromOrder[2m
 > [22m[2m搴旇璁板綍瀹¤鏃ュ織
[22m[39mServer Action Error: TypeError: Cannot read properties of undefined (
reading 'length')
    at C:/Users/bigey/Documents/Antigravity/L2C/src/features/service/installati
on/actions.ts:217:24
[90m    at processTicksAndRejections (node:internal/process/task_queues:105:5)
[39m

[90mstderr[2m | src/features/service/installation/__tests__/install-tasks.tes
t.ts[2m > [22m[2mInstall Tasks[2m > [22m[2mdispatchInstallTask[2m > [22
m[2m搴旇鎷掔粷闈濸ENDING鐘舵€佺殑浠诲姟娲惧崟
[22m[39mServer Action Error: Error: 鍙湁寰呮寚娲剧姸鎬佺殑浠诲姟鎵嶈兘鍒嗛厤
    at C:/Users/bigey/Documents/Antigravity/L2C/src/features/service/installati
on/actions.ts:268:19
[90m    at processTicksAndRejections (node:internal/process/task_queues:105:5)
[39m

[90mstderr[2m | src/features/service/installation/__tests__/install-tasks.tes
t.ts[2m > [22m[2mInstall Tasks[2m > [22m[2mdispatchInstallTask[2m > [22
m[2m搴旇鎷掔粷涓嶅瓨鍦ㄧ殑宸ヤ汉
[22m[39mServer Action Error: Error: 鏈壘鍒伴€夊畾鐨勫畨瑁呭笀
    at C:/Users/bigey/Documents/Antigravity/L2C/src/features/service/installati
on/actions.ts:277:19
[90m    at processTicksAndRejections (node:internal/process/task_queues:105:5)
[39m

[90mstderr[2m | src/features/service/installation/__tests__/install-tasks.tes
t.ts[2m > [22m[2mInstall Tasks[2m > [22m[2mdispatchInstallTask[2m > [22
m[2m搴旇鎷掔粷涓嶅瓨鍦ㄧ殑浠诲姟
[22m[39mServer Action Error: Error: 鏈壘鍒颁换鍔?    at C:/Users/bigey/Documents/A
ntigravity/L2C/src/features/service/installation/actions.ts:264:19
[90m    at processTicksAndRejections (node:internal/process/task_queues:105:5)
[39m

[90mstderr[2m | src/features/service/installation/__tests__/install-tasks.tes
t.ts[2m > [22m[2mInstall Tasks[2m > [22m[2mrejectInstallation[2m > [22m
[2m搴旇鎷掔粷涓嶅瓨鍦ㄧ殑浠诲姟
[22m[39mServer Action Error: Error: 鏈壘鍒颁换鍔?    at C:/Users/bigey/Documents/A
ntigravity/L2C/src/features/service/installation/actions.ts:501:26
[90m    at processTicksAndRejections (node:internal/process/task_queues:105:5)
[39m

 [32m鉁?[39m src/features/service/installation/__tests__/install-tasks.test.ts [2m([22m[2m46 tests[22m[2m)[22m[32m 77[2mms[22m[39m
[90mstderr[2m | src/features/customers/__tests__/actions.test.ts[2m > [22m
[2mCustomers Server Actions[2m > [22m[2mcreateCustomer[2m > [22m[2mshould
 create a customer successfully when phone is unique
[22m[39mServer Action Error: Error: [vitest] There was an error when mocking 
a module. If you are using "vi.mock" factory, make sure there are no top level 
variables inside, since this call is hoisted to top of the file. Read more: htt
ps://vitest.dev/api/vi.html#vi-mock
    at ManualMockedModule.resolve [90m(file:///C:/Users/bigey/Documents/Antigr
avity/L2C/[39mnode_modules/[4m.pnpm[24m/@vitest+mocker@4.0.16_vite@_4af44c47
a4ff6d3d16319578fd662d3a/node_modules/[4m@vitest/mocker[24m/dist/chunk-regist
ry.js:163:24[90m)[39m
    at VitestMocker.callFunctionMock [90m(file:///C:/Users/bigey/Documents/Ant
igravity/L2C/[39mnode_modules/[4m.pnpm[24m/vitest@4.0.16_@types+node@2_62eb7
8d569462eac68b0f0f0e86903d8/node_modules/[4mvitest[24m/dist/chunks/startModul
eRunner.DpqpB8k3.js:376:32[90m)[39m
[90m    ... 5 lines matching cause stack trace ...[39m
    at request [90m(file:///C:/Users/bigey/Documents/Antigravity/L2C/[39mnode
_modules/[4m.pnpm[24m/vite@7.3.0_@types+node@20.1_624f807ef5f716bedfb98ce6656
56766/node_modules/[4mvite[24m/dist/node/module-runner.js:1104:76[90m)[39m
[90m    at processTicksAndRejections (node:internal/process/task_queues:105:5)
[39m
    at Module.<anonymous> (C:/Users/bigey/Documents/Antigravity/L2C/src/shared/
lib/server-action.ts:36:30) {
  cause: ReferenceError: session is not defined
      at C:/Users/bigey/Documents/Antigravity/L2C/src/test/helpers.ts:57:41
      at ManualMockedModule.factory [90m(file:///C:/Users/bigey/Documents/Anti
gravity/L2C/[39mnode_modules/[4m.pnpm[24m/vitest@4.0.16_@types+node@2_62eb78
d569462eac68b0f0f0e86903d8/node_modules/[4mvitest[24m/dist/chunks/vi.2VT5v0um
.js:3807:78[90m)[39m
      at ManualMockedModule.resolve [90m(file:///C:/Users/bigey/Documents/Anti
gravity/L2C/[39mnode_modules/[4m.pnpm[24m/@vitest+mocker@4.0.16_vite@_4af44c
47a4ff6d3d16319578fd662d3a/node_modules/[4m@vitest/mocker[24m/dist/chunk-regi
stry.js:161:27[90m)[39m
      at VitestMocker.callFunctionMock [90m(file:///C:/Users/bigey/Documents/A
ntigravity/L2C/[39mnode_modules/[4m.pnpm[24m/vitest@4.0.16_@types+node@2_62e
b78d569462eac68b0f0f0e86903d8/node_modules/[4mvitest[24m/dist/chunks/startMod
uleRunner.DpqpB8k3.js:376:32[90m)[39m
      at [90mfile:///C:/Users/bigey/Documents/Antigravity/L2C/[39mnode_module
s/[4m.pnpm[24m/vitest@4.0.16_@types+node@2_62eb78d569462eac68b0f0f0e86903d8/n
ode_modules/[4mvitest[24m/dist/chunks/startModuleRunner.DpqpB8k3.js:497:23
      at Traces.$ [90m(file:///C:/Users/bigey/Documents/Antigravity/L2C/[39mn
ode_modules/[4m.pnpm[24m/vitest@4.0.16_@types+node@2_62eb78d569462eac68b0f0f0
e86903d8/node_modules/[4mvitest[24m/dist/chunks/traces.U4xDYhzZ.js:115:27[90
m)[39m
      at VitestMocker.requestWithMockedModule [90m(file:///C:/Users/bigey/Docu
ments/Antigravity/L2C/[39mnode_modules/[4m.pnpm[24m/vitest@4.0.16_@types+nod
e@2_62eb78d569462eac68b0f0f0e86903d8/node_modules/[4mvitest[24m/dist/chunks/s
tartModuleRunner.DpqpB8k3.js:462:21[90m)[39m
      at VitestMocker.mockedRequest [90m(file:///C:/Users/bigey/Documents/Anti
gravity/L2C/[39mnode_modules/[4m.pnpm[24m/vitest@4.0.16_@types+node@2_62eb78
d569462eac68b0f0f0e86903d8/node_modules/[4mvitest[24m/dist/chunks/startModule
Runner.DpqpB8k3.js:512:15[90m)[39m
      at VitestModuleRunner.cachedRequest [90m(file:///C:/Users/bigey/Document
s/Antigravity/L2C/[39mnode_modules/[4m.pnpm[24m/vitest@4.0.16_@types+node@2_
62eb78d569462eac68b0f0f0e86903d8/node_modules/[4mvitest[24m/dist/chunks/start
ModuleRunner.DpqpB8k3.js:664:35[90m)[39m
      at request [90m(file:///C:/Users/bigey/Documents/Antigravity/L2C/[39mno
de_modules/[4m.pnpm[24m/vite@7.3.0_@types+node@20.1_624f807ef5f716bedfb98ce66
5656766/node_modules/[4mvite[24m/dist/node/module-runner.js:1104:76[90m)[39
m
}

[90mstderr[2m | src/features/supply-chain/__tests__/po-lifecycle.test.ts[2m 
> [22m[2mPO Lifecycle[2m > [22m[2mshould create a PO in DRAFT status
[22m[39mServer Action Error: Error: [vitest] No "systemLogs" export is define
d on the "@/shared/api/schema" mock. Did you forget to return it from "vi.mock"
?
If you need to partially mock a module, you can use "importOriginal" helper ins
ide:

    at VitestMocker.createError [90m(file:///C:/Users/bigey/Documents/Antigrav
ity/L2C/[39mnode_modules/[4m.pnpm[24m/vitest@4.0.16_@types+node@2_62eb78d569
462eac68b0f0f0e86903d8/node_modules/[4mvitest[24m/dist/chunks/startModuleRunn
er.DpqpB8k3.js:311:17[90m)[39m
    at Object.get [90m(file:///C:/Users/bigey/Documents/Antigravity/L2C/[39mn
ode_modules/[4m.pnpm[24m/vitest@4.0.16_@types+node@2_62eb78d569462eac68b0f0f0
e86903d8/node_modules/[4mvitest[24m/dist/chunks/startModuleRunner.DpqpB8k3.js
:384:16[90m)[39m
    at C:/Users/bigey/Documents/Antigravity/L2C/src/features/supply-chain/actio
ns.ts:264:25
[90m    at processTicksAndRejections (node:internal/process/task_queues:105:5)
[39m
    at Object.<anonymous> (C:/Users/bigey/Documents/Antigravity/L2C/src/feature
s/supply-chain/__tests__/po-lifecycle.test.ts:50:69) {
  codeFrame: [32m'vi.mock(import("@/shared/api/schema"), async (importOriginal
) => {\n'[39m +
    [32m'  const actual = await importOriginal()\n'[39m +
    [32m'  return {\n'[39m +
    [32m'    ...actual,\n'[39m +
    [32m'    // your mocked methods\n'[39m +
    [32m'  }\n'[39m +
    [32m'})'[39m
}

[90mstderr[2m | src/features/supply-chain/__tests__/po-lifecycle.test.ts[2m 
> [22m[2mPO Lifecycle[2m > [22m[2mshould create a PO in DRAFT status
[22m[39mCreatePO Failed: {
  "success": false,
  "error": "[vitest] No \"systemLogs\" export is defined on the \"@/shared/api/
schema\" mock. Did you forget to return it from \"vi.mock\"?\nIf you need to pa
rtially mock a module, you can use \"importOriginal\" helper inside:\n",
  "timestamp": 1767677428909
}

[90mstderr[2m | src/features/supply-chain/__tests__/po-lifecycle.test.ts[2m 
> [22m[2mPO Lifecycle[2m > [22m[2mshould receive PO and trigger AP creatio
n
[22m[39mServer Action Error: Error: [vitest] No "systemLogs" export is define
d on the "@/shared/api/schema" mock. Did you forget to return it from "vi.mock"
?
If you need to partially mock a module, you can use "importOriginal" helper ins
ide:

    at VitestMocker.createError [90m(file:///C:/Users/bigey/Documents/Antigrav
ity/L2C/[39mnode_modules/[4m.pnpm[24m/vitest@4.0.16_@types+node@2_62eb78d569
462eac68b0f0f0e86903d8/node_modules/[4mvitest[24m/dist/chunks/startModuleRunn
er.DpqpB8k3.js:311:17[90m)[39m
    at Object.get [90m(file:///C:/Users/bigey/Documents/Antigravity/L2C/[39mn
ode_modules/[4m.pnpm[24m/vitest@4.0.16_@types+node@2_62eb78d569462eac68b0f0f0
e86903d8/node_modules/[4mvitest[24m/dist/chunks/startModuleRunner.DpqpB8k3.js
:384:16[90m)[39m
    at C:/Users/bigey/Documents/Antigravity/L2C/src/features/supply-chain/actio
ns.ts:368:25
[90m    at processTicksAndRejections (node:internal/process/task_queues:105:5)
[39m
    at Object.<anonymous> (C:/Users/bigey/Documents/Antigravity/L2C/src/feature
s/supply-chain/__tests__/po-lifecycle.test.ts:50:69) {
  codeFrame: [32m'vi.mock(import("@/shared/api/schema"), async (importOriginal
) => {\n'[39m +
    [32m'  const actual = await importOriginal()\n'[39m +
    [32m'  return {\n'[39m +
    [32m'    ...actual,\n'[39m +
    [32m'    // your mocked methods\n'[39m +
    [32m'  }\n'[39m +
    [32m'})'[39m
}

[90mstderr[2m | src/features/after-sales/__tests__/actions.test.ts[2m > [22
m[2mAfter-sales Server Actions[2m > [22m[2mcreateTicket[2m > [22m[2mshou
ld create a ticket successfully when customer exists
[22m[39mServer Action Error: Error: [vitest] There was an error when mocking 
a module. If you are using "vi.mock" factory, make sure there are no top level 
variables inside, since this call is hoisted to top of the file. Read more: htt
ps://vitest.dev/api/vi.html#vi-mock
    at ManualMockedModule.resolve [90m(file:///C:/Users/bigey/Documents/Antigr
avity/L2C/[39mnode_modules/[4m.pnpm[24m/@vitest+mocker@4.0.16_vite@_4af44c47
a4ff6d3d16319578fd662d3a/node_modules/[4m@vitest/mocker[24m/dist/chunk-regist
ry.js:163:24[90m)[39m
    at VitestMocker.callFunctionMock [90m(file:///C:/Users/bigey/Documents/Ant
igravity/L2C/[39mnode_modules/[4m.pnpm[24m/vitest@4.0.16_@types+node@2_62eb7
8d569462eac68b0f0f0e86903d8/node_modules/[4mvitest[24m/dist/chunks/startModul
eRunner.DpqpB8k3.js:376:32[90m)[39m
[90m    ... 5 lines matching cause stack trace ...[39m
    at request [90m(file:///C:/Users/bigey/Documents/Antigravity/L2C/[39mnode
_modules/[4m.pnpm[24m/vite@7.3.0_@types+node@20.1_624f807ef5f716bedfb98ce6656
56766/node_modules/[4mvite[24m/dist/node/module-runner.js:1104:76[90m)[39m
[90m    at processTicksAndRejections (node:internal/process/task_queues:105:5)
[39m
    at Module.<anonymous> (C:/Users/bigey/Documents/Antigravity/L2C/src/shared/
lib/server-action.ts:36:30) {
  cause: ReferenceError: session is not defined
      at C:/Users/bigey/Documents/Antigravity/L2C/src/test/helpers.ts:57:41
      at ManualMockedModule.factory [90m(file:///C:/Users/bigey/Documents/Anti
gravity/L2C/[39mnode_modules/[4m.pnpm[24m/vitest@4.0.16_@types+node@2_62eb78
d569462eac68b0f0f0e86903d8/node_modules/[4mvitest[24m/dist/chunks/vi.2VT5v0um
.js:3807:78[90m)[39m
      at ManualMockedModule.resolve [90m(file:///C:/Users/bigey/Documents/Anti
gravity/L2C/[39mnode_modules/[4m.pnpm[24m/@vitest+mocker@4.0.16_vite@_4af44c
47a4ff6d3d16319578fd662d3a/node_modules/[4m@vitest/mocker[24m/dist/chunk-regi
stry.js:161:27[90m)[39m
      at VitestMocker.callFunctionMock [90m(file:///C:/Users/bigey/Documents/A
ntigravity/L2C/[39mnode_modules/[4m.pnpm[24m/vitest@4.0.16_@types+node@2_62e
b78d569462eac68b0f0f0e86903d8/node_modules/[4mvitest[24m/dist/chunks/startMod
uleRunner.DpqpB8k3.js:376:32[90m)[39m
      at [90mfile:///C:/Users/bigey/Documents/Antigravity/L2C/[39mnode_module
s/[4m.pnpm[24m/vitest@4.0.16_@types+node@2_62eb78d569462eac68b0f0f0e86903d8/n
ode_modules/[4mvitest[24m/dist/chunks/startModuleRunner.DpqpB8k3.js:497:23
      at Traces.$ [90m(file:///C:/Users/bigey/Documents/Antigravity/L2C/[39mn
ode_modules/[4m.pnpm[24m/vitest@4.0.16_@types+node@2_62eb78d569462eac68b0f0f0
e86903d8/node_modules/[4mvitest[24m/dist/chunks/traces.U4xDYhzZ.js:115:27[90
m)[39m
      at VitestMocker.requestWithMockedModule [90m(file:///C:/Users/bigey/Docu
ments/Antigravity/L2C/[39mnode_modules/[4m.pnpm[24m/vitest@4.0.16_@types+nod
e@2_62eb78d569462eac68b0f0f0e86903d8/node_modules/[4mvitest[24m/dist/chunks/s
tartModuleRunner.DpqpB8k3.js:462:21[90m)[39m
      at VitestMocker.mockedRequest [90m(file:///C:/Users/bigey/Documents/Anti
gravity/L2C/[39mnode_modules/[4m.pnpm[24m/vitest@4.0.16_@types+node@2_62eb78
d569462eac68b0f0f0e86903d8/node_modules/[4mvitest[24m/dist/chunks/startModule
Runner.DpqpB8k3.js:512:15[90m)[39m
      at VitestModuleRunner.cachedRequest [90m(file:///C:/Users/bigey/Document
s/Antigravity/L2C/[39mnode_modules/[4m.pnpm[24m/vitest@4.0.16_@types+node@2_
62eb78d569462eac68b0f0f0e86903d8/node_modules/[4mvitest[24m/dist/chunks/start
ModuleRunner.DpqpB8k3.js:664:35[90m)[39m
      at request [90m(file:///C:/Users/bigey/Documents/Antigravity/L2C/[39mno
de_modules/[4m.pnpm[24m/vite@7.3.0_@types+node@20.1_624f807ef5f716bedfb98ce66
5656766/node_modules/[4mvite[24m/dist/node/module-runner.js:1104:76[90m)[39
m
}

[90mstderr[2m | src/features/customers/__tests__/actions.test.ts[2m > [22m
[2mCustomers Server Actions[2m > [22m[2mcreateCustomer[2m > [22m[2mshould
 return error when phone already exists
[22m[39mServer Action Error: Error: [vitest] There was an error when mocking 
a module. If you are using "vi.mock" factory, make sure there are no top level 
variables inside, since this call is hoisted to top of the file. Read more: htt
ps://vitest.dev/api/vi.html#vi-mock
    at ManualMockedModule.resolve [90m(file:///C:/Users/bigey/Documents/Antigr
avity/L2C/[39mnode_modules/[4m.pnpm[24m/@vitest+mocker@4.0.16_vite@_4af44c47
a4ff6d3d16319578fd662d3a/node_modules/[4m@vitest/mocker[24m/dist/chunk-regist
ry.js:163:24[90m)[39m
    at VitestMocker.callFunctionMock [90m(file:///C:/Users/bigey/Documents/Ant
igravity/L2C/[39mnode_modules/[4m.pnpm[24m/vitest@4.0.16_@types+node@2_62eb7
8d569462eac68b0f0f0e86903d8/node_modules/[4mvitest[24m/dist/chunks/startModul
eRunner.DpqpB8k3.js:376:32[90m)[39m
[90m    ... 5 lines matching cause stack trace ...[39m
    at request [90m(file:///C:/Users/bigey/Documents/Antigravity/L2C/[39mnode
_modules/[4m.pnpm[24m/vite@7.3.0_@types+node@20.1_624f807ef5f716bedfb98ce6656
56766/node_modules/[4mvite[24m/dist/node/module-runner.js:1104:76[90m)[39m
[90m    at processTicksAndRejections (node:internal/process/task_queues:105:5)
[39m
    at Module.<anonymous> (C:/Users/bigey/Documents/Antigravity/L2C/src/shared/
lib/server-action.ts:36:30) {
  cause: ReferenceError: session is not defined
      at C:/Users/bigey/Documents/Antigravity/L2C/src/test/helpers.ts:57:41
      at ManualMockedModule.factory [90m(file:///C:/Users/bigey/Documents/Anti
gravity/L2C/[39mnode_modules/[4m.pnpm[24m/vitest@4.0.16_@types+node@2_62eb78
d569462eac68b0f0f0e86903d8/node_modules/[4mvitest[24m/dist/chunks/vi.2VT5v0um
.js:3807:78[90m)[39m
      at ManualMockedModule.resolve [90m(file:///C:/Users/bigey/Documents/Anti
gravity/L2C/[39mnode_modules/[4m.pnpm[24m/@vitest+mocker@4.0.16_vite@_4af44c
47a4ff6d3d16319578fd662d3a/node_modules/[4m@vitest/mocker[24m/dist/chunk-regi
stry.js:161:27[90m)[39m
      at VitestMocker.callFunctionMock [90m(file:///C:/Users/bigey/Documents/A
ntigravity/L2C/[39mnode_modules/[4m.pnpm[24m/vitest@4.0.16_@types+node@2_62e
b78d569462eac68b0f0f0e86903d8/node_modules/[4mvitest[24m/dist/chunks/startMod
uleRunner.DpqpB8k3.js:376:32[90m)[39m
      at [90mfile:///C:/Users/bigey/Documents/Antigravity/L2C/[39mnode_module
s/[4m.pnpm[24m/vitest@4.0.16_@types+node@2_62eb78d569462eac68b0f0f0e86903d8/n
ode_modules/[4mvitest[24m/dist/chunks/startModuleRunner.DpqpB8k3.js:497:23
      at Traces.$ [90m(file:///C:/Users/bigey/Documents/Antigravity/L2C/[39mn
ode_modules/[4m.pnpm[24m/vitest@4.0.16_@types+node@2_62eb78d569462eac68b0f0f0
e86903d8/node_modules/[4mvitest[24m/dist/chunks/traces.U4xDYhzZ.js:115:27[90
m)[39m
      at VitestMocker.requestWithMockedModule [90m(file:///C:/Users/bigey/Docu
ments/Antigravity/L2C/[39mnode_modules/[4m.pnpm[24m/vitest@4.0.16_@types+nod
e@2_62eb78d569462eac68b0f0f0e86903d8/node_modules/[4mvitest[24m/dist/chunks/s
tartModuleRunner.DpqpB8k3.js:462:21[90m)[39m
      at VitestMocker.mockedRequest [90m(file:///C:/Users/bigey/Documents/Anti
gravity/L2C/[39mnode_modules/[4m.pnpm[24m/vitest@4.0.16_@types+node@2_62eb78
d569462eac68b0f0f0e86903d8/node_modules/[4mvitest[24m/dist/chunks/startModule
Runner.DpqpB8k3.js:512:15[90m)[39m
      at VitestModuleRunner.cachedRequest [90m(file:///C:/Users/bigey/Document
s/Antigravity/L2C/[39mnode_modules/[4m.pnpm[24m/vitest@4.0.16_@types+node@2_
62eb78d569462eac68b0f0f0e86903d8/node_modules/[4mvitest[24m/dist/chunks/start
ModuleRunner.DpqpB8k3.js:664:35[90m)[39m
      at request [90m(file:///C:/Users/bigey/Documents/Antigravity/L2C/[39mno
de_modules/[4m.pnpm[24m/vite@7.3.0_@types+node@20.1_624f807ef5f716bedfb98ce66
5656766/node_modules/[4mvite[24m/dist/node/module-runner.js:1104:76[90m)[39
m
}

 [31m鉂?[39m src/features/supply-chain/__tests__/po-lifecycle.test.ts [2m([22m[2m3 tests[22m[2m | [22m[31m2 failed[39m[2m)[22m[32m 22[2mms[22m[39m
[31m     [31m脳[31m should create a PO in DRAFT status[39m[32m 17[2mms[22m[39m
[31m     [31m脳[31m should receive PO and trigger AP creation[39m[32m 2[2mms[22m[39m
     [32m鉁?[39m should NOT receive PO if not in correct status[32m 1[2mms[22m[39m
[90mstderr[2m | src/features/customers/__tests__/actions.test.ts[2m > [22m
[2mCustomers Server Actions[2m > [22m[2mcreateCustomer[2m > [22m[2mshould
 throw validation error for empty name
[22m[39mServer Action Error: Error: [vitest] There was an error when mocking 
a module. If you are using "vi.mock" factory, make sure there are no top level 
variables inside, since this call is hoisted to top of the file. Read more: htt
ps://vitest.dev/api/vi.html#vi-mock
    at ManualMockedModule.resolve [90m(file:///C:/Users/bigey/Documents/Antigr
avity/L2C/[39mnode_modules/[4m.pnpm[24m/@vitest+mocker@4.0.16_vite@_4af44c47
a4ff6d3d16319578fd662d3a/node_modules/[4m@vitest/mocker[24m/dist/chunk-regist
ry.js:163:24[90m)[39m
    at VitestMocker.callFunctionMock [90m(file:///C:/Users/bigey/Documents/Ant
igravity/L2C/[39mnode_modules/[4m.pnpm[24m/vitest@4.0.16_@types+node@2_62eb7
8d569462eac68b0f0f0e86903d8/node_modules/[4mvitest[24m/dist/chunks/startModul
eRunner.DpqpB8k3.js:376:32[90m)[39m
[90m    ... 5 lines matching cause stack trace ...[39m
    at request [90m(file:///C:/Users/bigey/Documents/Antigravity/L2C/[39mnode
_modules/[4m.pnpm[24m/vite@7.3.0_@types+node@20.1_624f807ef5f716bedfb98ce6656
56766/node_modules/[4mvite[24m/dist/node/module-runner.js:1104:76[90m)[39m
[90m    at processTicksAndRejections (node:internal/process/task_queues:105:5)
[39m
    at Module.<anonymous> (C:/Users/bigey/Documents/Antigravity/L2C/src/shared/
lib/server-action.ts:36:30) {
  cause: ReferenceError: session is not defined
      at C:/Users/bigey/Documents/Antigravity/L2C/src/test/helpers.ts:57:41
      at ManualMockedModule.factory [90m(file:///C:/Users/bigey/Documents/Anti
gravity/L2C/[39mnode_modules/[4m.pnpm[24m/vitest@4.0.16_@types+node@2_62eb78
d569462eac68b0f0f0e86903d8/node_modules/[4mvitest[24m/dist/chunks/vi.2VT5v0um
.js:3807:78[90m)[39m
      at ManualMockedModule.resolve [90m(file:///C:/Users/bigey/Documents/Anti
gravity/L2C/[39mnode_modules/[4m.pnpm[24m/@vitest+mocker@4.0.16_vite@_4af44c
47a4ff6d3d16319578fd662d3a/node_modules/[4m@vitest/mocker[24m/dist/chunk-regi
stry.js:161:27[90m)[39m
      at VitestMocker.callFunctionMock [90m(file:///C:/Users/bigey/Documents/A
ntigravity/L2C/[39mnode_modules/[4m.pnpm[24m/vitest@4.0.16_@types+node@2_62e
b78d569462eac68b0f0f0e86903d8/node_modules/[4mvitest[24m/dist/chunks/startMod
uleRunner.DpqpB8k3.js:376:32[90m)[39m
      at [90mfile:///C:/Users/bigey/Documents/Antigravity/L2C/[39mnode_module
s/[4m.pnpm[24m/vitest@4.0.16_@types+node@2_62eb78d569462eac68b0f0f0e86903d8/n
ode_modules/[4mvitest[24m/dist/chunks/startModuleRunner.DpqpB8k3.js:497:23
      at Traces.$ [90m(file:///C:/Users/bigey/Documents/Antigravity/L2C/[39mn
ode_modules/[4m.pnpm[24m/vitest@4.0.16_@types+node@2_62eb78d569462eac68b0f0f0
e86903d8/node_modules/[4mvitest[24m/dist/chunks/traces.U4xDYhzZ.js:115:27[90
m)[39m
      at VitestMocker.requestWithMockedModule [90m(file:///C:/Users/bigey/Docu
ments/Antigravity/L2C/[39mnode_modules/[4m.pnpm[24m/vitest@4.0.16_@types+nod
e@2_62eb78d569462eac68b0f0f0e86903d8/node_modules/[4mvitest[24m/dist/chunks/s
tartModuleRunner.DpqpB8k3.js:462:21[90m)[39m
      at VitestMocker.mockedRequest [90m(file:///C:/Users/bigey/Documents/Anti
gravity/L2C/[39mnode_modules/[4m.pnpm[24m/vitest@4.0.16_@types+node@2_62eb78
d569462eac68b0f0f0e86903d8/node_modules/[4mvitest[24m/dist/chunks/startModule
Runner.DpqpB8k3.js:512:15[90m)[39m
      at VitestModuleRunner.cachedRequest [90m(file:///C:/Users/bigey/Document
s/Antigravity/L2C/[39mnode_modules/[4m.pnpm[24m/vitest@4.0.16_@types+node@2_
62eb78d569462eac68b0f0f0e86903d8/node_modules/[4mvitest[24m/dist/chunks/start
ModuleRunner.DpqpB8k3.js:664:35[90m)[39m
      at request [90m(file:///C:/Users/bigey/Documents/Antigravity/L2C/[39mno
de_modules/[4m.pnpm[24m/vite@7.3.0_@types+node@20.1_624f807ef5f716bedfb98ce66
5656766/node_modules/[4mvite[24m/dist/node/module-runner.js:1104:76[90m)[39
m
}

[90mstderr[2m | src/features/customers/__tests__/actions.test.ts[2m > [22m
[2mCustomers Server Actions[2m > [22m[2mgetCustomers[2m > [22m[2mshould r
eturn paginated customers
[22m[39mServer Action Error: Error: [vitest] There was an error when mocking 
a module. If you are using "vi.mock" factory, make sure there are no top level 
variables inside, since this call is hoisted to top of the file. Read more: htt
ps://vitest.dev/api/vi.html#vi-mock
    at ManualMockedModule.resolve [90m(file:///C:/Users/bigey/Documents/Antigr
avity/L2C/[39mnode_modules/[4m.pnpm[24m/@vitest+mocker@4.0.16_vite@_4af44c47
a4ff6d3d16319578fd662d3a/node_modules/[4m@vitest/mocker[24m/dist/chunk-regist
ry.js:163:24[90m)[39m
    at VitestMocker.callFunctionMock [90m(file:///C:/Users/bigey/Documents/Ant
igravity/L2C/[39mnode_modules/[4m.pnpm[24m/vitest@4.0.16_@types+node@2_62eb7
8d569462eac68b0f0f0e86903d8/node_modules/[4mvitest[24m/dist/chunks/startModul
eRunner.DpqpB8k3.js:376:32[90m)[39m
[90m    ... 5 lines matching cause stack trace ...[39m
    at request [90m(file:///C:/Users/bigey/Documents/Antigravity/L2C/[39mnode
_modules/[4m.pnpm[24m/vite@7.3.0_@types+node@20.1_624f807ef5f716bedfb98ce6656
56766/node_modules/[4mvite[24m/dist/node/module-runner.js:1104:76[90m)[39m
[90m    at processTicksAndRejections (node:internal/process/task_queues:105:5)
[39m
    at Module.<anonymous> (C:/Users/bigey/Documents/Antigravity/L2C/src/shared/
lib/server-action.ts:36:30) {
  cause: ReferenceError: session is not defined
      at C:/Users/bigey/Documents/Antigravity/L2C/src/test/helpers.ts:57:41
      at ManualMockedModule.factory [90m(file:///C:/Users/bigey/Documents/Anti
gravity/L2C/[39mnode_modules/[4m.pnpm[24m/vitest@4.0.16_@types+node@2_62eb78
d569462eac68b0f0f0e86903d8/node_modules/[4mvitest[24m/dist/chunks/vi.2VT5v0um
.js:3807:78[90m)[39m
      at ManualMockedModule.resolve [90m(file:///C:/Users/bigey/Documents/Anti
gravity/L2C/[39mnode_modules/[4m.pnpm[24m/@vitest+mocker@4.0.16_vite@_4af44c
47a4ff6d3d16319578fd662d3a/node_modules/[4m@vitest/mocker[24m/dist/chunk-regi
stry.js:161:27[90m)[39m
      at VitestMocker.callFunctionMock [90m(file:///C:/Users/bigey/Documents/A
ntigravity/L2C/[39mnode_modules/[4m.pnpm[24m/vitest@4.0.16_@types+node@2_62e
b78d569462eac68b0f0f0e86903d8/node_modules/[4mvitest[24m/dist/chunks/startMod
uleRunner.DpqpB8k3.js:376:32[90m)[39m
      at [90mfile:///C:/Users/bigey/Documents/Antigravity/L2C/[39mnode_module
s/[4m.pnpm[24m/vitest@4.0.16_@types+node@2_62eb78d569462eac68b0f0f0e86903d8/n
ode_modules/[4mvitest[24m/dist/chunks/startModuleRunner.DpqpB8k3.js:497:23
      at Traces.$ [90m(file:///C:/Users/bigey/Documents/Antigravity/L2C/[39mn
ode_modules/[4m.pnpm[24m/vitest@4.0.16_@types+node@2_62eb78d569462eac68b0f0f0
e86903d8/node_modules/[4mvitest[24m/dist/chunks/traces.U4xDYhzZ.js:115:27[90
m)[39m
      at VitestMocker.requestWithMockedModule [90m(file:///C:/Users/bigey/Docu
ments/Antigravity/L2C/[39mnode_modules/[4m.pnpm[24m/vitest@4.0.16_@types+nod
e@2_62eb78d569462eac68b0f0f0e86903d8/node_modules/[4mvitest[24m/dist/chunks/s
tartModuleRunner.DpqpB8k3.js:462:21[90m)[39m
      at VitestMocker.mockedRequest [90m(file:///C:/Users/bigey/Documents/Anti
gravity/L2C/[39mnode_modules/[4m.pnpm[24m/vitest@4.0.16_@types+node@2_62eb78
d569462eac68b0f0f0e86903d8/node_modules/[4mvitest[24m/dist/chunks/startModule
Runner.DpqpB8k3.js:512:15[90m)[39m
      at VitestModuleRunner.cachedRequest [90m(file:///C:/Users/bigey/Document
s/Antigravity/L2C/[39mnode_modules/[4m.pnpm[24m/vitest@4.0.16_@types+node@2_
62eb78d569462eac68b0f0f0e86903d8/node_modules/[4mvitest[24m/dist/chunks/start
ModuleRunner.DpqpB8k3.js:664:35[90m)[39m
      at request [90m(file:///C:/Users/bigey/Documents/Antigravity/L2C/[39mno
de_modules/[4m.pnpm[24m/vite@7.3.0_@types+node@20.1_624f807ef5f716bedfb98ce66
5656766/node_modules/[4mvite[24m/dist/node/module-runner.js:1104:76[90m)[39
m
}

[90mstderr[2m | src/features/after-sales/__tests__/actions.test.ts[2m > [22
m[2mAfter-sales Server Actions[2m > [22m[2mcreateTicket[2m > [22m[2mshou
ld throw error when customer does not exist
[22m[39mServer Action Error: Error: [vitest] There was an error when mocking 
a module. If you are using "vi.mock" factory, make sure there are no top level 
variables inside, since this call is hoisted to top of the file. Read more: htt
ps://vitest.dev/api/vi.html#vi-mock
    at ManualMockedModule.resolve [90m(file:///C:/Users/bigey/Documents/Antigr
avity/L2C/[39mnode_modules/[4m.pnpm[24m/@vitest+mocker@4.0.16_vite@_4af44c47
a4ff6d3d16319578fd662d3a/node_modules/[4m@vitest/mocker[24m/dist/chunk-regist
ry.js:163:24[90m)[39m
    at VitestMocker.callFunctionMock [90m(file:///C:/Users/bigey/Documents/Ant
igravity/L2C/[39mnode_modules/[4m.pnpm[24m/vitest@4.0.16_@types+node@2_62eb7
8d569462eac68b0f0f0e86903d8/node_modules/[4mvitest[24m/dist/chunks/startModul
eRunner.DpqpB8k3.js:376:32[90m)[39m
[90m    ... 5 lines matching cause stack trace ...[39m
    at request [90m(file:///C:/Users/bigey/Documents/Antigravity/L2C/[39mnode
_modules/[4m.pnpm[24m/vite@7.3.0_@types+node@20.1_624f807ef5f716bedfb98ce6656
56766/node_modules/[4mvite[24m/dist/node/module-runner.js:1104:76[90m)[39m
[90m    at processTicksAndRejections (node:internal/process/task_queues:105:5)
[39m
    at Module.<anonymous> (C:/Users/bigey/Documents/Antigravity/L2C/src/shared/
lib/server-action.ts:36:30) {
  cause: ReferenceError: session is not defined
      at C:/Users/bigey/Documents/Antigravity/L2C/src/test/helpers.ts:57:41
      at ManualMockedModule.factory [90m(file:///C:/Users/bigey/Documents/Anti
gravity/L2C/[39mnode_modules/[4m.pnpm[24m/vitest@4.0.16_@types+node@2_62eb78
d569462eac68b0f0f0e86903d8/node_modules/[4mvitest[24m/dist/chunks/vi.2VT5v0um
.js:3807:78[90m)[39m
      at ManualMockedModule.resolve [90m(file:///C:/Users/bigey/Documents/Anti
gravity/L2C/[39mnode_modules/[4m.pnpm[24m/@vitest+mocker@4.0.16_vite@_4af44c
47a4ff6d3d16319578fd662d3a/node_modules/[4m@vitest/mocker[24m/dist/chunk-regi
stry.js:161:27[90m)[39m
      at VitestMocker.callFunctionMock [90m(file:///C:/Users/bigey/Documents/A
ntigravity/L2C/[39mnode_modules/[4m.pnpm[24m/vitest@4.0.16_@types+node@2_62e
b78d569462eac68b0f0f0e86903d8/node_modules/[4mvitest[24m/dist/chunks/startMod
uleRunner.DpqpB8k3.js:376:32[90m)[39m
      at [90mfile:///C:/Users/bigey/Documents/Antigravity/L2C/[39mnode_module
s/[4m.pnpm[24m/vitest@4.0.16_@types+node@2_62eb78d569462eac68b0f0f0e86903d8/n
ode_modules/[4mvitest[24m/dist/chunks/startModuleRunner.DpqpB8k3.js:497:23
      at Traces.$ [90m(file:///C:/Users/bigey/Documents/Antigravity/L2C/[39mn
ode_modules/[4m.pnpm[24m/vitest@4.0.16_@types+node@2_62eb78d569462eac68b0f0f0
e86903d8/node_modules/[4mvitest[24m/dist/chunks/traces.U4xDYhzZ.js:115:27[90
m)[39m
      at VitestMocker.requestWithMockedModule [90m(file:///C:/Users/bigey/Docu
ments/Antigravity/L2C/[39mnode_modules/[4m.pnpm[24m/vitest@4.0.16_@types+nod
e@2_62eb78d569462eac68b0f0f0e86903d8/node_modules/[4mvitest[24m/dist/chunks/s
tartModuleRunner.DpqpB8k3.js:462:21[90m)[39m
      at VitestMocker.mockedRequest [90m(file:///C:/Users/bigey/Documents/Anti
gravity/L2C/[39mnode_modules/[4m.pnpm[24m/vitest@4.0.16_@types+node@2_62eb78
d569462eac68b0f0f0e86903d8/node_modules/[4mvitest[24m/dist/chunks/startModule
Runner.DpqpB8k3.js:512:15[90m)[39m
      at VitestModuleRunner.cachedRequest [90m(file:///C:/Users/bigey/Document
s/Antigravity/L2C/[39mnode_modules/[4m.pnpm[24m/vitest@4.0.16_@types+node@2_
62eb78d569462eac68b0f0f0e86903d8/node_modules/[4mvitest[24m/dist/chunks/start
ModuleRunner.DpqpB8k3.js:664:35[90m)[39m
      at request [90m(file:///C:/Users/bigey/Documents/Antigravity/L2C/[39mno
de_modules/[4m.pnpm[24m/vite@7.3.0_@types+node@20.1_624f807ef5f716bedfb98ce66
5656766/node_modules/[4mvite[24m/dist/node/module-runner.js:1104:76[90m)[39
m
}

 [32m鉁?[39m src/features/supply-chain/__tests__/po-completion.test.ts [2m([22m[2m15 tests[22m[2m)[22m[32m 19[2mms[22m[39m
[90mstderr[2m | src/features/customers/__tests__/actions.test.ts[2m > [22m
[2mCustomers Server Actions[2m > [22m[2mgetCustomers[2m > [22m[2mshould a
pply level filter correctly
[22m[39mServer Action Error: Error: [vitest] There was an error when mocking 
a module. If you are using "vi.mock" factory, make sure there are no top level 
variables inside, since this call is hoisted to top of the file. Read more: htt
ps://vitest.dev/api/vi.html#vi-mock
    at ManualMockedModule.resolve [90m(file:///C:/Users/bigey/Documents/Antigr
avity/L2C/[39mnode_modules/[4m.pnpm[24m/@vitest+mocker@4.0.16_vite@_4af44c47
a4ff6d3d16319578fd662d3a/node_modules/[4m@vitest/mocker[24m/dist/chunk-regist
ry.js:163:24[90m)[39m
    at VitestMocker.callFunctionMock [90m(file:///C:/Users/bigey/Documents/Ant
igravity/L2C/[39mnode_modules/[4m.pnpm[24m/vitest@4.0.16_@types+node@2_62eb7
8d569462eac68b0f0f0e86903d8/node_modules/[4mvitest[24m/dist/chunks/startModul
eRunner.DpqpB8k3.js:376:32[90m)[39m
[90m    ... 5 lines matching cause stack trace ...[39m
    at request [90m(file:///C:/Users/bigey/Documents/Antigravity/L2C/[39mnode
_modules/[4m.pnpm[24m/vite@7.3.0_@types+node@20.1_624f807ef5f716bedfb98ce6656
56766/node_modules/[4mvite[24m/dist/node/module-runner.js:1104:76[90m)[39m
[90m    at processTicksAndRejections (node:internal/process/task_queues:105:5)
[39m
    at Module.<anonymous> (C:/Users/bigey/Documents/Antigravity/L2C/src/shared/
lib/server-action.ts:36:30) {
  cause: ReferenceError: session is not defined
      at C:/Users/bigey/Documents/Antigravity/L2C/src/test/helpers.ts:57:41
      at ManualMockedModule.factory [90m(file:///C:/Users/bigey/Documents/Anti
gravity/L2C/[39mnode_modules/[4m.pnpm[24m/vitest@4.0.16_@types+node@2_62eb78
d569462eac68b0f0f0e86903d8/node_modules/[4mvitest[24m/dist/chunks/vi.2VT5v0um
.js:3807:78[90m)[39m
      at ManualMockedModule.resolve [90m(file:///C:/Users/bigey/Documents/Anti
gravity/L2C/[39mnode_modules/[4m.pnpm[24m/@vitest+mocker@4.0.16_vite@_4af44c
47a4ff6d3d16319578fd662d3a/node_modules/[4m@vitest/mocker[24m/dist/chunk-regi
stry.js:161:27[90m)[39m
      at VitestMocker.callFunctionMock [90m(file:///C:/Users/bigey/Documents/A
ntigravity/L2C/[39mnode_modules/[4m.pnpm[24m/vitest@4.0.16_@types+node@2_62e
b78d569462eac68b0f0f0e86903d8/node_modules/[4mvitest[24m/dist/chunks/startMod
uleRunner.DpqpB8k3.js:376:32[90m)[39m
      at [90mfile:///C:/Users/bigey/Documents/Antigravity/L2C/[39mnode_module
s/[4m.pnpm[24m/vitest@4.0.16_@types+node@2_62eb78d569462eac68b0f0f0e86903d8/n
ode_modules/[4mvitest[24m/dist/chunks/startModuleRunner.DpqpB8k3.js:497:23
      at Traces.$ [90m(file:///C:/Users/bigey/Documents/Antigravity/L2C/[39mn
ode_modules/[4m.pnpm[24m/vitest@4.0.16_@types+node@2_62eb78d569462eac68b0f0f0
e86903d8/node_modules/[4mvitest[24m/dist/chunks/traces.U4xDYhzZ.js:115:27[90
m)[39m
      at VitestMocker.requestWithMockedModule [90m(file:///C:/Users/bigey/Docu
ments/Antigravity/L2C/[39mnode_modules/[4m.pnpm[24m/vitest@4.0.16_@types+nod
e@2_62eb78d569462eac68b0f0f0e86903d8/node_modules/[4mvitest[24m/dist/chunks/s
tartModuleRunner.DpqpB8k3.js:462:21[90m)[39m
      at VitestMocker.mockedRequest [90m(file:///C:/Users/bigey/Documents/Anti
gravity/L2C/[39mnode_modules/[4m.pnpm[24m/vitest@4.0.16_@types+node@2_62eb78
d569462eac68b0f0f0e86903d8/node_modules/[4mvitest[24m/dist/chunks/startModule
Runner.DpqpB8k3.js:512:15[90m)[39m
      at VitestModuleRunner.cachedRequest [90m(file:///C:/Users/bigey/Document
s/Antigravity/L2C/[39mnode_modules/[4m.pnpm[24m/vitest@4.0.16_@types+node@2_
62eb78d569462eac68b0f0f0e86903d8/node_modules/[4mvitest[24m/dist/chunks/start
ModuleRunner.DpqpB8k3.js:664:35[90m)[39m
      at request [90m(file:///C:/Users/bigey/Documents/Antigravity/L2C/[39mno
de_modules/[4m.pnpm[24m/vite@7.3.0_@types+node@20.1_624f807ef5f716bedfb98ce66
5656766/node_modules/[4mvite[24m/dist/node/module-runner.js:1104:76[90m)[39
m
}

[90mstderr[2m | src/features/service/measurement/__tests__/actions.test.ts[2
m > [22m[2mMeasurement Server Actions[2m > [22m[2mcreateMeasureTask[2m > 
[22m[2mshould return error when lead not found
[22m[39mServer Action Error: Error: 鏈壘鍒板叧鑱旂嚎绱㈡垨瀹㈡埛淇℃伅
    at C:/Users/bigey/Documents/Antigravity/L2C/src/features/service/measuremen
t/actions.ts:103:15
[90m    at processTicksAndRejections (node:internal/process/task_queues:105:5)
[39m
    at Module.<anonymous> (C:/Users/bigey/Documents/Antigravity/L2C/src/shared/
lib/server-action.ts:59:28)
    at C:/Users/bigey/Documents/Antigravity/L2C/src/features/service/measuremen
t/__tests__/actions.test.ts:131:28
    at [90mfile:///C:/Users/bigey/Documents/Antigravity/L2C/[39mnode_modules/
[4m.pnpm[24m/@vitest+runner@4.0.16/node_modules/[4m@vitest/runner[24m/dist/
index.js:915:20

[90mstderr[2m | src/features/service/measurement/__tests__/actions.test.ts[2
m > [22m[2mMeasurement Server Actions[2m > [22m[2mcreateMeasureTask[2m > 
[22m[2mshould return error when customer missing
[22m[39mServer Action Error: Error: 鏈壘鍒板叧鑱旂嚎绱㈡垨瀹㈡埛淇℃伅
    at C:/Users/bigey/Documents/Antigravity/L2C/src/features/service/measuremen
t/actions.ts:103:15
[90m    at processTicksAndRejections (node:internal/process/task_queues:105:5)
[39m
    at Module.<anonymous> (C:/Users/bigey/Documents/Antigravity/L2C/src/shared/
lib/server-action.ts:59:28)
    at C:/Users/bigey/Documents/Antigravity/L2C/src/features/service/measuremen
t/__tests__/actions.test.ts:145:28
    at [90mfile:///C:/Users/bigey/Documents/Antigravity/L2C/[39mnode_modules/
[4m.pnpm[24m/@vitest+runner@4.0.16/node_modules/[4m@vitest/runner[24m/dist/
index.js:915:20

[90mstderr[2m | src/features/customers/__tests__/actions.test.ts[2m > [22m
[2mCustomers Server Actions[2m > [22m[2mupdateCustomer[2m > [22m[2mshould
 update customer successfully
[22m[39mServer Action Error: Error: [vitest] There was an error when mocking 
a module. If you are using "vi.mock" factory, make sure there are no top level 
variables inside, since this call is hoisted to top of the file. Read more: htt
ps://vitest.dev/api/vi.html#vi-mock
    at ManualMockedModule.resolve [90m(file:///C:/Users/bigey/Documents/Antigr
avity/L2C/[39mnode_modules/[4m.pnpm[24m/@vitest+mocker@4.0.16_vite@_4af44c47
a4ff6d3d16319578fd662d3a/node_modules/[4m@vitest/mocker[24m/dist/chunk-regist
ry.js:163:24[90m)[39m
    at VitestMocker.callFunctionMock [90m(file:///C:/Users/bigey/Documents/Ant
igravity/L2C/[39mnode_modules/[4m.pnpm[24m/vitest@4.0.16_@types+node@2_62eb7
8d569462eac68b0f0f0e86903d8/node_modules/[4mvitest[24m/dist/chunks/startModul
eRunner.DpqpB8k3.js:376:32[90m)[39m
[90m    ... 5 lines matching cause stack trace ...[39m
    at request [90m(file:///C:/Users/bigey/Documents/Antigravity/L2C/[39mnode
_modules/[4m.pnpm[24m/vite@7.3.0_@types+node@20.1_624f807ef5f716bedfb98ce6656
56766/node_modules/[4mvite[24m/dist/node/module-runner.js:1104:76[90m)[39m
[90m    at processTicksAndRejections (node:internal/process/task_queues:105:5)
[39m
    at Module.<anonymous> (C:/Users/bigey/Documents/Antigravity/L2C/src/shared/
lib/server-action.ts:36:30) {
  cause: ReferenceError: session is not defined
      at C:/Users/bigey/Documents/Antigravity/L2C/src/test/helpers.ts:57:41
      at ManualMockedModule.factory [90m(file:///C:/Users/bigey/Documents/Anti
gravity/L2C/[39mnode_modules/[4m.pnpm[24m/vitest@4.0.16_@types+node@2_62eb78
d569462eac68b0f0f0e86903d8/node_modules/[4mvitest[24m/dist/chunks/vi.2VT5v0um
.js:3807:78[90m)[39m
      at ManualMockedModule.resolve [90m(file:///C:/Users/bigey/Documents/Anti
gravity/L2C/[39mnode_modules/[4m.pnpm[24m/@vitest+mocker@4.0.16_vite@_4af44c
47a4ff6d3d16319578fd662d3a/node_modules/[4m@vitest/mocker[24m/dist/chunk-regi
stry.js:161:27[90m)[39m
      at VitestMocker.callFunctionMock [90m(file:///C:/Users/bigey/Documents/A
ntigravity/L2C/[39mnode_modules/[4m.pnpm[24m/vitest@4.0.16_@types+node@2_62e
b78d569462eac68b0f0f0e86903d8/node_modules/[4mvitest[24m/dist/chunks/startMod
uleRunner.DpqpB8k3.js:376:32[90m)[39m
      at [90mfile:///C:/Users/bigey/Documents/Antigravity/L2C/[39mnode_module
s/[4m.pnpm[24m/vitest@4.0.16_@types+node@2_62eb78d569462eac68b0f0f0e86903d8/n
ode_modules/[4mvitest[24m/dist/chunks/startModuleRunner.DpqpB8k3.js:497:23
      at Traces.$ [90m(file:///C:/Users/bigey/Documents/Antigravity/L2C/[39mn
ode_modules/[4m.pnpm[24m/vitest@4.0.16_@types+node@2_62eb78d569462eac68b0f0f0
e86903d8/node_modules/[4mvitest[24m/dist/chunks/traces.U4xDYhzZ.js:115:27[90
m)[39m
      at VitestMocker.requestWithMockedModule [90m(file:///C:/Users/bigey/Docu
ments/Antigravity/L2C/[39mnode_modules/[4m.pnpm[24m/vitest@4.0.16_@types+nod
e@2_62eb78d569462eac68b0f0f0e86903d8/node_modules/[4mvitest[24m/dist/chunks/s
tartModuleRunner.DpqpB8k3.js:462:21[90m)[39m
      at VitestMocker.mockedRequest [90m(file:///C:/Users/bigey/Documents/Anti
gravity/L2C/[39mnode_modules/[4m.pnpm[24m/vitest@4.0.16_@types+node@2_62eb78
d569462eac68b0f0f0e86903d8/node_modules/[4mvitest[24m/dist/chunks/startModule
Runner.DpqpB8k3.js:512:15[90m)[39m
      at VitestModuleRunner.cachedRequest [90m(file:///C:/Users/bigey/Document
s/Antigravity/L2C/[39mnode_modules/[4m.pnpm[24m/vitest@4.0.16_@types+node@2_
62eb78d569462eac68b0f0f0e86903d8/node_modules/[4mvitest[24m/dist/chunks/start
ModuleRunner.DpqpB8k3.js:664:35[90m)[39m
      at request [90m(file:///C:/Users/bigey/Documents/Antigravity/L2C/[39mno
de_modules/[4m.pnpm[24m/vite@7.3.0_@types+node@20.1_624f807ef5f716bedfb98ce66
5656766/node_modules/[4mvite[24m/dist/node/module-runner.js:1104:76[90m)[39
m
}

[90mstderr[2m | src/features/customers/__tests__/actions.test.ts[2m > [22m
[2mCustomers Server Actions[2m > [22m[2mupdateCustomer[2m > [22m[2mshould
 map address to defaultAddress
[22m[39mServer Action Error: Error: [vitest] There was an error when mocking 
a module. If you are using "vi.mock" factory, make sure there are no top level 
variables inside, since this call is hoisted to top of the file. Read more: htt
ps://vitest.dev/api/vi.html#vi-mock
    at ManualMockedModule.resolve [90m(file:///C:/Users/bigey/Documents/Antigr
avity/L2C/[39mnode_modules/[4m.pnpm[24m/@vitest+mocker@4.0.16_vite@_4af44c47
a4ff6d3d16319578fd662d3a/node_modules/[4m@vitest/mocker[24m/dist/chunk-regist
ry.js:163:24[90m)[39m
    at VitestMocker.callFunctionMock [90m(file:///C:/Users/bigey/Documents/Ant
igravity/L2C/[39mnode_modules/[4m.pnpm[24m/vitest@4.0.16_@types+node@2_62eb7
8d569462eac68b0f0f0e86903d8/node_modules/[4mvitest[24m/dist/chunks/startModul
eRunner.DpqpB8k3.js:376:32[90m)[39m
[90m    ... 5 lines matching cause stack trace ...[39m
    at request [90m(file:///C:/Users/bigey/Documents/Antigravity/L2C/[39mnode
_modules/[4m.pnpm[24m/vite@7.3.0_@types+node@20.1_624f807ef5f716bedfb98ce6656
56766/node_modules/[4mvite[24m/dist/node/module-runner.js:1104:76[90m)[39m
[90m    at processTicksAndRejections (node:internal/process/task_queues:105:5)
[39m
    at Module.<anonymous> (C:/Users/bigey/Documents/Antigravity/L2C/src/shared/
lib/server-action.ts:36:30) {
  cause: ReferenceError: session is not defined
      at C:/Users/bigey/Documents/Antigravity/L2C/src/test/helpers.ts:57:41
      at ManualMockedModule.factory [90m(file:///C:/Users/bigey/Documents/Anti
gravity/L2C/[39mnode_modules/[4m.pnpm[24m/vitest@4.0.16_@types+node@2_62eb78
d569462eac68b0f0f0e86903d8/node_modules/[4mvitest[24m/dist/chunks/vi.2VT5v0um
.js:3807:78[90m)[39m
      at ManualMockedModule.resolve [90m(file:///C:/Users/bigey/Documents/Anti
gravity/L2C/[39mnode_modules/[4m.pnpm[24m/@vitest+mocker@4.0.16_vite@_4af44c
47a4ff6d3d16319578fd662d3a/node_modules/[4m@vitest/mocker[24m/dist/chunk-regi
stry.js:161:27[90m)[39m
      at VitestMocker.callFunctionMock [90m(file:///C:/Users/bigey/Documents/A
ntigravity/L2C/[39mnode_modules/[4m.pnpm[24m/vitest@4.0.16_@types+node@2_62e
b78d569462eac68b0f0f0e86903d8/node_modules/[4mvitest[24m/dist/chunks/startMod
uleRunner.DpqpB8k3.js:376:32[90m)[39m
      at [90mfile:///C:/Users/bigey/Documents/Antigravity/L2C/[39mnode_module
s/[4m.pnpm[24m/vitest@4.0.16_@types+node@2_62eb78d569462eac68b0f0f0e86903d8/n
ode_modules/[4mvitest[24m/dist/chunks/startModuleRunner.DpqpB8k3.js:497:23
      at Traces.$ [90m(file:///C:/Users/bigey/Documents/Antigravity/L2C/[39mn
ode_modules/[4m.pnpm[24m/vitest@4.0.16_@types+node@2_62eb78d569462eac68b0f0f0
e86903d8/node_modules/[4mvitest[24m/dist/chunks/traces.U4xDYhzZ.js:115:27[90
m)[39m
      at VitestMocker.requestWithMockedModule [90m(file:///C:/Users/bigey/Docu
ments/Antigravity/L2C/[39mnode_modules/[4m.pnpm[24m/vitest@4.0.16_@types+nod
e@2_62eb78d569462eac68b0f0f0e86903d8/node_modules/[4mvitest[24m/dist/chunks/s
tartModuleRunner.DpqpB8k3.js:462:21[90m)[39m
      at VitestMocker.mockedRequest [90m(file:///C:/Users/bigey/Documents/Anti
gravity/L2C/[39mnode_modules/[4m.pnpm[24m/vitest@4.0.16_@types+node@2_62eb78
d569462eac68b0f0f0e86903d8/node_modules/[4mvitest[24m/dist/chunks/startModule
Runner.DpqpB8k3.js:512:15[90m)[39m
      at VitestModuleRunner.cachedRequest [90m(file:///C:/Users/bigey/Document
s/Antigravity/L2C/[39mnode_modules/[4m.pnpm[24m/vitest@4.0.16_@types+node@2_
62eb78d569462eac68b0f0f0e86903d8/node_modules/[4mvitest[24m/dist/chunks/start
ModuleRunner.DpqpB8k3.js:664:35[90m)[39m
      at request [90m(file:///C:/Users/bigey/Documents/Antigravity/L2C/[39mno
de_modules/[4m.pnpm[24m/vite@7.3.0_@types+node@20.1_624f807ef5f716bedfb98ce66
5656766/node_modules/[4mvite[24m/dist/node/module-runner.js:1104:76[90m)[39
m
}

[90mstderr[2m | src/features/products/__tests__/actions.test.ts[2m > [22m[
2mProducts Server Actions[2m > [22m[2mupdateProduct[2m > [22m[2mshould re
turn error when product does not exist
[22m[39mServer Action Error: Error: 鍟嗗搧涓嶅瓨鍦?    at C:/Users/bigey/Documents/A
ntigravity/L2C/src/features/products/actions.ts:140:23
[90m    at processTicksAndRejections (node:internal/process/task_queues:105:5)
[39m

[90mstderr[2m | src/features/products/__tests__/actions.test.ts[2m > [22m[
2mProducts Server Actions[2m > [22m[2mupdateProduct[2m > [22m[2mshould re
turn error when tenant does not match
[22m[39mServer Action Error: Error: 鏃犳潈鎿嶄綔姝ゅ晢鍝?    at C:/Users/bigey/Document
s/Antigravity/L2C/src/features/products/actions.ts:144:23
[90m    at processTicksAndRejections (node:internal/process/task_queues:105:5)
[39m

[90mstderr[2m | src/features/after-sales/__tests__/actions.test.ts[2m > [22
m[2mAfter-sales Server Actions[2m > [22m[2mgetTickets[2m > [22m[2mshould
 return paginated tickets
[22m[39mServer Action Error: Error: [vitest] There was an error when mocking 
a module. If you are using "vi.mock" factory, make sure there are no top level 
variables inside, since this call is hoisted to top of the file. Read more: htt
ps://vitest.dev/api/vi.html#vi-mock
    at ManualMockedModule.resolve [90m(file:///C:/Users/bigey/Documents/Antigr
avity/L2C/[39mnode_modules/[4m.pnpm[24m/@vitest+mocker@4.0.16_vite@_4af44c47
a4ff6d3d16319578fd662d3a/node_modules/[4m@vitest/mocker[24m/dist/chunk-regist
ry.js:163:24[90m)[39m
    at VitestMocker.callFunctionMock [90m(file:///C:/Users/bigey/Documents/Ant
igravity/L2C/[39mnode_modules/[4m.pnpm[24m/vitest@4.0.16_@types+node@2_62eb7
8d569462eac68b0f0f0e86903d8/node_modules/[4mvitest[24m/dist/chunks/startModul
eRunner.DpqpB8k3.js:376:32[90m)[39m
[90m    ... 5 lines matching cause stack trace ...[39m
    at request [90m(file:///C:/Users/bigey/Documents/Antigravity/L2C/[39mnode
_modules/[4m.pnpm[24m/vite@7.3.0_@types+node@20.1_624f807ef5f716bedfb98ce6656
56766/node_modules/[4mvite[24m/dist/node/module-runner.js:1104:76[90m)[39m
[90m    at processTicksAndRejections (node:internal/process/task_queues:105:5)
[39m
    at Module.<anonymous> (C:/Users/bigey/Documents/Antigravity/L2C/src/shared/
lib/server-action.ts:36:30) {
  cause: ReferenceError: session is not defined
      at C:/Users/bigey/Documents/Antigravity/L2C/src/test/helpers.ts:57:41
      at ManualMockedModule.factory [90m(file:///C:/Users/bigey/Documents/Anti
gravity/L2C/[39mnode_modules/[4m.pnpm[24m/vitest@4.0.16_@types+node@2_62eb78
d569462eac68b0f0f0e86903d8/node_modules/[4mvitest[24m/dist/chunks/vi.2VT5v0um
.js:3807:78[90m)[39m
      at ManualMockedModule.resolve [90m(file:///C:/Users/bigey/Documents/Anti
gravity/L2C/[39mnode_modules/[4m.pnpm[24m/@vitest+mocker@4.0.16_vite@_4af44c
47a4ff6d3d16319578fd662d3a/node_modules/[4m@vitest/mocker[24m/dist/chunk-regi
stry.js:161:27[90m)[39m
      at VitestMocker.callFunctionMock [90m(file:///C:/Users/bigey/Documents/A
ntigravity/L2C/[39mnode_modules/[4m.pnpm[24m/vitest@4.0.16_@types+node@2_62e
b78d569462eac68b0f0f0e86903d8/node_modules/[4mvitest[24m/dist/chunks/startMod
uleRunner.DpqpB8k3.js:376:32[90m)[39m
      at [90mfile:///C:/Users/bigey/Documents/Antigravity/L2C/[39mnode_module
s/[4m.pnpm[24m/vitest@4.0.16_@types+node@2_62eb78d569462eac68b0f0f0e86903d8/n
ode_modules/[4mvitest[24m/dist/chunks/startModuleRunner.DpqpB8k3.js:497:23
      at Traces.$ [90m(file:///C:/Users/bigey/Documents/Antigravity/L2C/[39mn
ode_modules/[4m.pnpm[24m/vitest@4.0.16_@types+node@2_62eb78d569462eac68b0f0f0
e86903d8/node_modules/[4mvitest[24m/dist/chunks/traces.U4xDYhzZ.js:115:27[90
m)[39m
      at VitestMocker.requestWithMockedModule [90m(file:///C:/Users/bigey/Docu
ments/Antigravity/L2C/[39mnode_modules/[4m.pnpm[24m/vitest@4.0.16_@types+nod
e@2_62eb78d569462eac68b0f0f0e86903d8/node_modules/[4mvitest[24m/dist/chunks/s
tartModuleRunner.DpqpB8k3.js:462:21[90m)[39m
      at VitestMocker.mockedRequest [90m(file:///C:/Users/bigey/Documents/Anti
gravity/L2C/[39mnode_modules/[4m.pnpm[24m/vitest@4.0.16_@types+node@2_62eb78
d569462eac68b0f0f0e86903d8/node_modules/[4mvitest[24m/dist/chunks/startModule
Runner.DpqpB8k3.js:512:15[90m)[39m
      at VitestModuleRunner.cachedRequest [90m(file:///C:/Users/bigey/Document
s/Antigravity/L2C/[39mnode_modules/[4m.pnpm[24m/vitest@4.0.16_@types+node@2_
62eb78d569462eac68b0f0f0e86903d8/node_modules/[4mvitest[24m/dist/chunks/start
ModuleRunner.DpqpB8k3.js:664:35[90m)[39m
      at request [90m(file:///C:/Users/bigey/Documents/Antigravity/L2C/[39mno
de_modules/[4m.pnpm[24m/vite@7.3.0_@types+node@20.1_624f807ef5f716bedfb98ce66
5656766/node_modules/[4mvite[24m/dist/node/module-runner.js:1104:76[90m)[39
m
}

 [31m鉂?[39m src/features/customers/__tests__/actions.test.ts [2m([22m[2m7 tests[22m[2m | [22m[31m6 failed[39m[2m)[22m[32m 40[2mms[22m[39m
[31m       [31m脳[31m should create a customer successfully when phone is unique[39m[32m 21[2mms[22m[39m
[31m       [31m脳[31m should return error when phone already exists[39m[32m 3[2mms[22m[39m
       [32m鉁?[39m should throw validation error for empty name[32m 2[2mms[22m[39m
[31m       [31m脳[31m should return paginated customers[39m[32m 2[2mms[22m[39m
[31m       [31m脳[31m should apply level filter correctly[39m[32m 2[2mms[22m[39m
[31m       [31m脳[31m should update customer successfully[39m[32m 5[2mms[22m[39m
[31m       [31m脳[31m should map address to defaultAddress[39m[32m 1[2mms[22m[39m
[90mstderr[2m | src/features/service/measurement/__tests__/actions.test.ts[2
m > [22m[2mMeasurement Server Actions[2m > [22m[2mdispatchMeasureTask[2m 
> [22m[2mshould return error when task not found
[22m[39mServer Action Error: Error: 鏈壘鍒颁换鍔?    at C:/Users/bigey/Documents/A
ntigravity/L2C/src/features/service/measurement/actions.ts:233:26
[90m    at processTicksAndRejections (node:internal/process/task_queues:105:5)
[39m
    at Object.<anonymous> (C:/Users/bigey/Documents/Antigravity/L2C/src/feature
s/service/measurement/__tests__/actions.test.ts:72:42)

[90mstderr[2m | src/features/products/__tests__/actions.test.ts[2m > [22m[
2mProducts Server Actions[2m > [22m[2mdeleteProduct[2m > [22m[2mshould re
turn error when product does not exist
[22m[39mServer Action Error: Error: 鍟嗗搧涓嶅瓨鍦?    at C:/Users/bigey/Documents/A
ntigravity/L2C/src/features/products/actions.ts:212:23
[90m    at processTicksAndRejections (node:internal/process/task_queues:105:5)
[39m

[90mstderr[2m | src/features/service/measurement/__tests__/actions.test.ts[2
m > [22m[2mMeasurement Server Actions[2m > [22m[2mdispatchMeasureTask[2m 
> [22m[2mshould return error when worker not found
[22m[39mServer Action Error: Error: 鏈壘鍒伴€夊畾鐨勬祴閲忓笀
    at C:/Users/bigey/Documents/Antigravity/L2C/src/features/service/measuremen
t/actions.ts:245:28
[90m    at processTicksAndRejections (node:internal/process/task_queues:105:5)
[39m
    at Object.<anonymous> (C:/Users/bigey/Documents/Antigravity/L2C/src/feature
s/service/measurement/__tests__/actions.test.ts:72:42)

[90mstderr[2m | src/features/products/__tests__/actions.test.ts[2m > [22m[
2mProducts Server Actions[2m > [22m[2mdeleteProduct[2m > [22m[2mshould re
turn error when tenant does not match
[22m[39mServer Action Error: Error: 鏃犳潈鎿嶄綔姝ゅ晢鍝?    at C:/Users/bigey/Document
s/Antigravity/L2C/src/features/products/actions.ts:216:23
[90m    at processTicksAndRejections (node:internal/process/task_queues:105:5)
[39m

[90mstderr[2m | src/features/products/__tests__/actions.test.ts[2m > [22m[
2mProducts Server Actions[2m > [22m[2mactivateProduct[2m > [22m[2mshould 
return error when product does not exist
[22m[39mServer Action Error: Error: 鍟嗗搧涓嶅瓨鍦?    at C:/Users/bigey/Documents/A
ntigravity/L2C/src/features/products/actions.ts:259:23
[90m    at processTicksAndRejections (node:internal/process/task_queues:105:5)
[39m

[90mstderr[2m | src/features/after-sales/__tests__/actions.test.ts[2m > [22
m[2mAfter-sales Server Actions[2m > [22m[2mgetTickets[2m > [22m[2mshould
 apply status filter
[22m[39mServer Action Error: Error: [vitest] There was an error when mocking 
a module. If you are using "vi.mock" factory, make sure there are no top level 
variables inside, since this call is hoisted to top of the file. Read more: htt
ps://vitest.dev/api/vi.html#vi-mock
    at ManualMockedModule.resolve [90m(file:///C:/Users/bigey/Documents/Antigr
avity/L2C/[39mnode_modules/[4m.pnpm[24m/@vitest+mocker@4.0.16_vite@_4af44c47
a4ff6d3d16319578fd662d3a/node_modules/[4m@vitest/mocker[24m/dist/chunk-regist
ry.js:163:24[90m)[39m
    at VitestMocker.callFunctionMock [90m(file:///C:/Users/bigey/Documents/Ant
igravity/L2C/[39mnode_modules/[4m.pnpm[24m/vitest@4.0.16_@types+node@2_62eb7
8d569462eac68b0f0f0e86903d8/node_modules/[4mvitest[24m/dist/chunks/startModul
eRunner.DpqpB8k3.js:376:32[90m)[39m
[90m    ... 5 lines matching cause stack trace ...[39m
    at request [90m(file:///C:/Users/bigey/Documents/Antigravity/L2C/[39mnode
_modules/[4m.pnpm[24m/vite@7.3.0_@types+node@20.1_624f807ef5f716bedfb98ce6656
56766/node_modules/[4mvite[24m/dist/node/module-runner.js:1104:76[90m)[39m
[90m    at processTicksAndRejections (node:internal/process/task_queues:105:5)
[39m
    at Module.<anonymous> (C:/Users/bigey/Documents/Antigravity/L2C/src/shared/
lib/server-action.ts:36:30) {
  cause: ReferenceError: session is not defined
      at C:/Users/bigey/Documents/Antigravity/L2C/src/test/helpers.ts:57:41
      at ManualMockedModule.factory [90m(file:///C:/Users/bigey/Documents/Anti
gravity/L2C/[39mnode_modules/[4m.pnpm[24m/vitest@4.0.16_@types+node@2_62eb78
d569462eac68b0f0f0e86903d8/node_modules/[4mvitest[24m/dist/chunks/vi.2VT5v0um
.js:3807:78[90m)[39m
      at ManualMockedModule.resolve [90m(file:///C:/Users/bigey/Documents/Anti
gravity/L2C/[39mnode_modules/[4m.pnpm[24m/@vitest+mocker@4.0.16_vite@_4af44c
47a4ff6d3d16319578fd662d3a/node_modules/[4m@vitest/mocker[24m/dist/chunk-regi
stry.js:161:27[90m)[39m
      at VitestMocker.callFunctionMock [90m(file:///C:/Users/bigey/Documents/A
ntigravity/L2C/[39mnode_modules/[4m.pnpm[24m/vitest@4.0.16_@types+node@2_62e
b78d569462eac68b0f0f0e86903d8/node_modules/[4mvitest[24m/dist/chunks/startMod
uleRunner.DpqpB8k3.js:376:32[90m)[39m
      at [90mfile:///C:/Users/bigey/Documents/Antigravity/L2C/[39mnode_module
s/[4m.pnpm[24m/vitest@4.0.16_@types+node@2_62eb78d569462eac68b0f0f0e86903d8/n
ode_modules/[4mvitest[24m/dist/chunks/startModuleRunner.DpqpB8k3.js:497:23
      at Traces.$ [90m(file:///C:/Users/bigey/Documents/Antigravity/L2C/[39mn
ode_modules/[4m.pnpm[24m/vitest@4.0.16_@types+node@2_62eb78d569462eac68b0f0f0
e86903d8/node_modules/[4mvitest[24m/dist/chunks/traces.U4xDYhzZ.js:115:27[90
m)[39m
      at VitestMocker.requestWithMockedModule [90m(file:///C:/Users/bigey/Docu
ments/Antigravity/L2C/[39mnode_modules/[4m.pnpm[24m/vitest@4.0.16_@types+nod
e@2_62eb78d569462eac68b0f0f0e86903d8/node_modules/[4mvitest[24m/dist/chunks/s
tartModuleRunner.DpqpB8k3.js:462:21[90m)[39m
      at VitestMocker.mockedRequest [90m(file:///C:/Users/bigey/Documents/Anti
gravity/L2C/[39mnode_modules/[4m.pnpm[24m/vitest@4.0.16_@types+node@2_62eb78
d569462eac68b0f0f0e86903d8/node_modules/[4mvitest[24m/dist/chunks/startModule
Runner.DpqpB8k3.js:512:15[90m)[39m
      at VitestModuleRunner.cachedRequest [90m(file:///C:/Users/bigey/Document
s/Antigravity/L2C/[39mnode_modules/[4m.pnpm[24m/vitest@4.0.16_@types+node@2_
62eb78d569462eac68b0f0f0e86903d8/node_modules/[4mvitest[24m/dist/chunks/start
ModuleRunner.DpqpB8k3.js:664:35[90m)[39m
      at request [90m(file:///C:/Users/bigey/Documents/Antigravity/L2C/[39mno
de_modules/[4m.pnpm[24m/vite@7.3.0_@types+node@20.1_624f807ef5f716bedfb98ce66
5656766/node_modules/[4mvite[24m/dist/node/module-runner.js:1104:76[90m)[39
m
}

[90mstderr[2m | src/features/service/measurement/__tests__/actions.test.ts[2
m > [22m[2mMeasurement Server Actions[2m > [22m[2msubmitMeasureData[2m > 
[22m[2mshould return error when no images provided
[22m[39mServer Action Error: Error: 蹇呴』涓婁紶鑷冲皯涓€寮犵収鐗?    at C:/Users/bigey/Doc
uments/Antigravity/L2C/src/features/service/measurement/actions.ts:293:19
[90m    at processTicksAndRejections (node:internal/process/task_queues:105:5)
[39m
    at Object.<anonymous> (C:/Users/bigey/Documents/Antigravity/L2C/src/feature
s/service/measurement/__tests__/actions.test.ts:72:42)

[90mstderr[2m | src/features/service/measurement/__tests__/actions.test.ts[2
m > [22m[2mMeasurement Server Actions[2m > [22m[2msubmitMeasureData[2m > 
[22m[2mshould return error when GPS location missing
[22m[39mServer Action Error: Error: 鎻愪氦娴嬮噺鏁版嵁蹇呴』鍖呭惈 GPS 鎵撳崱瀹氫綅
    at C:/Users/bigey/Documents/Antigravity/L2C/src/features/service/measuremen
t/actions.ts:298:19
[90m    at processTicksAndRejections (node:internal/process/task_queues:105:5)
[39m
    at Object.<anonymous> (C:/Users/bigey/Documents/Antigravity/L2C/src/feature
s/service/measurement/__tests__/actions.test.ts:72:42)

[90mstderr[2m | src/features/after-sales/__tests__/actions.test.ts[2m > [22
m[2mAfter-sales Server Actions[2m > [22m[2mgetTickets[2m > [22m[2mshould
 apply type filter
[22m[39mServer Action Error: Error: [vitest] There was an error when mocking 
a module. If you are using "vi.mock" factory, make sure there are no top level 
variables inside, since this call is hoisted to top of the file. Read more: htt
ps://vitest.dev/api/vi.html#vi-mock
    at ManualMockedModule.resolve [90m(file:///C:/Users/bigey/Documents/Antigr
avity/L2C/[39mnode_modules/[4m.pnpm[24m/@vitest+mocker@4.0.16_vite@_4af44c47
a4ff6d3d16319578fd662d3a/node_modules/[4m@vitest/mocker[24m/dist/chunk-regist
ry.js:163:24[90m)[39m
    at VitestMocker.callFunctionMock [90m(file:///C:/Users/bigey/Documents/Ant
igravity/L2C/[39mnode_modules/[4m.pnpm[24m/vitest@4.0.16_@types+node@2_62eb7
8d569462eac68b0f0f0e86903d8/node_modules/[4mvitest[24m/dist/chunks/startModul
eRunner.DpqpB8k3.js:376:32[90m)[39m
[90m    ... 5 lines matching cause stack trace ...[39m
    at request [90m(file:///C:/Users/bigey/Documents/Antigravity/L2C/[39mnode
_modules/[4m.pnpm[24m/vite@7.3.0_@types+node@20.1_624f807ef5f716bedfb98ce6656
56766/node_modules/[4mvite[24m/dist/node/module-runner.js:1104:76[90m)[39m
[90m    at processTicksAndRejections (node:internal/process/task_queues:105:5)
[39m
    at Module.<anonymous> (C:/Users/bigey/Documents/Antigravity/L2C/src/shared/
lib/server-action.ts:36:30) {
  cause: ReferenceError: session is not defined
      at C:/Users/bigey/Documents/Antigravity/L2C/src/test/helpers.ts:57:41
      at ManualMockedModule.factory [90m(file:///C:/Users/bigey/Documents/Anti
gravity/L2C/[39mnode_modules/[4m.pnpm[24m/vitest@4.0.16_@types+node@2_62eb78
d569462eac68b0f0f0e86903d8/node_modules/[4mvitest[24m/dist/chunks/vi.2VT5v0um
.js:3807:78[90m)[39m
      at ManualMockedModule.resolve [90m(file:///C:/Users/bigey/Documents/Anti
gravity/L2C/[39mnode_modules/[4m.pnpm[24m/@vitest+mocker@4.0.16_vite@_4af44c
47a4ff6d3d16319578fd662d3a/node_modules/[4m@vitest/mocker[24m/dist/chunk-regi
stry.js:161:27[90m)[39m
      at VitestMocker.callFunctionMock [90m(file:///C:/Users/bigey/Documents/A
ntigravity/L2C/[39mnode_modules/[4m.pnpm[24m/vitest@4.0.16_@types+node@2_62e
b78d569462eac68b0f0f0e86903d8/node_modules/[4mvitest[24m/dist/chunks/startMod
uleRunner.DpqpB8k3.js:376:32[90m)[39m
      at [90mfile:///C:/Users/bigey/Documents/Antigravity/L2C/[39mnode_module
s/[4m.pnpm[24m/vitest@4.0.16_@types+node@2_62eb78d569462eac68b0f0f0e86903d8/n
ode_modules/[4mvitest[24m/dist/chunks/startModuleRunner.DpqpB8k3.js:497:23
      at Traces.$ [90m(file:///C:/Users/bigey/Documents/Antigravity/L2C/[39mn
ode_modules/[4m.pnpm[24m/vitest@4.0.16_@types+node@2_62eb78d569462eac68b0f0f0
e86903d8/node_modules/[4mvitest[24m/dist/chunks/traces.U4xDYhzZ.js:115:27[90
m)[39m
      at VitestMocker.requestWithMockedModule [90m(file:///C:/Users/bigey/Docu
ments/Antigravity/L2C/[39mnode_modules/[4m.pnpm[24m/vitest@4.0.16_@types+nod
e@2_62eb78d569462eac68b0f0f0e86903d8/node_modules/[4mvitest[24m/dist/chunks/s
tartModuleRunner.DpqpB8k3.js:462:21[90m)[39m
      at VitestMocker.mockedRequest [90m(file:///C:/Users/bigey/Documents/Anti
gravity/L2C/[39mnode_modules/[4m.pnpm[24m/vitest@4.0.16_@types+node@2_62eb78
d569462eac68b0f0f0e86903d8/node_modules/[4mvitest[24m/dist/chunks/startModule
Runner.DpqpB8k3.js:512:15[90m)[39m
      at VitestModuleRunner.cachedRequest [90m(file:///C:/Users/bigey/Document
s/Antigravity/L2C/[39mnode_modules/[4m.pnpm[24m/vitest@4.0.16_@types+node@2_
62eb78d569462eac68b0f0f0e86903d8/node_modules/[4mvitest[24m/dist/chunks/start
ModuleRunner.DpqpB8k3.js:664:35[90m)[39m
      at request [90m(file:///C:/Users/bigey/Documents/Antigravity/L2C/[39mno
de_modules/[4m.pnpm[24m/vite@7.3.0_@types+node@20.1_624f807ef5f716bedfb98ce66
5656766/node_modules/[4mvite[24m/dist/node/module-runner.js:1104:76[90m)[39
m
}

[90mstderr[2m | src/features/after-sales/__tests__/actions.test.ts[2m > [22
m[2mAfter-sales Server Actions[2m > [22m[2mupdateTicketStatus[2m > [22m[
2mshould update status to PROCESSING on PROCESS action
[22m[39mServer Action Error: Error: [vitest] There was an error when mocking 
a module. If you are using "vi.mock" factory, make sure there are no top level 
variables inside, since this call is hoisted to top of the file. Read more: htt
ps://vitest.dev/api/vi.html#vi-mock
    at ManualMockedModule.resolve [90m(file:///C:/Users/bigey/Documents/Antigr
avity/L2C/[39mnode_modules/[4m.pnpm[24m/@vitest+mocker@4.0.16_vite@_4af44c47
a4ff6d3d16319578fd662d3a/node_modules/[4m@vitest/mocker[24m/dist/chunk-regist
ry.js:163:24[90m)[39m
    at VitestMocker.callFunctionMock [90m(file:///C:/Users/bigey/Documents/Ant
igravity/L2C/[39mnode_modules/[4m.pnpm[24m/vitest@4.0.16_@types+node@2_62eb7
8d569462eac68b0f0f0e86903d8/node_modules/[4mvitest[24m/dist/chunks/startModul
eRunner.DpqpB8k3.js:376:32[90m)[39m
[90m    ... 5 lines matching cause stack trace ...[39m
    at request [90m(file:///C:/Users/bigey/Documents/Antigravity/L2C/[39mnode
_modules/[4m.pnpm[24m/vite@7.3.0_@types+node@20.1_624f807ef5f716bedfb98ce6656
56766/node_modules/[4mvite[24m/dist/node/module-runner.js:1104:76[90m)[39m
[90m    at processTicksAndRejections (node:internal/process/task_queues:105:5)
[39m
    at Module.<anonymous> (C:/Users/bigey/Documents/Antigravity/L2C/src/shared/
lib/server-action.ts:36:30) {
  cause: ReferenceError: session is not defined
      at C:/Users/bigey/Documents/Antigravity/L2C/src/test/helpers.ts:57:41
      at ManualMockedModule.factory [90m(file:///C:/Users/bigey/Documents/Anti
gravity/L2C/[39mnode_modules/[4m.pnpm[24m/vitest@4.0.16_@types+node@2_62eb78
d569462eac68b0f0f0e86903d8/node_modules/[4mvitest[24m/dist/chunks/vi.2VT5v0um
.js:3807:78[90m)[39m
      at ManualMockedModule.resolve [90m(file:///C:/Users/bigey/Documents/Anti
gravity/L2C/[39mnode_modules/[4m.pnpm[24m/@vitest+mocker@4.0.16_vite@_4af44c
47a4ff6d3d16319578fd662d3a/node_modules/[4m@vitest/mocker[24m/dist/chunk-regi
stry.js:161:27[90m)[39m
      at VitestMocker.callFunctionMock [90m(file:///C:/Users/bigey/Documents/A
ntigravity/L2C/[39mnode_modules/[4m.pnpm[24m/vitest@4.0.16_@types+node@2_62e
b78d569462eac68b0f0f0e86903d8/node_modules/[4mvitest[24m/dist/chunks/startMod
uleRunner.DpqpB8k3.js:376:32[90m)[39m
      at [90mfile:///C:/Users/bigey/Documents/Antigravity/L2C/[39mnode_module
s/[4m.pnpm[24m/vitest@4.0.16_@types+node@2_62eb78d569462eac68b0f0f0e86903d8/n
ode_modules/[4mvitest[24m/dist/chunks/startModuleRunner.DpqpB8k3.js:497:23
      at Traces.$ [90m(file:///C:/Users/bigey/Documents/Antigravity/L2C/[39mn
ode_modules/[4m.pnpm[24m/vitest@4.0.16_@types+node@2_62eb78d569462eac68b0f0f0
e86903d8/node_modules/[4mvitest[24m/dist/chunks/traces.U4xDYhzZ.js:115:27[90
m)[39m
      at VitestMocker.requestWithMockedModule [90m(file:///C:/Users/bigey/Docu
ments/Antigravity/L2C/[39mnode_modules/[4m.pnpm[24m/vitest@4.0.16_@types+nod
e@2_62eb78d569462eac68b0f0f0e86903d8/node_modules/[4mvitest[24m/dist/chunks/s
tartModuleRunner.DpqpB8k3.js:462:21[90m)[39m
      at VitestMocker.mockedRequest [90m(file:///C:/Users/bigey/Documents/Anti
gravity/L2C/[39mnode_modules/[4m.pnpm[24m/vitest@4.0.16_@types+node@2_62eb78
d569462eac68b0f0f0e86903d8/node_modules/[4mvitest[24m/dist/chunks/startModule
Runner.DpqpB8k3.js:512:15[90m)[39m
      at VitestModuleRunner.cachedRequest [90m(file:///C:/Users/bigey/Document
s/Antigravity/L2C/[39mnode_modules/[4m.pnpm[24m/vitest@4.0.16_@types+node@2_
62eb78d569462eac68b0f0f0e86903d8/node_modules/[4mvitest[24m/dist/chunks/start
ModuleRunner.DpqpB8k3.js:664:35[90m)[39m
      at request [90m(file:///C:/Users/bigey/Documents/Antigravity/L2C/[39mno
de_modules/[4m.pnpm[24m/vite@7.3.0_@types+node@20.1_624f807ef5f716bedfb98ce66
5656766/node_modules/[4mvite[24m/dist/node/module-runner.js:1104:76[90m)[39
m
}

 [32m鉁?[39m src/features/finance/__tests__/finance-additional.test.ts [2m([22m[2m11 tests[22m[2m)[22m[32m 22[2mms[22m[39m
 [32m鉁?[39m src/features/products/__tests__/actions.test.ts [2m([22m[2m23 tests[22m[2m)[22m[32m 28[2mms[22m[39m
[90mstderr[2m | src/features/service/measurement/__tests__/actions.test.ts[2
m > [22m[2mMeasurement Server Actions[2m > [22m[2mconfirmMeasureData[2m >
 [22m[2mshould return error when task not in PENDING_CONFIRM status
[22m[39mServer Action Error: Error: 鍙湁寰呯‘璁ょ殑浠诲姟鍙互鎵ц姝ゆ搷浣?    at C:/Users/bi
gey/Documents/Antigravity/L2C/src/features/service/measurement/actions.ts:357:1
9
[90m    at processTicksAndRejections (node:internal/process/task_queues:105:5)
[39m
    at Object.<anonymous> (C:/Users/bigey/Documents/Antigravity/L2C/src/feature
s/service/measurement/__tests__/actions.test.ts:72:42)

[90mstderr[2m | src/features/after-sales/__tests__/actions.test.ts[2m > [22
m[2mAfter-sales Server Actions[2m > [22m[2mupdateTicketStatus[2m > [22m[
2mshould update status to CLOSED on CLOSE action
[22m[39mServer Action Error: Error: [vitest] There was an error when mocking 
a module. If you are using "vi.mock" factory, make sure there are no top level 
variables inside, since this call is hoisted to top of the file. Read more: htt
ps://vitest.dev/api/vi.html#vi-mock
    at ManualMockedModule.resolve [90m(file:///C:/Users/bigey/Documents/Antigr
avity/L2C/[39mnode_modules/[4m.pnpm[24m/@vitest+mocker@4.0.16_vite@_4af44c47
a4ff6d3d16319578fd662d3a/node_modules/[4m@vitest/mocker[24m/dist/chunk-regist
ry.js:163:24[90m)[39m
    at VitestMocker.callFunctionMock [90m(file:///C:/Users/bigey/Documents/Ant
igravity/L2C/[39mnode_modules/[4m.pnpm[24m/vitest@4.0.16_@types+node@2_62eb7
8d569462eac68b0f0f0e86903d8/node_modules/[4mvitest[24m/dist/chunks/startModul
eRunner.DpqpB8k3.js:376:32[90m)[39m
[90m    ... 5 lines matching cause stack trace ...[39m
    at request [90m(file:///C:/Users/bigey/Documents/Antigravity/L2C/[39mnode
_modules/[4m.pnpm[24m/vite@7.3.0_@types+node@20.1_624f807ef5f716bedfb98ce6656
56766/node_modules/[4mvite[24m/dist/node/module-runner.js:1104:76[90m)[39m
[90m    at processTicksAndRejections (node:internal/process/task_queues:105:5)
[39m
    at Module.<anonymous> (C:/Users/bigey/Documents/Antigravity/L2C/src/shared/
lib/server-action.ts:36:30) {
  cause: ReferenceError: session is not defined
      at C:/Users/bigey/Documents/Antigravity/L2C/src/test/helpers.ts:57:41
      at ManualMockedModule.factory [90m(file:///C:/Users/bigey/Documents/Anti
gravity/L2C/[39mnode_modules/[4m.pnpm[24m/vitest@4.0.16_@types+node@2_62eb78
d569462eac68b0f0f0e86903d8/node_modules/[4mvitest[24m/dist/chunks/vi.2VT5v0um
.js:3807:78[90m)[39m
      at ManualMockedModule.resolve [90m(file:///C:/Users/bigey/Documents/Anti
gravity/L2C/[39mnode_modules/[4m.pnpm[24m/@vitest+mocker@4.0.16_vite@_4af44c
47a4ff6d3d16319578fd662d3a/node_modules/[4m@vitest/mocker[24m/dist/chunk-regi
stry.js:161:27[90m)[39m
      at VitestMocker.callFunctionMock [90m(file:///C:/Users/bigey/Documents/A
ntigravity/L2C/[39mnode_modules/[4m.pnpm[24m/vitest@4.0.16_@types+node@2_62e
b78d569462eac68b0f0f0e86903d8/node_modules/[4mvitest[24m/dist/chunks/startMod
uleRunner.DpqpB8k3.js:376:32[90m)[39m
      at [90mfile:///C:/Users/bigey/Documents/Antigravity/L2C/[39mnode_module
s/[4m.pnpm[24m/vitest@4.0.16_@types+node@2_62eb78d569462eac68b0f0f0e86903d8/n
ode_modules/[4mvitest[24m/dist/chunks/startModuleRunner.DpqpB8k3.js:497:23
      at Traces.$ [90m(file:///C:/Users/bigey/Documents/Antigravity/L2C/[39mn
ode_modules/[4m.pnpm[24m/vitest@4.0.16_@types+node@2_62eb78d569462eac68b0f0f0
e86903d8/node_modules/[4mvitest[24m/dist/chunks/traces.U4xDYhzZ.js:115:27[90
m)[39m
      at VitestMocker.requestWithMockedModule [90m(file:///C:/Users/bigey/Docu
ments/Antigravity/L2C/[39mnode_modules/[4m.pnpm[24m/vitest@4.0.16_@types+nod
e@2_62eb78d569462eac68b0f0f0e86903d8/node_modules/[4mvitest[24m/dist/chunks/s
tartModuleRunner.DpqpB8k3.js:462:21[90m)[39m
      at VitestMocker.mockedRequest [90m(file:///C:/Users/bigey/Documents/Anti
gravity/L2C/[39mnode_modules/[4m.pnpm[24m/vitest@4.0.16_@types+node@2_62eb78
d569462eac68b0f0f0e86903d8/node_modules/[4mvitest[24m/dist/chunks/startModule
Runner.DpqpB8k3.js:512:15[90m)[39m
      at VitestModuleRunner.cachedRequest [90m(file:///C:/Users/bigey/Document
s/Antigravity/L2C/[39mnode_modules/[4m.pnpm[24m/vitest@4.0.16_@types+node@2_
62eb78d569462eac68b0f0f0e86903d8/node_modules/[4mvitest[24m/dist/chunks/start
ModuleRunner.DpqpB8k3.js:664:35[90m)[39m
      at request [90m(file:///C:/Users/bigey/Documents/Antigravity/L2C/[39mno
de_modules/[4m.pnpm[24m/vite@7.3.0_@types+node@20.1_624f807ef5f716bedfb98ce66
5656766/node_modules/[4mvite[24m/dist/node/module-runner.js:1104:76[90m)[39
m
}

[90mstdout[2m | src/features/leads/__tests__/actions.test.ts[2m > [22m[2mLeads Server Actions[2m > [22m[2mgetLeads[2m > [22m[2mshould return paginated leads
[22m[39mgetLeads Session User: {"id":"test-user-id","name":"娴嬭瘯鐢ㄦ埛","tenantId":"test-tenant-id","role":"ADMIN"}

[90mstderr[2m | src/features/after-sales/__tests__/actions.test.ts[2m > [22
m[2mAfter-sales Server Actions[2m > [22m[2mcreateLiabilityNotice[2m > [22
m[2mshould create a liability notice successfully
[22m[39mServer Action Error: Error: [vitest] There was an error when mocking 
a module. If you are using "vi.mock" factory, make sure there are no top level 
variables inside, since this call is hoisted to top of the file. Read more: htt
ps://vitest.dev/api/vi.html#vi-mock
    at ManualMockedModule.resolve [90m(file:///C:/Users/bigey/Documents/Antigr
avity/L2C/[39mnode_modules/[4m.pnpm[24m/@vitest+mocker@4.0.16_vite@_4af44c47
a4ff6d3d16319578fd662d3a/node_modules/[4m@vitest/mocker[24m/dist/chunk-regist
ry.js:163:24[90m)[39m
    at VitestMocker.callFunctionMock [90m(file:///C:/Users/bigey/Documents/Ant
igravity/L2C/[39mnode_modules/[4m.pnpm[24m/vitest@4.0.16_@types+node@2_62eb7
8d569462eac68b0f0f0e86903d8/node_modules/[4mvitest[24m/dist/chunks/startModul
eRunner.DpqpB8k3.js:376:32[90m)[39m
[90m    ... 5 lines matching cause stack trace ...[39m
    at request [90m(file:///C:/Users/bigey/Documents/Antigravity/L2C/[39mnode
_modules/[4m.pnpm[24m/vite@7.3.0_@types+node@20.1_624f807ef5f716bedfb98ce6656
56766/node_modules/[4mvite[24m/dist/node/module-runner.js:1104:76[90m)[39m
[90m    at processTicksAndRejections (node:internal/process/task_queues:105:5)
[39m
    at Module.<anonymous> (C:/Users/bigey/Documents/Antigravity/L2C/src/shared/
lib/server-action.ts:36:30) {
  cause: ReferenceError: session is not defined
      at C:/Users/bigey/Documents/Antigravity/L2C/src/test/helpers.ts:57:41
      at ManualMockedModule.factory [90m(file:///C:/Users/bigey/Documents/Anti
gravity/L2C/[39mnode_modules/[4m.pnpm[24m/vitest@4.0.16_@types+node@2_62eb78
d569462eac68b0f0f0e86903d8/node_modules/[4mvitest[24m/dist/chunks/vi.2VT5v0um
.js:3807:78[90m)[39m
      at ManualMockedModule.resolve [90m(file:///C:/Users/bigey/Documents/Anti
gravity/L2C/[39mnode_modules/[4m.pnpm[24m/@vitest+mocker@4.0.16_vite@_4af44c
47a4ff6d3d16319578fd662d3a/node_modules/[4m@vitest/mocker[24m/dist/chunk-regi
stry.js:161:27[90m)[39m
      at VitestMocker.callFunctionMock [90m(file:///C:/Users/bigey/Documents/A
ntigravity/L2C/[39mnode_modules/[4m.pnpm[24m/vitest@4.0.16_@types+node@2_62e
b78d569462eac68b0f0f0e86903d8/node_modules/[4mvitest[24m/dist/chunks/startMod
uleRunner.DpqpB8k3.js:376:32[90m)[39m
      at [90mfile:///C:/Users/bigey/Documents/Antigravity/L2C/[39mnode_module
s/[4m.pnpm[24m/vitest@4.0.16_@types+node@2_62eb78d569462eac68b0f0f0e86903d8/n
ode_modules/[4mvitest[24m/dist/chunks/startModuleRunner.DpqpB8k3.js:497:23
      at Traces.$ [90m(file:///C:/Users/bigey/Documents/Antigravity/L2C/[39mn
ode_modules/[4m.pnpm[24m/vitest@4.0.16_@types+node@2_62eb78d569462eac68b0f0f0
e86903d8/node_modules/[4mvitest[24m/dist/chunks/traces.U4xDYhzZ.js:115:27[90
m)[39m
      at VitestMocker.requestWithMockedModule [90m(file:///C:/Users/bigey/Docu
ments/Antigravity/L2C/[39mnode_modules/[4m.pnpm[24m/vitest@4.0.16_@types+nod
e@2_62eb78d569462eac68b0f0f0e86903d8/node_modules/[4mvitest[24m/dist/chunks/s
tartModuleRunner.DpqpB8k3.js:462:21[90m)[39m
      at VitestMocker.mockedRequest [90m(file:///C:/Users/bigey/Documents/Anti
gravity/L2C/[39mnode_modules/[4m.pnpm[24m/vitest@4.0.16_@types+node@2_62eb78
d569462eac68b0f0f0e86903d8/node_modules/[4mvitest[24m/dist/chunks/startModule
Runner.DpqpB8k3.js:512:15[90m)[39m
      at VitestModuleRunner.cachedRequest [90m(file:///C:/Users/bigey/Document
s/Antigravity/L2C/[39mnode_modules/[4m.pnpm[24m/vitest@4.0.16_@types+node@2_
62eb78d569462eac68b0f0f0e86903d8/node_modules/[4mvitest[24m/dist/chunks/start
ModuleRunner.DpqpB8k3.js:664:35[90m)[39m
      at request [90m(file:///C:/Users/bigey/Documents/Antigravity/L2C/[39mno
de_modules/[4m.pnpm[24m/vite@7.3.0_@types+node@20.1_624f807ef5f716bedfb98ce66
5656766/node_modules/[4mvite[24m/dist/node/module-runner.js:1104:76[90m)[39
m
}

[90mstderr[2m | src/features/service/measurement/__tests__/actions.test.ts[2
m > [22m[2mMeasurement Server Actions[2m > [22m[2mcreateMeasureVariant[2m
 > [22m[2mshould return error when parent task not found
[22m[39mServer Action Error: Error: 鏈壘鍒板師娴嬮噺浠诲姟
    at C:/Users/bigey/Documents/Antigravity/L2C/src/features/service/measuremen
t/actions.ts:450:28
[90m    at processTicksAndRejections (node:internal/process/task_queues:105:5)
[39m
    at Object.<anonymous> (C:/Users/bigey/Documents/Antigravity/L2C/src/feature
s/service/measurement/__tests__/actions.test.ts:72:42)

 [31m鉂?[39m src/features/finance/ap/__tests__/ap-actions.test.ts [2m([22m[2m6 tests[22m[2m | [22m[31m4 failed[39m[2m)[22m[32m 31[2mms[22m[39m
[31m       [31m脳[31m 搴旇鎴愬姛鍒涘缓鍖呭惈娴嬮噺銆佸畨瑁呬换鍔″拰鎵ｆ鐨勫璐﹀崟[39m[32m 18[2mms[22m[39m
[31m       [31m脳[31m 濡傛灉娌℃湁鍙粨绠楅」搴旇杩斿洖閿欒[39m[32m 3[2mms[22m[39m
[31m       [31m脳[31m 搴旇鎴愬姛鍒涘缓鍖呭惈閲囪喘鍗曠殑瀵硅处鍗?[39m[32m 2[2mms[22m[39m
       [32m鉁?[39m 搴旇鎴愬姛鏇存柊鐘舵€佸苟璁板綍鏃ュ織[32m 4[2mms[22m[39m
       [32m鉁?[39m 瀹屾垚鏀粯鏃跺簲璇ヨ褰曟敮浠樻椂闂村拰鍑瘉[32m 1[2mms[22m[39m
[31m       [31m脳[31m 濡傛灉娌℃湁鏉冮檺搴旇鎶涘嚭閿欒[39m[32m 1[2mms[22m[39m
[90mstderr[2m | src/features/after-sales/__tests__/actions.test.ts[2m > [22
m[2mAfter-sales Server Actions[2m > [22m[2mcreateLiabilityNotice[2m > [22
m[2mshould throw error when ticket does not exist
[22m[39mServer Action Error: Error: [vitest] There was an error when mocking 
a module. If you are using "vi.mock" factory, make sure there are no top level 
variables inside, since this call is hoisted to top of the file. Read more: htt
ps://vitest.dev/api/vi.html#vi-mock
    at ManualMockedModule.resolve [90m(file:///C:/Users/bigey/Documents/Antigr
avity/L2C/[39mnode_modules/[4m.pnpm[24m/@vitest+mocker@4.0.16_vite@_4af44c47
a4ff6d3d16319578fd662d3a/node_modules/[4m@vitest/mocker[24m/dist/chunk-regist
ry.js:163:24[90m)[39m
    at VitestMocker.callFunctionMock [90m(file:///C:/Users/bigey/Documents/Ant
igravity/L2C/[39mnode_modules/[4m.pnpm[24m/vitest@4.0.16_@types+node@2_62eb7
8d569462eac68b0f0f0e86903d8/node_modules/[4mvitest[24m/dist/chunks/startModul
eRunner.DpqpB8k3.js:376:32[90m)[39m
[90m    ... 5 lines matching cause stack trace ...[39m
    at request [90m(file:///C:/Users/bigey/Documents/Antigravity/L2C/[39mnode
_modules/[4m.pnpm[24m/vite@7.3.0_@types+node@20.1_624f807ef5f716bedfb98ce6656
56766/node_modules/[4mvite[24m/dist/node/module-runner.js:1104:76[90m)[39m
[90m    at processTicksAndRejections (node:internal/process/task_queues:105:5)
[39m
    at Module.<anonymous> (C:/Users/bigey/Documents/Antigravity/L2C/src/shared/
lib/server-action.ts:36:30) {
  cause: ReferenceError: session is not defined
      at C:/Users/bigey/Documents/Antigravity/L2C/src/test/helpers.ts:57:41
      at ManualMockedModule.factory [90m(file:///C:/Users/bigey/Documents/Anti
gravity/L2C/[39mnode_modules/[4m.pnpm[24m/vitest@4.0.16_@types+node@2_62eb78
d569462eac68b0f0f0e86903d8/node_modules/[4mvitest[24m/dist/chunks/vi.2VT5v0um
.js:3807:78[90m)[39m
      at ManualMockedModule.resolve [90m(file:///C:/Users/bigey/Documents/Anti
gravity/L2C/[39mnode_modules/[4m.pnpm[24m/@vitest+mocker@4.0.16_vite@_4af44c
47a4ff6d3d16319578fd662d3a/node_modules/[4m@vitest/mocker[24m/dist/chunk-regi
stry.js:161:27[90m)[39m
      at VitestMocker.callFunctionMock [90m(file:///C:/Users/bigey/Documents/A
ntigravity/L2C/[39mnode_modules/[4m.pnpm[24m/vitest@4.0.16_@types+node@2_62e
b78d569462eac68b0f0f0e86903d8/node_modules/[4mvitest[24m/dist/chunks/startMod
uleRunner.DpqpB8k3.js:376:32[90m)[39m
      at [90mfile:///C:/Users/bigey/Documents/Antigravity/L2C/[39mnode_module
s/[4m.pnpm[24m/vitest@4.0.16_@types+node@2_62eb78d569462eac68b0f0f0e86903d8/n
ode_modules/[4mvitest[24m/dist/chunks/startModuleRunner.DpqpB8k3.js:497:23
      at Traces.$ [90m(file:///C:/Users/bigey/Documents/Antigravity/L2C/[39mn
ode_modules/[4m.pnpm[24m/vitest@4.0.16_@types+node@2_62eb78d569462eac68b0f0f0
e86903d8/node_modules/[4mvitest[24m/dist/chunks/traces.U4xDYhzZ.js:115:27[90
m)[39m
      at VitestMocker.requestWithMockedModule [90m(file:///C:/Users/bigey/Docu
ments/Antigravity/L2C/[39mnode_modules/[4m.pnpm[24m/vitest@4.0.16_@types+nod
e@2_62eb78d569462eac68b0f0f0e86903d8/node_modules/[4mvitest[24m/dist/chunks/s
tartModuleRunner.DpqpB8k3.js:462:21[90m)[39m
      at VitestMocker.mockedRequest [90m(file:///C:/Users/bigey/Documents/Anti
gravity/L2C/[39mnode_modules/[4m.pnpm[24m/vitest@4.0.16_@types+node@2_62eb78
d569462eac68b0f0f0e86903d8/node_modules/[4mvitest[24m/dist/chunks/startModule
Runner.DpqpB8k3.js:512:15[90m)[39m
      at VitestModuleRunner.cachedRequest [90m(file:///C:/Users/bigey/Document
s/Antigravity/L2C/[39mnode_modules/[4m.pnpm[24m/vitest@4.0.16_@types+node@2_
62eb78d569462eac68b0f0f0e86903d8/node_modules/[4mvitest[24m/dist/chunks/start
ModuleRunner.DpqpB8k3.js:664:35[90m)[39m
      at request [90m(file:///C:/Users/bigey/Documents/Antigravity/L2C/[39mno
de_modules/[4m.pnpm[24m/vite@7.3.0_@types+node@20.1_624f807ef5f716bedfb98ce66
5656766/node_modules/[4mvite[24m/dist/node/module-runner.js:1104:76[90m)[39
m
}

 [32m鉁?[39m src/features/supply-chain/__tests__/suppliers.test.ts [2m([22m[2m2 tests[22m[2m)[22m[32m 12[2mms[22m[39m
[90mstderr[2m | src/features/finance/__tests__/ar-actions.test.ts[2m > [22m
[2mAR Actions[2m > [22m[2mrecordPayment[2m > [22m[2m濡傛灉璐﹀崟宸插叧闂簲璇ラ樆姝㈡敹娆?
[22m[39mServer Action Error: Error: Statement is already closed
    at C:/Users/bigey/Documents/Antigravity/L2C/src/features/finance/actions.ts
:188:19
[90m    at processTicksAndRejections (node:internal/process/task_queues:105:5)
[39m

[90mstderr[2m | src/features/leads/__tests__/actions.test.ts[2m > [22m[2mL
eads Server Actions[2m > [22m[2mgetLeads[2m > [22m[2mshould return pagina
ted leads
[22m[39mServer Action Error: Error: [vitest] No "marketChannelCategories" exp
ort is defined on the "@/shared/api/schema" mock. Did you forget to return it f
rom "vi.mock"?
If you need to partially mock a module, you can use "importOriginal" helper ins
ide:

    at VitestMocker.createError [90m(file:///C:/Users/bigey/Documents/Antigrav
ity/L2C/[39mnode_modules/[4m.pnpm[24m/vitest@4.0.16_@types+node@2_62eb78d569
462eac68b0f0f0e86903d8/node_modules/[4mvitest[24m/dist/chunks/startModuleRunn
er.DpqpB8k3.js:311:17[90m)[39m
    at Object.get [90m(file:///C:/Users/bigey/Documents/Antigravity/L2C/[39mn
ode_modules/[4m.pnpm[24m/vitest@4.0.16_@types+node@2_62eb78d569462eac68b0f0f0
e86903d8/node_modules/[4mvitest[24m/dist/chunks/startModuleRunner.DpqpB8k3.js
:384:16[90m)[39m
    at C:/Users/bigey/Documents/Antigravity/L2C/src/features/leads/actions.ts:1
35:33
    at Module.<anonymous> (C:/Users/bigey/Documents/Antigravity/L2C/src/shared/
lib/server-action.ts:59:34)
[90m    at processTicksAndRejections (node:internal/process/task_queues:105:5)
[39m
    at C:/Users/bigey/Documents/Antigravity/L2C/src/features/leads/__tests__/ac
tions.test.ts:163:28
    at [90mfile:///C:/Users/bigey/Documents/Antigravity/L2C/[39mnode_modules/
[4m.pnpm[24m/@vitest+runner@4.0.16/node_modules/[4m@vitest/runner[24m/dist/
index.js:915:20 {
  codeFrame: [32m'vi.mock(import("@/shared/api/schema"), async (importOriginal
) => {\n'[39m +
    [32m'  const actual = await importOriginal()\n'[39m +
    [32m'  return {\n'[39m +
    [32m'    ...actual,\n'[39m +
    [32m'    // your mocked methods\n'[39m +
    [32m'  }\n'[39m +
    [32m'})'[39m
}

[90mstderr[2m | src/features/after-sales/__tests__/actions.test.ts[2m > [22
m[2mAfter-sales Server Actions[2m > [22m[2mconfirmLiabilityNotice[2m > [2
2m[2mshould confirm liability notice and update status
[22m[39mServer Action Error: Error: [vitest] There was an error when mocking 
a module. If you are using "vi.mock" factory, make sure there are no top level 
variables inside, since this call is hoisted to top of the file. Read more: htt
ps://vitest.dev/api/vi.html#vi-mock
    at ManualMockedModule.resolve [90m(file:///C:/Users/bigey/Documents/Antigr
avity/L2C/[39mnode_modules/[4m.pnpm[24m/@vitest+mocker@4.0.16_vite@_4af44c47
a4ff6d3d16319578fd662d3a/node_modules/[4m@vitest/mocker[24m/dist/chunk-regist
ry.js:163:24[90m)[39m
    at VitestMocker.callFunctionMock [90m(file:///C:/Users/bigey/Documents/Ant
igravity/L2C/[39mnode_modules/[4m.pnpm[24m/vitest@4.0.16_@types+node@2_62eb7
8d569462eac68b0f0f0e86903d8/node_modules/[4mvitest[24m/dist/chunks/startModul
eRunner.DpqpB8k3.js:376:32[90m)[39m
[90m    ... 5 lines matching cause stack trace ...[39m
    at request [90m(file:///C:/Users/bigey/Documents/Antigravity/L2C/[39mnode
_modules/[4m.pnpm[24m/vite@7.3.0_@types+node@20.1_624f807ef5f716bedfb98ce6656
56766/node_modules/[4mvite[24m/dist/node/module-runner.js:1104:76[90m)[39m
[90m    at processTicksAndRejections (node:internal/process/task_queues:105:5)
[39m
    at Module.<anonymous> (C:/Users/bigey/Documents/Antigravity/L2C/src/shared/
lib/server-action.ts:36:30) {
  cause: ReferenceError: session is not defined
      at C:/Users/bigey/Documents/Antigravity/L2C/src/test/helpers.ts:57:41
      at ManualMockedModule.factory [90m(file:///C:/Users/bigey/Documents/Anti
gravity/L2C/[39mnode_modules/[4m.pnpm[24m/vitest@4.0.16_@types+node@2_62eb78
d569462eac68b0f0f0e86903d8/node_modules/[4mvitest[24m/dist/chunks/vi.2VT5v0um
.js:3807:78[90m)[39m
      at ManualMockedModule.resolve [90m(file:///C:/Users/bigey/Documents/Anti
gravity/L2C/[39mnode_modules/[4m.pnpm[24m/@vitest+mocker@4.0.16_vite@_4af44c
47a4ff6d3d16319578fd662d3a/node_modules/[4m@vitest/mocker[24m/dist/chunk-regi
stry.js:161:27[90m)[39m
      at VitestMocker.callFunctionMock [90m(file:///C:/Users/bigey/Documents/A
ntigravity/L2C/[39mnode_modules/[4m.pnpm[24m/vitest@4.0.16_@types+node@2_62e
b78d569462eac68b0f0f0e86903d8/node_modules/[4mvitest[24m/dist/chunks/startMod
uleRunner.DpqpB8k3.js:376:32[90m)[39m
      at [90mfile:///C:/Users/bigey/Documents/Antigravity/L2C/[39mnode_module
s/[4m.pnpm[24m/vitest@4.0.16_@types+node@2_62eb78d569462eac68b0f0f0e86903d8/n
ode_modules/[4mvitest[24m/dist/chunks/startModuleRunner.DpqpB8k3.js:497:23
      at Traces.$ [90m(file:///C:/Users/bigey/Documents/Antigravity/L2C/[39mn
ode_modules/[4m.pnpm[24m/vitest@4.0.16_@types+node@2_62eb78d569462eac68b0f0f0
e86903d8/node_modules/[4mvitest[24m/dist/chunks/traces.U4xDYhzZ.js:115:27[90
m)[39m
      at VitestMocker.requestWithMockedModule [90m(file:///C:/Users/bigey/Docu
ments/Antigravity/L2C/[39mnode_modules/[4m.pnpm[24m/vitest@4.0.16_@types+nod
e@2_62eb78d569462eac68b0f0f0e86903d8/node_modules/[4mvitest[24m/dist/chunks/s
tartModuleRunner.DpqpB8k3.js:462:21[90m)[39m
      at VitestMocker.mockedRequest [90m(file:///C:/Users/bigey/Documents/Anti
gravity/L2C/[39mnode_modules/[4m.pnpm[24m/vitest@4.0.16_@types+node@2_62eb78
d569462eac68b0f0f0e86903d8/node_modules/[4mvitest[24m/dist/chunks/startModule
Runner.DpqpB8k3.js:512:15[90m)[39m
      at VitestModuleRunner.cachedRequest [90m(file:///C:/Users/bigey/Document
s/Antigravity/L2C/[39mnode_modules/[4m.pnpm[24m/vitest@4.0.16_@types+node@2_
62eb78d569462eac68b0f0f0e86903d8/node_modules/[4mvitest[24m/dist/chunks/start
ModuleRunner.DpqpB8k3.js:664:35[90m)[39m
      at request [90m(file:///C:/Users/bigey/Documents/Antigravity/L2C/[39mno
de_modules/[4m.pnpm[24m/vite@7.3.0_@types+node@20.1_624f807ef5f716bedfb98ce66
5656766/node_modules/[4mvite[24m/dist/node/module-runner.js:1104:76[90m)[39
m
}

[90mstderr[2m | src/features/after-sales/__tests__/actions.test.ts[2m > [22
m[2mAfter-sales Server Actions[2m > [22m[2mdisputeLiabilityNotice[2m > [2
2m[2mshould dispute liability notice and record reason
[22m[39mServer Action Error: Error: [vitest] There was an error when mocking 
a module. If you are using "vi.mock" factory, make sure there are no top level 
variables inside, since this call is hoisted to top of the file. Read more: htt
ps://vitest.dev/api/vi.html#vi-mock
    at ManualMockedModule.resolve [90m(file:///C:/Users/bigey/Documents/Antigr
avity/L2C/[39mnode_modules/[4m.pnpm[24m/@vitest+mocker@4.0.16_vite@_4af44c47
a4ff6d3d16319578fd662d3a/node_modules/[4m@vitest/mocker[24m/dist/chunk-regist
ry.js:163:24[90m)[39m
    at VitestMocker.callFunctionMock [90m(file:///C:/Users/bigey/Documents/Ant
igravity/L2C/[39mnode_modules/[4m.pnpm[24m/vitest@4.0.16_@types+node@2_62eb7
8d569462eac68b0f0f0e86903d8/node_modules/[4mvitest[24m/dist/chunks/startModul
eRunner.DpqpB8k3.js:376:32[90m)[39m
[90m    ... 5 lines matching cause stack trace ...[39m
    at request [90m(file:///C:/Users/bigey/Documents/Antigravity/L2C/[39mnode
_modules/[4m.pnpm[24m/vite@7.3.0_@types+node@20.1_624f807ef5f716bedfb98ce6656
56766/node_modules/[4mvite[24m/dist/node/module-runner.js:1104:76[90m)[39m
[90m    at processTicksAndRejections (node:internal/process/task_queues:105:5)
[39m
    at Module.<anonymous> (C:/Users/bigey/Documents/Antigravity/L2C/src/shared/
lib/server-action.ts:36:30) {
  cause: ReferenceError: session is not defined
      at C:/Users/bigey/Documents/Antigravity/L2C/src/test/helpers.ts:57:41
      at ManualMockedModule.factory [90m(file:///C:/Users/bigey/Documents/Anti
gravity/L2C/[39mnode_modules/[4m.pnpm[24m/vitest@4.0.16_@types+node@2_62eb78
d569462eac68b0f0f0e86903d8/node_modules/[4mvitest[24m/dist/chunks/vi.2VT5v0um
.js:3807:78[90m)[39m
      at ManualMockedModule.resolve [90m(file:///C:/Users/bigey/Documents/Anti
gravity/L2C/[39mnode_modules/[4m.pnpm[24m/@vitest+mocker@4.0.16_vite@_4af44c
47a4ff6d3d16319578fd662d3a/node_modules/[4m@vitest/mocker[24m/dist/chunk-regi
stry.js:161:27[90m)[39m
      at VitestMocker.callFunctionMock [90m(file:///C:/Users/bigey/Documents/A
ntigravity/L2C/[39mnode_modules/[4m.pnpm[24m/vitest@4.0.16_@types+node@2_62e
b78d569462eac68b0f0f0e86903d8/node_modules/[4mvitest[24m/dist/chunks/startMod
uleRunner.DpqpB8k3.js:376:32[90m)[39m
 [32m鉁?[39m src/features/service/measurement/__tests__/actions.test.ts [2m([22m[2m28 tests[22m[2m)[22m[32m 44[2mms[22m[39m
      at [90mfile:///C:/Users/bigey/Documents/Antigravity/L2C/[39mnode_module
s/[4m.pnpm[24m/vitest@4.0.16_@types+node@2_62eb78d569462eac68b0f0f0e86903d8/n
ode_modules/[4mvitest[24m/dist/chunks/startModuleRunner.DpqpB8k3.js:497:23
      at Traces.$ [90m(file:///C:/Users/bigey/Documents/Antigravity/L2C/[39mn
ode_modules/[4m.pnpm[24m/vitest@4.0.16_@types+node@2_62eb78d569462eac68b0f0f0
e86903d8/node_modules/[4mvitest[24m/dist/chunks/traces.U4xDYhzZ.js:115:27[90
m)[39m
      at VitestMocker.requestWithMockedModule [90m(file:///C:/Users/bigey/Docu
ments/Antigravity/L2C/[39mnode_modules/[4m.pnpm[24m/vitest@4.0.16_@types+nod
e@2_62eb78d569462eac68b0f0f0e86903d8/node_modules/[4mvitest[24m/dist/chunks/s
tartModuleRunner.DpqpB8k3.js:462:21[90m)[39m
      at VitestMocker.mockedRequest [90m(file:///C:/Users/bigey/Documents/Anti
gravity/L2C/[39mnode_modules/[4m.pnpm[24m/vitest@4.0.16_@types+node@2_62eb78
d569462eac68b0f0f0e86903d8/node_modules/[4mvitest[24m/dist/chunks/startModule
Runner.DpqpB8k3.js:512:15[90m)[39m
      at VitestModuleRunner.cachedRequest [90m(file:///C:/Users/bigey/Document
s/Antigravity/L2C/[39mnode_modules/[4m.pnpm[24m/vitest@4.0.16_@types+node@2_
62eb78d569462eac68b0f0f0e86903d8/node_modules/[4mvitest[24m/dist/chunks/start
ModuleRunner.DpqpB8k3.js:664:35[90m)[39m
      at request [90m(file:///C:/Users/bigey/Documents/Antigravity/L2C/[39mno
de_modules/[4m.pnpm[24m/vite@7.3.0_@types+node@20.1_624f807ef5f716bedfb98ce66
5656766/node_modules/[4mvite[24m/dist/node/module-runner.js:1104:76[90m)[39
m
}

[90mstderr[2m | src/features/finance/__tests__/ar-actions.test.ts[2m > [22m
[2mAR Actions[2m > [22m[2mcreateRefund[2m > [22m[2m閫€娆鹃噾棰濅笉鑳借秴杩囧凡鏀舵閲戦
[22m[39mServer Action Error: Error: 閫€娆鹃噾棰濅笉鑳借秴杩囧凡鏀舵閲戦
    at C:/Users/bigey/Documents/Antigravity/L2C/src/features/finance/actions.ts
:301:19
[90m    at processTicksAndRejections (node:internal/process/task_queues:105:5)
[39m

[90mstderr[2m | src/features/after-sales/__tests__/actions.test.ts[2m > [22
m[2mAfter-sales Server Actions[2m > [22m[2mEdge Cases & Validation[2m > [
22m[2mshould prevent updating closed ticket
[22m[39mServer Action Error: Error: [vitest] There was an error when mocking 
a module. If you are using "vi.mock" factory, make sure there are no top level 
variables inside, since this call is hoisted to top of the file. Read more: htt
ps://vitest.dev/api/vi.html#vi-mock
    at ManualMockedModule.resolve [90m(file:///C:/Users/bigey/Documents/Antigr
avity/L2C/[39mnode_modules/[4m.pnpm[24m/@vitest+mocker@4.0.16_vite@_4af44c47
a4ff6d3d16319578fd662d3a/node_modules/[4m@vitest/mocker[24m/dist/chunk-regist
ry.js:163:24[90m)[39m
    at VitestMocker.callFunctionMock [90m(file:///C:/Users/bigey/Documents/Ant
igravity/L2C/[39mnode_modules/[4m.pnpm[24m/vitest@4.0.16_@types+node@2_62eb7
8d569462eac68b0f0f0e86903d8/node_modules/[4mvitest[24m/dist/chunks/startModul
eRunner.DpqpB8k3.js:376:32[90m)[39m
[90m    ... 5 lines matching cause stack trace ...[39m
    at request [90m(file:///C:/Users/bigey/Documents/Antigravity/L2C/[39mnode
_modules/[4m.pnpm[24m/vite@7.3.0_@types+node@20.1_624f807ef5f716bedfb98ce6656
56766/node_modules/[4mvite[24m/dist/node/module-runner.js:1104:76[90m)[39m
[90m    at processTicksAndRejections (node:internal/process/task_queues:105:5)
[39m
    at Module.<anonymous> (C:/Users/bigey/Documents/Antigravity/L2C/src/shared/
lib/server-action.ts:36:30) {
  cause: ReferenceError: session is not defined
      at C:/Users/bigey/Documents/Antigravity/L2C/src/test/helpers.ts:57:41
      at ManualMockedModule.factory [90m(file:///C:/Users/bigey/Documents/Anti
gravity/L2C/[39mnode_modules/[4m.pnpm[24m/vitest@4.0.16_@types+node@2_62eb78
d569462eac68b0f0f0e86903d8/node_modules/[4mvitest[24m/dist/chunks/vi.2VT5v0um
.js:3807:78[90m)[39m
      at ManualMockedModule.resolve [90m(file:///C:/Users/bigey/Documents/Anti
gravity/L2C/[39mnode_modules/[4m.pnpm[24m/@vitest+mocker@4.0.16_vite@_4af44c
47a4ff6d3d16319578fd662d3a/node_modules/[4m@vitest/mocker[24m/dist/chunk-regi
stry.js:161:27[90m)[39m
      at VitestMocker.callFunctionMock [90m(file:///C:/Users/bigey/Documents/A
ntigravity/L2C/[39mnode_modules/[4m.pnpm[24m/vitest@4.0.16_@types+node@2_62e
b78d569462eac68b0f0f0e86903d8/node_modules/[4mvitest[24m/dist/chunks/startMod
uleRunner.DpqpB8k3.js:376:32[90m)[39m
      at [90mfile:///C:/Users/bigey/Documents/Antigravity/L2C/[39mnode_module
s/[4m.pnpm[24m/vitest@4.0.16_@types+node@2_62eb78d569462eac68b0f0f0e86903d8/n
ode_modules/[4mvitest[24m/dist/chunks/startModuleRunner.DpqpB8k3.js:497:23
      at Traces.$ [90m(file:///C:/Users/bigey/Documents/Antigravity/L2C/[39mn
ode_modules/[4m.pnpm[24m/vitest@4.0.16_@types+node@2_62eb78d569462eac68b0f0f0
e86903d8/node_modules/[4mvitest[24m/dist/chunks/traces.U4xDYhzZ.js:115:27[90
m)[39m
      at VitestMocker.requestWithMockedModule [90m(file:///C:/Users/bigey/Docu
ments/Antigravity/L2C/[39mnode_modules/[4m.pnpm[24m/vitest@4.0.16_@types+nod
e@2_62eb78d569462eac68b0f0f0e86903d8/node_modules/[4mvitest[24m/dist/chunks/s
tartModuleRunner.DpqpB8k3.js:462:21[90m)[39m
      at VitestMocker.mockedRequest [90m(file:///C:/Users/bigey/Documents/Anti
gravity/L2C/[39mnode_modules/[4m.pnpm[24m/vitest@4.0.16_@types+node@2_62eb78
d569462eac68b0f0f0e86903d8/node_modules/[4mvitest[24m/dist/chunks/startModule
Runner.DpqpB8k3.js:512:15[90m)[39m
      at VitestModuleRunner.cachedRequest [90m(file:///C:/Users/bigey/Document
s/Antigravity/L2C/[39mnode_modules/[4m.pnpm[24m/vitest@4.0.16_@types+node@2_
62eb78d569462eac68b0f0f0e86903d8/node_modules/[4mvitest[24m/dist/chunks/start
ModuleRunner.DpqpB8k3.js:664:35[90m)[39m
      at request [90m(file:///C:/Users/bigey/Documents/Antigravity/L2C/[39mno
de_modules/[4m.pnpm[24m/vite@7.3.0_@types+node@20.1_624f807ef5f716bedfb98ce66
5656766/node_modules/[4mvite[24m/dist/node/module-runner.js:1104:76[90m)[39
m
}
[90mstdout[2m | src/features/leads/__tests__/actions.test.ts[2m > [22m[2mLeads Server Actions[2m > [22m[2mgetLeads[2m > [22m[2mshould apply status filter correctly
[22m[39mgetLeads Session User: {"id":"test-user-id","name":"娴嬭瘯鐢ㄦ埛","tenantId":"test-tenant-id","role":"ADMIN"}


[90mstderr[2m | src/features/after-sales/__tests__/actions.test.ts[2m > [22
m[2mAfter-sales Server Actions[2m > [22m[2mEdge Cases & Validation[2m > [
22m[2mshould prevent negative estimated cost in resolution
[22m[39mServer Action Error: Error: [vitest] There was an error when mocking 
a module. If you are using "vi.mock" factory, make sure there are no top level 
variables inside, since this call is hoisted to top of the file. Read more: htt
ps://vitest.dev/api/vi.html#vi-mock
    at ManualMockedModule.resolve [90m(file:///C:/Users/bigey/Documents/Antigr
avity/L2C/[39mnode_modules/[4m.pnpm[24m/@vitest+mocker@4.0.16_vite@_4af44c47
a4ff6d3d16319578fd662d3a/node_modules/[4m@vitest/mocker[24m/dist/chunk-regist
ry.js:163:24[90m)[39m
    at VitestMocker.callFunctionMock [90m(file:///C:/Users/bigey/Documents/Ant
igravity/L2C/[39mnode_modules/[4m.pnpm[24m/vitest@4.0.16_@types+node@2_62eb7
8d569462eac68b0f0f0e86903d8/node_modules/[4mvitest[24m/dist/chunks/startModul
eRunner.DpqpB8k3.js:376:32[90m)[39m
[90m    ... 5 lines matching cause stack trace ...[39m
    at request [90m(file:///C:/Users/bigey/Documents/Antigravity/L2C/[39mnode
_modules/[4m.pnpm[24m/vite@7.3.0_@types+node@20.1_624f807ef5f716bedfb98ce6656
56766/node_modules/[4mvite[24m/dist/node/module-runner.js:1104:76[90m)[39m
[90m    at processTicksAndRejections (node:internal/process/task_queues:105:5)
[39m
    at Module.<anonymous> (C:/Users/bigey/Documents/Antigravity/L2C/src/shared/
lib/server-action.ts:36:30) {
  cause: ReferenceError: session is not defined
      at C:/Users/bigey/Documents/Antigravity/L2C/src/test/helpers.ts:57:41
      at ManualMockedModule.factory [90m(file:///C:/Users/bigey/Documents/Anti
gravity/L2C/[39mnode_modules/[4m.pnpm[24m/vitest@4.0.16_@types+node@2_62eb78
d569462eac68b0f0f0e86903d8/node_modules/[4mvitest[24m/dist/chunks/vi.2VT5v0um
.js:3807:78[90m)[39m
      at ManualMockedModule.resolve [90m(file:///C:/Users/bigey/Documents/Anti
gravity/L2C/[39mnode_modules/[4m.pnpm[24m/@vitest+mocker@4.0.16_vite@_4af44c
47a4ff6d3d16319578fd662d3a/node_modules/[4m@vitest/mocker[24m/dist/chunk-regi
stry.js:161:27[90m)[39m
      at VitestMocker.callFunctionMock [90m(file:///C:/Users/bigey/Documents/A
ntigravity/L2C/[39mnode_modules/[4m.pnpm[24m/vitest@4.0.16_@types+node@2_62e
b78d569462eac68b0f0f0e86903d8/node_modules/[4mvitest[24m/dist/chunks/startMod
uleRunner.DpqpB8k3.js:376:32[90m)[39m
      at [90mfile:///C:/Users/bigey/Documents/Antigravity/L2C/[39mnode_module
s/[4m.pnpm[24m/vitest@4.0.16_@types+node@2_62eb78d569462eac68b0f0f0e86903d8/n
ode_modules/[4mvitest[24m/dist/chunks/startModuleRunner.DpqpB8k3.js:497:23
      at Traces.$ [90m(file:///C:/Users/bigey/Documents/Antigravity/L2C/[39mn
ode_modules/[4m.pnpm[24m/vitest@4.0.16_@types+node@2_62eb78d569462eac68b0f0f0
e86903d8/node_modules/[4mvitest[24m/dist/chunks/traces.U4xDYhzZ.js:115:27[90
m)[39m
      at VitestMocker.requestWithMockedModule [90m(file:///C:/Users/bigey/Docu
ments/Antigravity/L2C/[39mnode_modules/[4m.pnpm[24m/vitest@4.0.16_@types+nod
e@2_62eb78d569462eac68b0f0f0e86903d8/node_modules/[4mvitest[24m/dist/chunks/s
tartModuleRunner.DpqpB8k3.js:462:21[90m)[39m
      at VitestMocker.mockedRequest [90m(file:///C:/Users/bigey/Documents/Anti
gravity/L2C/[39mnode_modules/[4m.pnpm[24m/vitest@4.0.16_@types+node@2_62eb78
d569462eac68b0f0f0e86903d8/node_modules/[4mvitest[24m/dist/chunks/startModule
Runner.DpqpB8k3.js:512:15[90m)[39m
      at VitestModuleRunner.cachedRequest [90m(file:///C:/Users/bigey/Document
s/Antigravity/L2C/[39mnode_modules/[4m.pnpm[24m/vitest@4.0.16_@types+node@2_
62eb78d569462eac68b0f0f0e86903d8/node_modules/[4mvitest[24m/dist/chunks/start
ModuleRunner.DpqpB8k3.js:664:35[90m)[39m
      at request [90m(file:///C:/Users/bigey/Documents/Antigravity/L2C/[39mno
de_modules/[4m.pnpm[24m/vite@7.3.0_@types+node@20.1_624f807ef5f716bedfb98ce66
5656766/node_modules/[4mvite[24m/dist/node/module-runner.js:1104:76[90m)[39
m
}

[90mstderr[2m | src/features/leads/__tests__/actions.test.ts[2m > [22m[2mL
eads Server Actions[2m > [22m[2mgetLeads[2m > [22m[2mshould apply status 
filter correctly
[22m[39mServer Action Error: Error: [vitest] No "marketChannelCategories" exp
ort is defined on the "@/shared/api/schema" mock. Did you forget to return it f
rom "vi.mock"?
If you need to partially mock a module, you can use "importOriginal" helper ins
ide:

    at VitestMocker.createError [90m(file:///C:/Users/bigey/Documents/Antigrav
ity/L2C/[39mnode_modules/[4m.pnpm[24m/vitest@4.0.16_@types+node@2_62eb78d569
462eac68b0f0f0e86903d8/node_modules/[4mvitest[24m/dist/chunks/startModuleRunn
er.DpqpB8k3.js:311:17[90m)[39m
    at Object.get [90m(file:///C:/Users/bigey/Documents/Antigravity/L2C/[39mn
ode_modules/[4m.pnpm[24m/vitest@4.0.16_@types+node@2_62eb78d569462eac68b0f0f0
e86903d8/node_modules/[4mvitest[24m/dist/chunks/startModuleRunner.DpqpB8k3.js
:384:16[90m)[39m
    at C:/Users/bigey/Documents/Antigravity/L2C/src/features/leads/actions.ts:1
35:33
    at Module.<anonymous> (C:/Users/bigey/Documents/Antigravity/L2C/src/shared/
lib/server-action.ts:59:34)
[90m    at processTicksAndRejections (node:internal/process/task_queues:105:5)
[39m
    at C:/Users/bigey/Documents/Antigravity/L2C/src/features/leads/__tests__/ac
tions.test.ts:178:13
    at [90mfile:///C:/Users/bigey/Documents/Antigravity/L2C/[39mnode_modules/
[4m.pnpm[24m/@vitest+runner@4.0.16/node_modules/[4m@vitest/runner[24m/dist/
index.js:915:20 {
  codeFrame: [32m'vi.mock(import("@/shared/api/schema"), async (importOriginal
) => {\n'[39m +
    [32m'  const actual = await importOriginal()\n'[39m +
    [32m'  return {\n'[39m +
    [32m'    ...actual,\n'[39m +
    [32m'    // your mocked methods\n'[39m +
    [32m'  }\n'[39m +
    [32m'})'[39m
}

[90mstderr[2m | src/features/after-sales/__tests__/actions.test.ts[2m > [22
m[2mAfter-sales Server Actions[2m > [22m[2mEdge Cases & Validation[2m > [
22m[2mshould prevent non-positive quantity in exchange order
[22m[39mServer Action Error: Error: [vitest] There was an error when mocking 
a module. If you are using "vi.mock" factory, make sure there are no top level 
variables inside, since this call is hoisted to top of the file. Read more: htt
ps://vitest.dev/api/vi.html#vi-mock
    at ManualMockedModule.resolve [90m(file:///C:/Users/bigey/Documents/Antigr
avity/L2C/[39mnode_modules/[4m.pnpm[24m/@vitest+mocker@4.0.16_vite@_4af44c47
a4ff6d3d16319578fd662d3a/node_modules/[4m@vitest/mocker[24m/dist/chunk-regist
ry.js:163:24[90m)[39m
    at VitestMocker.callFunctionMock [90m(file:///C:/Users/bigey/Documents/Ant
igravity/L2C/[39mnode_modules/[4m.pnpm[24m/vitest@4.0.16_@types+node@2_62eb7
8d569462eac68b0f0f0e86903d8/node_modules/[4mvitest[24m/dist/chunks/startModul
eRunner.DpqpB8k3.js:376:32[90m)[39m
[90m    ... 5 lines matching cause stack trace ...[39m
    at request [90m(file:///C:/Users/bigey/Documents/Antigravity/L2C/[39mnode
_modules/[4m.pnpm[24m/vite@7.3.0_@types+node@20.1_624f807ef5f716bedfb98ce6656
56766/node_modules/[4mvite[24m/dist/node/module-runner.js:1104:76[90m)[39m
[90m    at processTicksAndRejections (node:internal/process/task_queues:105:5)
[39m
    at Module.<anonymous> (C:/Users/bigey/Documents/Antigravity/L2C/src/shared/
lib/server-action.ts:36:30) {
  cause: ReferenceError: session is not defined
      at C:/Users/bigey/Documents/Antigravity/L2C/src/test/helpers.ts:57:41
      at ManualMockedModule.factory [90m(file:///C:/Users/bigey/Documents/Anti
gravity/L2C/[39mnode_modules/[4m.pnpm[24m/vitest@4.0.16_@types+node@2_62eb78
d569462eac68b0f0f0e86903d8/node_modules/[4mvitest[24m/dist/chunks/vi.2VT5v0um
.js:3807:78[90m)[39m
      at ManualMockedModule.resolve [90m(file:///C:/Users/bigey/Documents/Anti
gravity/L2C/[39mnode_modules/[4m.pnpm[24m/@vitest+mocker@4.0.16_vite@_4af44c
47a4ff6d3d16319578fd662d3a/node_modules/[4m@vitest/mocker[24m/dist/chunk-regi
stry.js:161:27[90m)[39m
      at VitestMocker.callFunctionMock [90m(file:///C:/Users/bigey/Documents/A
ntigravity/L2C/[39mnode_modules/[4m.pnpm[24m/vitest@4.0.16_@types+node@2_62e
b78d569462eac68b0f0f0e86903d8/node_modules/[4mvitest[24m/dist/chunks/startMod
uleRunner.DpqpB8k3.js:376:32[90m)[39m
      at [90mfile:///C:/Users/bigey/Documents/Antigravity/L2C/[39mnode_module
s/[4m.pnpm[24m/vitest@4.0.16_@types+node@2_62eb78d569462eac68b0f0f0e86903d8/n
ode_modules/[4mvitest[24m/dist/chunks/startModuleRunner.DpqpB8k3.js:497:23
      at Traces.$ [90m(file:///C:/Users/bigey/Documents/Antigravity/L2C/[39mn
ode_modules/[4m.pnpm[24m/vitest@4.0.16_@types+node@2_62eb78d569462eac68b0f0f0
e86903d8/node_modules/[4mvitest[24m/dist/chunks/traces.U4xDYhzZ.js:115:27[90
m)[39m
      at VitestMocker.requestWithMockedModule [90m(file:///C:/Users/bigey/Docu
ments/Antigravity/L2C/[39mnode_modules/[4m.pnpm[24m/vitest@4.0.16_@types+nod
e@2_62eb78d569462eac68b0f0f0e86903d8/node_modules/[4mvitest[24m/dist/chunks/s
tartModuleRunner.DpqpB8k3.js:462:21[90m)[39m
      at VitestMocker.mockedRequest [90m(file:///C:/Users/bigey/Documents/Anti
gravity/L2C/[39mnode_modules/[4m.pnpm[24m/vitest@4.0.16_@types+node@2_62eb78
d569462eac68b0f0f0e86903d8/node_modules/[4mvitest[24m/dist/chunks/startModule
Runner.DpqpB8k3.js:512:15[90m)[39m
      at VitestModuleRunner.cachedRequest [90m(file:///C:/Users/bigey/Document
s/Antigravity/L2C/[39mnode_modules/[4m.pnpm[24m/vitest@4.0.16_@types+node@2_
62eb78d569462eac68b0f0f0e86903d8/node_modules/[4mvitest[24m/dist/chunks/start
ModuleRunner.DpqpB8k3.js:664:35[90m)[39m
      at request [90m(file:///C:/Users/bigey/Documents/Antigravity/L2C/[39mno
de_modules/[4m.pnpm[24m/vite@7.3.0_@types+node@20.1_624f807ef5f716bedfb98ce66
5656766/node_modules/[4mvite[24m/dist/node/module-runner.js:1104:76[90m)[39
m
}

 [32m鉁?[39m src/features/finance/__tests__/ar-actions.test.ts [2m([22m[2m9 tests[22m[2m)[22m[32m 24[2mms[22m[39m
[90mstdout[2m | src/features/leads/__tests__/actions.test.ts[2m > [22m[2mLeads Server Actions[2m > [22m[2mupdateLead[2m > [22m[2mshould update lead successfully
[22m[39mUpdate lead result: {
  "success": true,
  "message": "绾跨储鏇存柊鎴愬姛",
  "timestamp": 1767677428963
}

[90mstdout[2m | src/features/leads/__tests__/actions.test.ts[2m > [22m[2mLeads Server Actions[2m > [22m[2mdeleteLead[2m > [22m[2mshould delete lead successfully
[22m[39mDelete lead result: {
  "success": true,
  "message": "绾跨储宸插垹闄?,
  "timestamp": 1767677428966
}

 [31m鉂?[39m src/features/after-sales/__tests__/actions.test.ts [2m([22m[2m14 tests[22m[2m | [22m[31m14 failed[39m[2m)[22m[32m 55[2mms[22m[39m
[31m       [31m脳[31m should create a ticket successfully when customer exists[39m[32m 15[2mms[22m[39m
[31m       [31m脳[31m should throw error when customer does not exist[39m[32m 10[2mms[22m[39m
[31m       [31m脳[31m should return paginated tickets[39m[32m 4[2mms[22m[39m
[31m       [31m脳[31m should apply status filter[39m[32m 3[2mms[22m[39m
[31m       [31m脳[31m should apply type filter[39m[32m 2[2mms[22m[39m
[31m       [31m脳[31m should update status to PROCESSING on PROCESS action[39m[32m 3[2mms[22m[39m
[31m       [31m脳[31m should update status to CLOSED on CLOSE action[39m[32m 2[2mms[22m[39m
[31m       [31m脳[31m should create a liability notice successfully[39m[32m 2[2mms[22m[39m
[31m       [31m脳[31m should throw error when ticket does not exist[39m[32m 4[2mms[22m[39m
[31m       [31m脳[31m should confirm liability notice and update status[39m[32m 2[2mms[22m[39m
[31m       [31m脳[31m should dispute liability notice and record reason[39m[32m 2[2mms[22m[39m
[31m       [31m脳[31m should prevent updating closed ticket[39m[32m 2[2mms[22m[39m
[31m       [31m脳[31m should prevent negative estimated cost in resolution[39m[32m 1[2mms[22m[39m
[31m       [31m脳[31m should prevent non-positive quantity in exchange order[39m[32m 2[2mms[22m[39m
 [31m鉂?[39m src/features/leads/__tests__/actions.test.ts [2m([22m[2m10 tests[22m[2m | [22m[31m2 failed[39m[2m)[22m[32m 37[2mms[22m[39m
       [32m鉁?[39m should create a lead successfully when phone is unique[32m 8[2mms[22m[39m
       [32m鉁?[39m should return error when phone already exists[32m 1[2mms[22m[39m
       [32m鉁?[39m should return validation error for empty customer name[32m 1[2mms[22m[39m
       [32m鉁?[39m should return validation error for invalid phone format[32m 1[2mms[22m[39m
[31m       [31m脳[31m should return paginated leads[39m[32m 16[2mms[22m[39m
[31m       [31m脳[31m should apply status filter correctly[39m[32m 3[2mms[22m[39m
       [32m鉁?[39m should update lead successfully[32m 2[2mms[22m[39m
       [32m鉁?[39m should update lead with valid phone[32m 1[2mms[22m[39m
       [32m鉁?[39m should return validation error for invalid phone format[32m 1[2mms[22m[39m
       [32m鉁?[39m should delete lead successfully[32m 1[2mms[22m[39m
[90mstdout[2m | src/features/quotes/__tests__/quick-quote.test.ts[2m > [22m[2mverify createQuickQuote logic[2m > [22m[2mshould create quick quote successfully
[22m[39m[createQuickQuote] Action started { leadId: [32m'lead-1'[39m, planType: [32m'COMFORT'[39m }

[90mstdout[2m | src/features/quotes/__tests__/quick-quote.test.ts[2m > [22m[2mverify createQuickQuote logic[2m > [22m[2mshould create quick quote successfully
[22m[39m[createQuickQuote] Plans fetched { count: [33m1[39m, keys: [ [32m'COMFORT'[39m ] }

[90mstdout[2m | src/features/quotes/__tests__/quick-quote.test.ts[2m > [22m[2mverify createQuickQuote logic[2m > [22m[2mshould create quick quote successfully
[22m[39m[createQuickQuote] Plan selected { plan: [32m'Comfort'[39m }

[90mstdout[2m | src/features/finance/__tests__/reconciliation.test.ts[2m > [22m[2mFinance Reconciliation Integration[2m > [22m[2mshould NOT create duplicate AR if it already exists (Idempotency)
[22m[39mTest Failure Result: {
  "success": false,
  "error": "璇ヨ鍗曞凡瀛樺湪瀵硅处鍗?,
  "timestamp": 1767677428982
}

 [32m鉁?[39m src/features/finance/__tests__/reconciliation.test.ts [2m([22m[2m2 tests[22m[2m)[22m[32m 27[2mms[22m[39m
 [32m鉁?[39m src/features/quotes/__tests__/actions.test.ts [2m([22m[2m19 tests[22m[2m)[22m[32m 22[2mms[22m[39m
 [32m鉁?[39m src/features/quotes/__tests__/quick-quote.test.ts [2m([22m[2m2 tests[22m[2m)[22m[32m 71[2mms[22m[39m
 [32m鉁?[39m src/features/orders/__tests__/status-sync.test.ts [2m([22m[2m6 tests[22m[2m)[22m[32m 6[2mms[22m[39m
[90mstderr[2m | src/features/service/installation/__tests__/finance-integrati
on.test.ts[2m > [22m[2mInstallation Finance Integration (AP Logic)[2m > [2
2m[2mshould create a labor AP record when installation is confirmed
[22m[39mServer Action Error: Error: [vitest] No "checkPermission" export is d
efined on the "@/shared/lib/auth" mock. Did you forget to return it from "vi.mo
ck"?
If you need to partially mock a module, you can use "importOriginal" helper ins
ide:

    at VitestMocker.createError [90m(file:///C:/Users/bigey/Documents/Antigrav
ity/L2C/[39mnode_modules/[4m.pnpm[24m/vitest@4.0.16_@types+node@2_62eb78d569
462eac68b0f0f0e86903d8/node_modules/[4mvitest[24m/dist/chunks/startModuleRunn
er.DpqpB8k3.js:311:17[90m)[39m
    at Object.get [90m(file:///C:/Users/bigey/Documents/Antigravity/L2C/[39mn
ode_modules/[4m.pnpm[24m/vitest@4.0.16_@types+node@2_62eb78d569462eac68b0f0f0
e86903d8/node_modules/[4mvitest[24m/dist/chunks/startModuleRunner.DpqpB8k3.js
:384:16[90m)[39m
    at C:/Users/bigey/Documents/Antigravity/L2C/src/features/service/installati
on/actions.ts:366:5
    at Module.<anonymous> (C:/Users/bigey/Documents/Antigravity/L2C/src/shared/
lib/server-action.ts:59:34)
[90m    at processTicksAndRejections (node:internal/process/task_queues:105:5)
[39m
    at C:/Users/bigey/Documents/Antigravity/L2C/src/features/service/installati
on/__tests__/finance-integration.test.ts:79:24
    at [90mfile:///C:/Users/bigey/Documents/Antigravity/L2C/[39mnode_modules/
[4m.pnpm[24m/@vitest+runner@4.0.16/node_modules/[4m@vitest/runner[24m/dist/
index.js:915:20 {
  codeFrame: [32m'vi.mock(import("@/shared/lib/auth"), async (importOriginal) 
=> {\n'[39m +
    [32m'  const actual = await importOriginal()\n'[39m +
    [32m'  return {\n'[39m +
    [32m'    ...actual,\n'[39m +
    [32m'    // your mocked methods\n'[39m +
    [32m'  }\n'[39m +
    [32m'})'[39m
}

 [32m鉁?[39m src/features/supply-chain/__tests__/inventory-actions.test.ts [2m([22m[2m8 tests[22m[2m)[22m[32m 11[2mms[22m[39m
[90mstderr[2m | src/features/orders/__tests__/order-actions.test.ts[2m > [2
2m[2mOrder Actions[2m > [22m[2mconfirmOrderProduction[2m > [22m[2m濡傛灉鐘舵€
佷笉姝ｇ‘搴旇鎶ラ敊
[22m[39mServer Action Error: Error: 褰撳墠鐘舵€佷笉鍙帓浜?    at C:/Users/bigey/Docume
nts/Antigravity/L2C/src/features/orders/actions.ts:303:19
[90m    at processTicksAndRejections (node:internal/process/task_queues:105:5)
[39m

 [31m鉂?[39m src/features/service/installation/__tests__/finance-integration.test.ts [2m([22m[2m1 test[22m[2m | [22m[31m1 failed[39m[2m)[22m[32m 16[2mms[22m[39m
[31m     [31m脳[31m should create a labor AP record when installation is confirmed[39m[32m 14[2mms[22m[39m
[90mstderr[2m | src/features/orders/__tests__/order-actions.test.ts[2m > [2
2m[2mOrder Actions[2m > [22m[2mconfirmOrderProduction[2m > [22m[2m濡傛灉淇＄敤
棰濆害涓嶈冻涓旀湭浠樺畾閲戝簲璇ユ姤閿?[22m[39mServer Action Error: Error: 闇€鏀粯瀹氶噾鎴栫敵璇锋巿淇￠搴?  
  at C:/Users/bigey/Documents/Antigravity/L2C/src/features/orders/actions.ts:31
2:19
[90m    at processTicksAndRejections (node:internal/process/task_queues:105:5)
[39m

[90mstderr[2m | src/features/orders/__tests__/order-actions.test.ts[2m > [2
2m[2mOrder Actions[2m > [22m[2mshipOrder[2m > [22m[2m濡傛灉鐘舵€佷笉鍏佽鍙戣揣搴旇鎶ラ
敊
[22m[39mServer Action Error: Error: 璁㈠崟鐘舵€佷笉鍏佽鍙戣揣 (闇€鍦ㄧ敓浜т腑鎴栧緟鍙戣揣)
    at C:/Users/bigey/Documents/Antigravity/L2C/src/features/orders/actions.ts:
354:19
[90m    at processTicksAndRejections (node:internal/process/task_queues:105:5)
[39m

[90mstderr[2m | src/features/orders/__tests__/order-actions.test.ts[2m > [2
2m[2mOrder Actions[2m > [22m[2mcloseOrder[2m > [22m[2m濡傛灉璁㈠崟鏈畬鎴愪笉鑳藉叧闂?
[22m[39mServer Action Error: Error: 璁㈠崟鏈畬鎴愶紝涓嶈兘鍏抽棴
    at C:/Users/bigey/Documents/Antigravity/L2C/src/features/orders/actions.ts:
435:19
[90m    at processTicksAndRejections (node:internal/process/task_queues:105:5)
[39m

[90mstderr[2m | src/features/orders/__tests__/order-actions.test.ts[2m > [2
2m[2mOrder Actions[2m > [22m[2mcloseOrder[2m > [22m[2m濡傛灉鏈粯娓呮椤逛笉鑳藉叧闂?
[22m[39mServer Action Error: Error: 灏氭湁 楼200.00 鏈敹娆?    at C:/Users/bigey/Doc
uments/Antigravity/L2C/src/features/orders/actions.ts:443:19
[90m    at processTicksAndRejections (node:internal/process/task_queues:105:5)
[39m

[90mstderr[2m | src/features/orders/__tests__/order-actions.test.ts[2m > [2
2m[2mOrder Actions[2m > [22m[2mcancelOrder[2m > [22m[2m濡傛灉璁㈠崟宸插叧闂垨宸插彇娑堜
笉鑳藉啀娆″彇娑?[22m[39mServer Action Error: Error: 璁㈠崟宸插叧闂垨宸插彇娑?    at C:/Users/bi
gey/Documents/Antigravity/L2C/src/features/orders/actions.ts:484:19
[90m    at processTicksAndRejections (node:internal/process/task_queues:105:5)
[39m

 [31m鉂?[39m src/features/orders/__tests__/order-actions.test.ts [2m([22m[2m15 tests[22m[2m | [22m[31m2 failed[39m[2m)[22m[32m 32[2mms[22m[39m
       [32m鉁?[39m 搴旇鎴愬姛鑾峰彇璁㈠崟鍒楄〃[32m 5[2mms[22m[39m
       [32m鉁?[39m 搴旇鏀寔鐘舵€佺瓫閫?[32m 1[2mms[22m[39m
[31m       [31m脳[31m 搴旇鎴愬姛鑾峰彇璁㈠崟璇︽儏[39m[32m 9[2mms[22m[39m
[31m       [31m脳[31m 濡傛灉璁㈠崟涓嶅瓨鍦ㄥ簲璇ヨ繑鍥為敊璇?[39m[32m 2[2mms[22m[39m
       [32m鉁?[39m 搴旇鎴愬姛纭鎺掍骇骞惰Е鍙?PO 鐢熸垚[32m 4[2mms[22m[39m
       [32m鉁?[39m 濡傛灉鐘舵€佷笉姝ｇ‘搴旇鎶ラ敊[32m 3[2mms[22m[39m
       [32m鉁?[39m 濡傛灉淇＄敤棰濆害涓嶈冻涓旀湭浠樺畾閲戝簲璇ユ姤閿?[32m 1[2mms[22m[39m
       [32m鉁?[39m 搴旇鎴愬姛纭鍙戣揣[32m 1[2mms[22m[39m
       [32m鉁?[39m 濡傛灉鐘舵€佷笉鍏佽鍙戣揣搴旇鎶ラ敊[32m 1[2mms[22m[39m
       [32m鉁?[39m 搴旇鎴愬姛瀹屾垚璁㈠崟[32m 1[2mms[22m[39m
       [32m鉁?[39m 搴旇鎴愬姛鍏抽棴宸插畬鎴愪笖宸蹭粯娓呯殑璁㈠崟[32m 1[2mms[22m[39m
       [32m鉁?[39m 濡傛灉璁㈠崟鏈畬鎴愪笉鑳藉叧闂?[32m 1[2mms[22m[39m
       [32m鉁?[39m 濡傛灉鏈粯娓呮椤逛笉鑳藉叧闂?[32m 1[2mms[22m[39m
       [32m鉁?[39m 搴旇鎴愬姛鍙栨秷璁㈠崟[32m 1[2mms[22m[39m
       [32m鉁?[39m 濡傛灉璁㈠崟宸插叧闂垨宸插彇娑堜笉鑳藉啀娆″彇娑?[32m 1[2mms[22m[39m

[31m鈳幆鈳幆鈳幆[39m[1m[41m Failed Tests 40 [49m[22m[31m鈳幆鈳幆鈳幆鈳?[39m

[41m[1m FAIL [22m[49m src/test/rbac.test.ts[2m > [22mRBAC: requirePermiss
ion[2m > [22mshould throw Unauthorized if no session
[31m[1mTypeError[22m: You must provide a Promise to expect() when using .rej
ects, not 'undefined'.[39m
[36m [2m鉂?[22m src/test/rbac.test.ts:[2m20:57[22m[39m
    [90m 18| [39m    [34mit[39m([32m'should throw Unauthorized if no sessi
on'[39m[33m,[39m [35masync[39m () [33m=>[39m {
    [90m 19| [39m        (vi.mocked(auth) as unknown as import('vitest').Mock
).mockReso鈥?    [90m 20| [39m        await expect(requirePermission('any.perm
ission')).rejects.toTh鈥?    [90m   | [39m                                    
                    [31m^[39m
    [90m 21| [39m    })[33m;[39m
    [90m 22| [39m

[31m[2m鈳幆鈳幆鈳幆鈳幆鈳幆鈳幆鈳幆鈳幆鈳幆鈳幆鈳幆鈳痆1/40]鈳?[22m[39m

[41m[1m FAIL [22m[49m src/test/rbac.test.ts[2m > [22mRBAC: requirePermiss
ion[2m > [22mshould throw Forbidden if role is missing
[31m[1mTypeError[22m: You must provide a Promise to expect() when using .rej
ects, not 'undefined'.[39m
[36m [2m鉂?[22m src/test/rbac.test.ts:[2m25:57[22m[39m
    [90m 23| [39m    [34mit[39m([32m'should throw Forbidden if role is mis
sing'[39m[33m,[39m [35masync[39m () [33m=>[39m {
    [90m 24| [39m        (vi.mocked(auth) as unknown as import('vitest').Mock
).mockReso鈥?    [90m 25| [39m        await expect(requirePermission('any.perm
ission')).rejects.toTh鈥?    [90m   | [39m                                    
                    [31m^[39m
    [90m 26| [39m    })[33m;[39m
    [90m 27| [39m

[31m[2m鈳幆鈳幆鈳幆鈳幆鈳幆鈳幆鈳幆鈳幆鈳幆鈳幆鈳幆鈳痆2/40]鈳?[22m[39m

[41m[1m FAIL [22m[49m src/test/rbac.test.ts[2m > [22mRBAC: requirePermiss
ion[2m > [22mshould throw Forbidden if role is invalid
[31m[1mTypeError[22m: You must provide a Promise to expect() when using .rej
ects, not 'undefined'.[39m
[36m [2m鉂?[22m src/test/rbac.test.ts:[2m30:57[22m[39m
    [90m 28| [39m    [34mit[39m([32m'should throw Forbidden if role is inv
alid'[39m[33m,[39m [35masync[39m () [33m=>[39m {
    [90m 29| [39m        (vi.mocked(auth) as unknown as import('vitest').Mock
).mockReso鈥?    [90m 30| [39m        await expect(requirePermission('any.perm
ission')).rejects.toTh鈥?    [90m   | [39m                                    
                    [31m^[39m
    [90m 31| [39m    })[33m;[39m
    [90m 32| [39m

[31m[2m鈳幆鈳幆鈳幆鈳幆鈳幆鈳幆鈳幆鈳幆鈳幆鈳幆鈳幆鈳痆3/40]鈳?[22m[39m

[41m[1m FAIL [22m[49m src/test/rbac.test.ts[2m > [22mRBAC: requirePermiss
ion[2m > [22mshould allow ADMIN to access anything
[31m[1mAssertionError[22m: expected undefined to be defined[39m
[36m [2m鉂?[22m src/test/rbac.test.ts:[2m36:25[22m[39m
    [90m 34| [39m        (vi.mocked(auth) as unknown as import('vitest').Mock
).mockReso鈥?    [90m 35| [39m        const session = await requirePermission(
'some.obscure.permissi鈥?    [90m 36| [39m        [34mexpect[39m(session)[3
3m.[39m[34mtoBeDefined[39m()[33m;[39m
    [90m   | [39m                        [31m^[39m
    [90m 37| [39m    })[33m;[39m
    [90m 38| [39m

[31m[2m鈳幆鈳幆鈳幆鈳幆鈳幆鈳幆鈳幆鈳幆鈳幆鈳幆鈳幆鈳痆4/40]鈳?[22m[39m

[41m[1m FAIL [22m[49m src/test/rbac.test.ts[2m > [22mRBAC: requirePermiss
ion[2m > [22mshould allow SALES_MANAGER to access LEAD.ASSIGN
[31m[1mTypeError[22m: You must provide a Promise to expect() when using .res
olves, not 'undefined'.[39m
[36m [2m鉂?[22m src/test/rbac.test.ts:[2m41:64[22m[39m
    [90m 39| [39m    it('should allow SALES_MANAGER to access LEAD.ASSIGN', a
sync () =>鈥?    [90m 40| [39m        (vi.mocked(auth) as unknown as import('v
itest').Mock).mockReso鈥?    [90m 41| [39m        await expect(requirePermissi
on(PERMISSIONS.LEAD.ASSIGN)).resol鈥?    [90m   | [39m                        
                                       [31m^[39m
    [90m 42| [39m    })[33m;[39m
    [90m 43| [39m

[31m[2m鈳幆鈳幆鈳幆鈳幆鈳幆鈳幆鈳幆鈳幆鈳幆鈳幆鈳幆鈳痆5/40]鈳?[22m[39m

[41m[1m FAIL [22m[49m src/test/rbac.test.ts[2m > [22mRBAC: requirePermiss
ion[2m > [22mshould deny SALES (Advisor) to access LEAD.ASSIGN
[31m[1mTypeError[22m: You must provide a Promise to expect() when using .rej
ects, not 'undefined'.[39m
[36m [2m鉂?[22m src/test/rbac.test.ts:[2m47:64[22m[39m
    [90m 45| [39m        [90m// SALES role does not have LEAD.ASSIGN[39m
    [90m 46| [39m        (vi.mocked(auth) as unknown as import('vitest').Mock
).mockReso鈥?    [90m 47| [39m        await expect(requirePermission(PERMISSIO
NS.LEAD.ASSIGN)).rejec鈥?    [90m   | [39m                                    
                           [31m^[39m
    [90m 48| [39m    })[33m;[39m
    [90m 49| [39m

[31m[2m鈳幆鈳幆鈳幆鈳幆鈳幆鈳幆鈳幆鈳幆鈳幆鈳幆鈳幆鈳痆6/40]鈳?[22m[39m

[41m[1m FAIL [22m[49m src/test/rbac.test.ts[2m > [22mRBAC: requirePermiss
ion[2m > [22mshould allow SALES to access LEAD.CREATE
[31m[1mTypeError[22m: You must provide a Promise to expect() when using .res
olves, not 'undefined'.[39m
[36m [2m鉂?[22m src/test/rbac.test.ts:[2m52:64[22m[39m
    [90m 50| [39m    [34mit[39m([32m'should allow SALES to access LEAD.CRE
ATE'[39m[33m,[39m [35masync[39m () [33m=>[39m {
    [90m 51| [39m        (vi.mocked(auth) as unknown as import('vitest').Mock
).mockReso鈥?    [90m 52| [39m        await expect(requirePermission(PERMISSIO
NS.LEAD.CREATE)).resol鈥?    [90m   | [39m                                    
                           [31m^[39m
    [90m 53| [39m    })[33m;[39m
    [90m 54| [39m})[33m;[39m

[31m[2m鈳幆鈳幆鈳幆鈳幆鈳幆鈳幆鈳幆鈳幆鈳幆鈳幆鈳幆鈳痆7/40]鈳?[22m[39m

[41m[1m FAIL [22m[49m src/features/customers/__tests__/actions.test.ts[2m 
> [22mCustomers Server Actions[2m > [22mcreateCustomer[2m > [22mshould cre
ate a customer successfully when phone is unique
[31m[1mAssertionError[22m: expected false to be true // Object.is equality[
39m

[32m- Expected[39m
[31m+ Received[39m

[32m- true[39m
[31m+ false[39m

[36m [2m鉂?[22m src/features/customers/__tests__/actions.test.ts:[2m90:36[22
m[39m
    [90m 88| [39m            const result = await createCustomer(initialState
, customer鈥?    [90m 89| [39m
    [90m 90| [39m            [34mexpect[39m(result[33m.[39msuccess)[33m.
[39m[34mtoBe[39m([35mtrue[39m)[33m;[39m
    [90m   | [39m                                   [31m^[39m
    [90m 91| [39m            [34mexpect[39m(mockDbInsert)[33m.[39m[34mto
HaveBeenCalled[39m()[33m;[39m
    [90m 92| [39m        })[33m;[39m

[31m[2m鈳幆鈳幆鈳幆鈳幆鈳幆鈳幆鈳幆鈳幆鈳幆鈳幆鈳幆鈳痆8/40]鈳?[22m[39m

[41m[1m FAIL [22m[49m src/features/customers/__tests__/actions.test.ts[2m 
> [22mCustomers Server Actions[2m > [22mcreateCustomer[2m > [22mshould ret
urn error when phone already exists
[31m[1mAssertionError[22m: expected '[vitest] There was an error when mock鈥?
 to be '璇ユ墜鏈哄彿宸插瓨鍦紝璇峰嬁閲嶅褰曞叆' // Object.is equality[39m

Expected: [32m"璇ユ墜鏈哄彿宸插瓨鍦紝璇峰嬁閲嶅褰曞叆"[39m
Received: [31m"[vitest] There was an error when mocking a module. If you are u
sing "vi.mock" factory, make sure there are no top level variables inside, sinc
e this call is hoisted to top of the file. Read more: https://vitest.dev/api/vi
.html#vi-mock"[39m

[36m [2m鉂?[22m src/features/customers/__tests__/actions.test.ts:[2m103:34[2
2m[39m
    [90m101| [39m            const result = await createCustomer(initialState
, customer鈥?    [90m102| [39m
    [90m103| [39m            [34mexpect[39m(result[33m.[39merror)[33m.[
39m[34mtoBe[39m([32m'璇ユ墜鏈哄彿宸插瓨鍦紝璇峰嬁閲嶅褰曞叆'[39m)[33m;[39m
    [90m   | [39m                                 [31m^[39m
    [90m104| [39m            [34mexpect[39m(mockDbInsert)[33m.[39mnot[33
m.[39m[34mtoHaveBeenCalled[39m()[33m;[39m
    [90m105| [39m        })[33m;[39m

[31m[2m鈳幆鈳幆鈳幆鈳幆鈳幆鈳幆鈳幆鈳幆鈳幆鈳幆鈳幆鈳痆9/40]鈳?[22m[39m

[41m[1m FAIL [22m[49m src/features/customers/__tests__/actions.test.ts[2m 
> [22mCustomers Server Actions[2m > [22mgetCustomers[2m > [22mshould retur
n paginated customers
[31m[1mAssertionError[22m: expected false to be true // Object.is equality[
39m

[32m- Expected[39m
[31m+ Received[39m

[32m- true[39m
[31m+ false[39m

[36m [2m鉂?[22m src/features/customers/__tests__/actions.test.ts:[2m124:36[2
2m[39m
    [90m122| [39m            const result = await getCustomers(initialState, 
{ page: 1,鈥?    [90m123| [39m
    [90m124| [39m            [34mexpect[39m(result[33m.[39msuccess)[33m.
[39m[34mtoBe[39m([35mtrue[39m)[33m;[39m
    [90m   | [39m                                   [31m^[39m
    [90m125| [39m            [34mexpect[39m(result[33m.[39mdata)[33m.[3
9m[34mtoBeDefined[39m()[33m;[39m
    [90m126| [39m            [34mexpect[39m(result[33m.[39mdata[33m?.[3
9mdata)[33m.[39m[34mtoEqual[39m(mockCustomers)[33m;[39m

[31m[2m鈳幆鈳幆鈳幆鈳幆鈳幆鈳幆鈳幆鈳幆鈳幆鈳幆鈳幆[10/40]鈳?[22m[39m

[41m[1m FAIL [22m[49m src/features/customers/__tests__/actions.test.ts[2m 
> [22mCustomers Server Actions[2m > [22mgetCustomers[2m > [22mshould apply
 level filter correctly
[31m[1mAssertionError[22m: expected "vi.fn()" to be called at least once[39
m
[36m [2m鉂?[22m src/features/customers/__tests__/actions.test.ts:[2m135:52[2
2m[39m
    [90m133| [39m            await getCustomers(initialState, { page: 1, page
Size: 10, 鈥?    [90m134| [39m
    [90m135| [39m            [34mexpect[39m(mockDbQuery[33m.[39mcustomers
[33m.[39mfindMany)[33m.[39m[34mtoHaveBeenCalled[39m()[33m;[39m
    [90m   | [39m                                                   [31m^[3
9m
    [90m136| [39m        })[33m;[39m
    [90m137| [39m    })[33m;[39m

[31m[2m鈳幆鈳幆鈳幆鈳幆鈳幆鈳幆鈳幆鈳幆鈳幆鈳幆鈳幆[11/40]鈳?[22m[39m

[41m[1m FAIL [22m[49m src/features/customers/__tests__/actions.test.ts[2m 
> [22mCustomers Server Actions[2m > [22mupdateCustomer[2m > [22mshould upd
ate customer successfully
[31m[1mAssertionError[22m: expected false to be true // Object.is equality[
39m

[32m- Expected[39m
[31m+ Received[39m

[32m- true[39m
[31m+ false[39m

[36m [2m鉂?[22m src/features/customers/__tests__/actions.test.ts:[2m143:36[2
2m[39m
    [90m141| [39m            const result = await updateCustomer(initialState
, { id: 't鈥?    [90m142| [39m
    [90m143| [39m            [34mexpect[39m(result[33m.[39msuccess)[33m.
[39m[34mtoBe[39m([35mtrue[39m)[33m;[39m
    [90m   | [39m                                   [31m^[39m
    [90m144| [39m            [34mexpect[39m(mockDbUpdate)[33m.[39m[34mto
HaveBeenCalled[39m()[33m;[39m
    [90m145| [39m        })[33m;[39m

[31m[2m鈳幆鈳幆鈳幆鈳幆鈳幆鈳幆鈳幆鈳幆鈳幆鈳幆鈳幆[12/40]鈳?[22m[39m

[41m[1m FAIL [22m[49m src/features/customers/__tests__/actions.test.ts[2m 
> [22mCustomers Server Actions[2m > [22mupdateCustomer[2m > [22mshould map
 address to defaultAddress
[31m[1mAssertionError[22m: expected "vi.fn()" to be called at least once[39
m
[36m [2m鉂?[22m src/features/customers/__tests__/actions.test.ts:[2m150:34[2
2m[39m
    [90m148| [39m            await updateCustomer(initialState, { id: 'test-c
ustomer-id鈥?    [90m149| [39m
    [90m150| [39m            [34mexpect[39m(mockDbUpdate)[33m.[39m[34mto
HaveBeenCalled[39m()[33m;[39m
    [90m   | [39m                                 [31m^[39m
    [90m151| [39m        })[33m;[39m
    [90m152| [39m    })[33m;[39m

[31m[2m鈳幆鈳幆鈳幆鈳幆鈳幆鈳幆鈳幆鈳幆鈳幆鈳幆鈳幆[13/40]鈳?[22m[39m

[41m[1m FAIL [22m[49m src/features/after-sales/__tests__/actions.test.ts[2
m > [22mAfter-sales Server Actions[2m > [22mcreateTicket[2m > [22mshould c
reate a ticket successfully when customer exists
[31m[1mAssertionError[22m: expected false to be true // Object.is equality[
39m

[32m- Expected[39m
[31m+ Received[39m

[32m- true[39m
[31m+ false[39m

[36m [2m鉂?[22m src/features/after-sales/__tests__/actions.test.ts:[2m99:36[
22m[39m
    [90m 97| [39m            [35mconst[39m result [33m=[39m [35mawait[3
9m [34mcreateTicket[39m(ticketData)[33m;[39m
    [90m 98| [39m
    [90m 99| [39m            [34mexpect[39m(result[33m.[39msuccess)[33m.
[39m[34mtoBe[39m([35mtrue[39m)[33m;[39m
    [90m   | [39m                                   [31m^[39m
    [90m100| [39m            [34mexpect[39m(result[33m.[39mdata)[33m.[3
9m[34mtoBeDefined[39m()[33m;[39m
    [90m101| [39m            [34mexpect[39m(result[33m.[39mdata[33m?.[3
9mid)[33m.[39m[34mtoBe[39m([32m'new-ticket-id'[39m)[33m;[39m

[31m[2m鈳幆鈳幆鈳幆鈳幆鈳幆鈳幆鈳幆鈳幆鈳幆鈳幆鈳幆[14/40]鈳?[22m[39m

[41m[1m FAIL [22m[49m src/features/after-sales/__tests__/actions.test.ts[2
m > [22mAfter-sales Server Actions[2m > [22mcreateTicket[2m > [22mshould t
hrow error when customer does not exist
[31m[1mAssertionError[22m: promise resolved "{ success: false, 鈥?2) }" inste
ad of rejecting[39m

[32m- Expected[39m
[31m+ Received[39m

[32m- Error {[39m
[32m-   "message": "rejected promise",[39m
[31m+ {[39m
[31m+   "error": "[vitest] There was an error when mocking a module. If you ar
e using \"vi.mock\" factory, make sure there are no top level variables inside,
 since this call is hoisted to top of the file. Read more: https://vitest.dev/a
pi/vi.html#vi-mock",[39m
[31m+   "success": false,[39m
[31m+   "timestamp": 1767677428926,[39m
[2m  }[22m

[36m [2m鉂?[22m src/features/after-sales/__tests__/actions.test.ts:[2m110:50
[22m[39m
    [90m108| [39m            const ticketData = createTestTicketData({ custom
erId: 'non鈥?    [90m109| [39m
    [90m110| [39m            await expect(createTicket(ticketData)).rejects.t
oThrow('Cu鈥?    [90m   | [39m                                                
 [31m^[39m
    [90m111| [39m        })[33m;[39m
    [90m112| [39m    })[33m;[39m

[31m[2m鈳幆鈳幆鈳幆鈳幆鈳幆鈳幆鈳幆鈳幆鈳幆鈳幆鈳幆[15/40]鈳?[22m[39m

[41m[1m FAIL [22m[49m src/features/after-sales/__tests__/actions.test.ts[2
m > [22mAfter-sales Server Actions[2m > [22mgetTickets[2m > [22mshould ret
urn paginated tickets
[31m[1mAssertionError[22m: expected undefined to deeply equal [ Array(2) ][
39m

[32m- Expected:[39m 
[
  {
    "id": "1",
    "status": "PENDING",
    "ticketNo": "AS001",
    "type": "REPAIR",
  },
  {
    "id": "2",
    "status": "PROCESSING",
    "ticketNo": "AS002",
    "type": "CLEAN",
  },
]

[31m+ Received:[39m 
undefined

[36m [2m鉂?[22m src/features/after-sales/__tests__/actions.test.ts:[2m124:33
[22m[39m
    [90m122| [39m            [35mconst[39m result [33m=[39m [35mawait[3
9m [34mgetTickets[39m({ page[33m:[39m [34m1[39m[33m,[39m pageSize[33m:
[39m [34m10[39m })[33m;[39m
    [90m123| [39m
    [90m124| [39m            [34mexpect[39m(result[33m.[39mdata)[33m.[3
9m[34mtoEqual[39m(mockTickets)[33m;[39m
    [90m   | [39m                                [31m^[39m
    [90m125| [39m        })[33m;[39m
    [90m126| [39m

[31m[2m鈳幆鈳幆鈳幆鈳幆鈳幆鈳幆鈳幆鈳幆鈳幆鈳幆鈳幆[16/40]鈳?[22m[39m

[41m[1m FAIL [22m[49m src/features/after-sales/__tests__/actions.test.ts[2
m > [22mAfter-sales Server Actions[2m > [22mgetTickets[2m > [22mshould app
ly status filter
[31m[1mAssertionError[22m: expected "vi.fn()" to be called at least once[39
m
[36m [2m鉂?[22m src/features/after-sales/__tests__/actions.test.ts:[2m132:60
[22m[39m
    [90m130| [39m            await getTickets({ page: 1, pageSize: 10, status
: 'PENDING鈥?    [90m131| [39m
    [90m132| [39m            expect(mockDbQuery.afterSalesTickets.findMany).t
oHaveBeenC鈥?    [90m   | [39m                                                
           [31m^[39m
    [90m133| [39m        })[33m;[39m
    [90m134| [39m

[31m[2m鈳幆鈳幆鈳幆鈳幆鈳幆鈳幆鈳幆鈳幆鈳幆鈳幆鈳幆[17/40]鈳?[22m[39m

[41m[1m FAIL [22m[49m src/features/after-sales/__tests__/actions.test.ts[2
m > [22mAfter-sales Server Actions[2m > [22mgetTickets[2m > [22mshould app
ly type filter
[31m[1mAssertionError[22m: expected "vi.fn()" to be called at least once[39
m
[36m [2m鉂?[22m src/features/after-sales/__tests__/actions.test.ts:[2m140:60
[22m[39m
    [90m138| [39m            await getTickets({ page: 1, pageSize: 10, type: 
'REPAIR' }鈥?    [90m139| [39m
    [90m140| [39m            expect(mockDbQuery.afterSalesTickets.findMany).t
oHaveBeenC鈥?    [90m   | [39m                                                
           [31m^[39m
    [90m141| [39m        })[33m;[39m
    [90m142| [39m    })[33m;[39m

[31m[2m鈳幆鈳幆鈳幆鈳幆鈳幆鈳幆鈳幆鈳幆鈳幆鈳幆鈳幆[18/40]鈳?[22m[39m

[41m[1m FAIL [22m[49m src/features/after-sales/__tests__/actions.test.ts[2
m > [22mAfter-sales Server Actions[2m > [22mupdateTicketStatus[2m > [22msh
ould update status to PROCESSING on PROCESS action
[31m[1mAssertionError[22m: expected { success: false, 鈥?2) } to deeply equal
 { success: true }[39m

[32m- Expected[39m
[31m+ Received[39m

[2m  {[22m
[32m-   "success": true,[39m
[31m+   "error": "[vitest] There was an error when mocking a module. If you ar
e using \"vi.mock\" factory, make sure there are no top level variables inside,
 since this call is hoisted to top of the file. Read more: https://vitest.dev/a
pi/vi.html#vi-mock",[39m
[31m+   "success": false,[39m
[31m+   "timestamp": 1767677428944,[39m
[2m  }[22m

[36m [2m鉂?[22m src/features/after-sales/__tests__/actions.test.ts:[2m148:28
[22m[39m
    [90m146| [39m            const result = await updateTicketStatus({ id: 't
est-ticket鈥?    [90m147| [39m
    [90m148| [39m            [34mexpect[39m(result)[33m.[39m[34mtoEqual
[39m({ success[33m:[39m [35mtrue[39m })[33m;[39m
    [90m   | [39m                           [31m^[39m
    [90m149| [39m            [34mexpect[39m(mockDbUpdate)[33m.[39m[34mto
HaveBeenCalled[39m()[33m;[39m
    [90m150| [39m        })[33m;[39m

[31m[2m鈳幆鈳幆鈳幆鈳幆鈳幆鈳幆鈳幆鈳幆鈳幆鈳幆鈳幆[19/40]鈳?[22m[39m

[41m[1m FAIL [22m[49m src/features/after-sales/__tests__/actions.test.ts[2
m > [22mAfter-sales Server Actions[2m > [22mupdateTicketStatus[2m > [22msh
ould update status to CLOSED on CLOSE action
[31m[1mAssertionError[22m: expected { success: false, 鈥?2) } to deeply equal
 { success: true }[39m

[32m- Expected[39m
[31m+ Received[39m

[2m  {[22m
[32m-   "success": true,[39m
[31m+   "error": "[vitest] There was an error when mocking a module. If you ar
e using \"vi.mock\" factory, make sure there are no top level variables inside,
 since this call is hoisted to top of the file. Read more: https://vitest.dev/a
pi/vi.html#vi-mock",[39m
[31m+   "success": false,[39m
[31m+   "timestamp": 1767677428946,[39m
[2m  }[22m

[36m [2m鉂?[22m src/features/after-sales/__tests__/actions.test.ts:[2m155:28
[22m[39m
    [90m153| [39m            const result = await updateTicketStatus({ id: 't
est-ticket鈥?    [90m154| [39m
    [90m155| [39m            [34mexpect[39m(result)[33m.[39m[34mtoEqual
[39m({ success[33m:[39m [35mtrue[39m })[33m;[39m
    [90m   | [39m                           [31m^[39m
    [90m156| [39m            [34mexpect[39m(mockDbUpdate)[33m.[39m[34mto
HaveBeenCalled[39m()[33m;[39m
    [90m157| [39m        })[33m;[39m

[31m[2m鈳幆鈳幆鈳幆鈳幆鈳幆鈳幆鈳幆鈳幆鈳幆鈳幆鈳幆[20/40]鈳?[22m[39m

[41m[1m FAIL [22m[49m src/features/after-sales/__tests__/actions.test.ts[2
m > [22mAfter-sales Server Actions[2m > [22mcreateLiabilityNotice[2m > [22
mshould create a liability notice successfully
[31m[1mAssertionError[22m: expected { success: false, 鈥?2) } to deeply equal
 { success: true }[39m

[32m- Expected[39m
[31m+ Received[39m

[2m  {[22m
[32m-   "success": true,[39m
[31m+   "error": "[vitest] There was an error when mocking a module. If you ar
e using \"vi.mock\" factory, make sure there are no top level variables inside,
 since this call is hoisted to top of the file. Read more: https://vitest.dev/a
pi/vi.html#vi-mock",[39m
[31m+   "success": false,[39m
[31m+   "timestamp": 1767677428948,[39m
[2m  }[22m

[36m [2m鉂?[22m src/features/after-sales/__tests__/actions.test.ts:[2m172:28
[22m[39m
    [90m170| [39m            })[33m;[39m
    [90m171| [39m
    [90m172| [39m            [34mexpect[39m(result)[33m.[39m[34mtoEqual
[39m({ success[33m:[39m [35mtrue[39m })[33m;[39m
    [90m   | [39m                           [31m^[39m
    [90m173| [39m            [34mexpect[39m(mockDbInsert)[33m.[39m[34mto
HaveBeenCalled[39m()[33m;[39m
    [90m174| [39m        })[33m;[39m

[31m[2m鈳幆鈳幆鈳幆鈳幆鈳幆鈳幆鈳幆鈳幆鈳幆鈳幆鈳幆[21/40]鈳?[22m[39m

[41m[1m FAIL [22m[49m src/features/after-sales/__tests__/actions.test.ts[2
m > [22mAfter-sales Server Actions[2m > [22mcreateLiabilityNotice[2m > [22
mshould throw error when ticket does not exist
[31m[1mAssertionError[22m: promise resolved "{ success: false, 鈥?2) }" inste
ad of rejecting[39m

[32m- Expected[39m
[31m+ Received[39m

[32m- Error {[39m
[32m-   "message": "rejected promise",[39m
[31m+ {[39m
[31m+   "error": "[vitest] There was an error when mocking a module. If you ar
e using \"vi.mock\" factory, make sure there are no top level variables inside,
 since this call is hoisted to top of the file. Read more: https://vitest.dev/a
pi/vi.html#vi-mock",[39m
[31m+   "success": false,[39m
[31m+   "timestamp": 1767677428951,[39m
[2m  }[22m

[36m [2m鉂?[22m src/features/after-sales/__tests__/actions.test.ts:[2m184:15
[22m[39m
    [90m182| [39m                costAmount[33m:[39m [34m500[39m[33m,[3
9m
    [90m183| [39m                reason[33m:[39m [32m'娴嬭瘯'[39m[33m,[39m
    [90m184| [39m            }))[33m.[39mrejects[33m.[39m[34mtoThrow[39
m([32m'Ticket not found'[39m)[33m;[39m
    [90m   | [39m              [31m^[39m
    [90m185| [39m        })[33m;[39m
    [90m186| [39m    })[33m;[39m

[31m[2m鈳幆鈳幆鈳幆鈳幆鈳幆鈳幆鈳幆鈳幆鈳幆鈳幆鈳幆[22/40]鈳?[22m[39m

[41m[1m FAIL [22m[49m src/features/after-sales/__tests__/actions.test.ts[2
m > [22mAfter-sales Server Actions[2m > [22mconfirmLiabilityNotice[2m > [2
2mshould confirm liability notice and update status
[31m[1mAssertionError[22m: expected { success: false, 鈥?2) } to deeply equal
 { success: true }[39m

[32m- Expected[39m
[31m+ Received[39m

[2m  {[22m
[32m-   "success": true,[39m
[31m+   "error": "[vitest] There was an error when mocking a module. If you ar
e using \"vi.mock\" factory, make sure there are no top level variables inside,
 since this call is hoisted to top of the file. Read more: https://vitest.dev/a
pi/vi.html#vi-mock",[39m
[31m+   "success": false,[39m
[31m+   "timestamp": 1767677428954,[39m
[2m  }[22m

[36m [2m鉂?[22m src/features/after-sales/__tests__/actions.test.ts:[2m194:28
[22m[39m
    [90m192| [39m            const result = await confirmLiabilityNotice({ id
: 'notice-鈥?    [90m193| [39m
    [90m194| [39m            [34mexpect[39m(result)[33m.[39m[34mtoEqual
[39m({ success[33m:[39m [35mtrue[39m })[33m;[39m
    [90m   | [39m                           [31m^[39m
    [90m195| [39m            [34mexpect[39m(mockDbUpdate)[33m.[39m[34mto
HaveBeenCalled[39m()[33m;[39m
    [90m196| [39m        })[33m;[39m

[31m[2m鈳幆鈳幆鈳幆鈳幆鈳幆鈳幆鈳幆鈳幆鈳幆鈳幆鈳幆[23/40]鈳?[22m[39m

[41m[1m FAIL [22m[49m src/features/after-sales/__tests__/actions.test.ts[2
m > [22mAfter-sales Server Actions[2m > [22mdisputeLiabilityNotice[2m > [2
2mshould dispute liability notice and record reason
[31m[1mAssertionError[22m: expected { success: false, 鈥?2) } to deeply equal
 { success: true }[39m

[32m- Expected[39m
[31m+ Received[39m

[2m  {[22m
[32m-   "success": true,[39m
[31m+   "error": "[vitest] There was an error when mocking a module. If you ar
e using \"vi.mock\" factory, make sure there are no top level variables inside,
 since this call is hoisted to top of the file. Read more: https://vitest.dev/a
pi/vi.html#vi-mock",[39m
[31m+   "success": false,[39m
[31m+   "timestamp": 1767677428956,[39m
[2m  }[22m

[36m [2m鉂?[22m src/features/after-sales/__tests__/actions.test.ts:[2m205:28
[22m[39m
    [90m203| [39m            const result = await disputeLiabilityNotice({ id
: 'notice-鈥?    [90m204| [39m
    [90m205| [39m            [34mexpect[39m(result)[33m.[39m[34mtoEqual
[39m({ success[33m:[39m [35mtrue[39m })[33m;[39m
    [90m   | [39m                           [31m^[39m
    [90m206| [39m            [34mexpect[39m(mockDbUpdate)[33m.[39m[34mto
HaveBeenCalled[39m()[33m;[39m
    [90m207| [39m        })[33m;[39m

[31m[2m鈳幆鈳幆鈳幆鈳幆鈳幆鈳幆鈳幆鈳幆鈳幆鈳幆鈳幆[24/40]鈳?[22m[39m

[41m[1m FAIL [22m[49m src/features/after-sales/__tests__/actions.test.ts[2
m > [22mAfter-sales Server Actions[2m > [22mEdge Cases & Validation[2m > [
22mshould prevent updating closed ticket
[31m[1mAssertionError[22m: promise resolved "{ success: false, 鈥?2) }" inste
ad of rejecting[39m

[32m- Expected[39m
[31m+ Received[39m

[32m- Error {[39m
[32m-   "message": "rejected promise",[39m
[31m+ {[39m
[31m+   "error": "[vitest] There was an error when mocking a module. If you ar
e using \"vi.mock\" factory, make sure there are no top level variables inside,
 since this call is hoisted to top of the file. Read more: https://vitest.dev/a
pi/vi.html#vi-mock",[39m
[31m+   "success": false,[39m
[31m+   "timestamp": 1767677428958,[39m
[2m  }[22m

[36m [2m鉂?[22m src/features/after-sales/__tests__/actions.test.ts:[2m212:84
[22m[39m
    [90m210| [39m        [34mit[39m([32m'should prevent updating closed ti
cket'[39m[33m,[39m [35masync[39m () [33m=>[39m {
    [90m211| [39m            mockDbQuery.afterSalesTickets.findFirst.mockReso
lvedValueO鈥?    [90m212| [39m            await expect(updateTicketStatus({ id
: 'ticket-id', action:鈥?    [90m   | [39m                                    
                                               [31m^[39m
    [90m213| [39m        })[33m;[39m
    [90m214| [39m

[31m[2m鈳幆鈳幆鈳幆鈳幆鈳幆鈳幆鈳幆鈳幆鈳幆鈳幆鈳幆[25/40]鈳?[22m[39m

[41m[1m FAIL [22m[49m src/features/after-sales/__tests__/actions.test.ts[2
m > [22mAfter-sales Server Actions[2m > [22mEdge Cases & Validation[2m > [
22mshould prevent negative estimated cost in resolution
[31m[1mAssertionError[22m: promise resolved "{ success: false, 鈥?2) }" inste
ad of rejecting[39m

[32m- Expected[39m
[31m+ Received[39m

[32m- Error {[39m
[32m-   "message": "rejected promise",[39m
[31m+ {[39m
[31m+   "error": "[vitest] There was an error when mocking a module. If you ar
e using \"vi.mock\" factory, make sure there are no top level variables inside,
 since this call is hoisted to top of the file. Read more: https://vitest.dev/a
pi/vi.html#vi-mock",[39m
[31m+   "success": false,[39m
[31m+   "timestamp": 1767677428960,[39m
[2m  }[22m

[36m [2m鉂?[22m src/features/after-sales/__tests__/actions.test.ts:[2m221:15
[22m[39m
    [90m219| [39m                description[33m:[39m [32m'test'[39m[33m
,[39m
    [90m220| [39m                estimatedCost[33m:[39m [33m-[39m[34m100
[39m[33m,[39m
    [90m221| [39m            }))[33m.[39mrejects[33m.[39m[34mtoThrow[39
m([32m'Estimated cost cannot be negative'[39m)[33m;[39m
    [90m   | [39m              [31m^[39m
    [90m222| [39m        })[33m;[39m
    [90m223| [39m

[31m[2m鈳幆鈳幆鈳幆鈳幆鈳幆鈳幆鈳幆鈳幆鈳幆鈳幆鈳幆[26/40]鈳?[22m[39m

[41m[1m FAIL [22m[49m src/features/after-sales/__tests__/actions.test.ts[2
m > [22mAfter-sales Server Actions[2m > [22mEdge Cases & Validation[2m > [
22mshould prevent non-positive quantity in exchange order
[31m[1mAssertionError[22m: promise resolved "{ success: false, 鈥?2) }" inste
ad of rejecting[39m

[32m- Expected[39m
[31m+ Received[39m

[32m- Error {[39m
[32m-   "message": "rejected promise",[39m
[31m+ {[39m
[31m+   "error": "[vitest] There was an error when mocking a module. If you ar
e using \"vi.mock\" factory, make sure there are no top level variables inside,
 since this call is hoisted to top of the file. Read more: https://vitest.dev/a
pi/vi.html#vi-mock",[39m
[31m+   "success": false,[39m
[31m+   "timestamp": 1767677428961,[39m
[2m  }[22m

[36m [2m鉂?[22m src/features/after-sales/__tests__/actions.test.ts:[2m232:16
[22m[39m
    [90m230| [39m            await expect(createExchangeOrder({ resolutionId:
 'resoluti鈥?    [90m231| [39m                items[33m:[39m [{ productName
[33m:[39m [32m'p1'[39m[33m,[39m qty[33m:[39m [34m0[39m[33m,[39m unit
Price[33m:[39m [34m100[39m }][33m,[39m
    [90m232| [39m            }}))[33m.[39mrejects[33m.[39m[34mtoThrow[3
9m([32m'Quantity must be positive'[39m)[33m;[39m
    [90m   | [39m               [31m^[39m
    [90m233| [39m        })[33m;[39m
    [90m234| [39m    })[33m;[39m

[31m[2m鈳幆鈳幆鈳幆鈳幆鈳幆鈳幆鈳幆鈳幆鈳幆鈳幆鈳幆[27/40]鈳?[22m[39m

[41m[1m FAIL [22m[49m src/features/leads/__tests__/actions.test.ts[2m > [
22mLeads Server Actions[2m > [22mgetLeads[2m > [22mshould return paginated 
leads
[31m[1mAssertionError[22m: expected false to be true // Object.is equality[
39m

[32m- Expected[39m
[31m+ Received[39m

[32m- true[39m
[31m+ false[39m

[36m [2m鉂?[22m src/features/leads/__tests__/actions.test.ts:[2m165:36[22m[
39m
    [90m163| [39m            const result = await getLeads(initialState, { pa
ge: 1, pag鈥?    [90m164| [39m
    [90m165| [39m            [34mexpect[39m(result[33m.[39msuccess)[33m.
[39m[34mtoBe[39m([35mtrue[39m)[33m;[39m
    [90m   | [39m                                   [31m^[39m
    [90m166| [39m            [34mexpect[39m(result[33m.[39mdata)[33m.[3
9m[34mtoBeDefined[39m()[33m;[39m
    [90m167| [39m            [34mexpect[39m(result[33m.[39mdata[33m?.[3
9mlist)[33m.[39m[34mtoEqual[39m(mockLeads)[33m;[39m

[31m[2m鈳幆鈳幆鈳幆鈳幆鈳幆鈳幆鈳幆鈳幆鈳幆鈳幆鈳幆[28/40]鈳?[22m[39m

[41m[1m FAIL [22m[49m src/features/leads/__tests__/actions.test.ts[2m > [
22mLeads Server Actions[2m > [22mgetLeads[2m > [22mshould apply status filt
er correctly
[31m[1mAssertionError[22m: expected "vi.fn()" to be called at least once[39
m
[36m [2m鉂?[22m src/features/leads/__tests__/actions.test.ts:[2m180:48[22m[
39m
    [90m178| [39m            await getLeads(initialState, { page: 1, pageSize
: 10, stat鈥?    [90m179| [39m
    [90m180| [39m            [34mexpect[39m(mockDbQuery[33m.[39mleads[33
m.[39mfindMany)[33m.[39m[34mtoHaveBeenCalled[39m()[33m;[39m
    [90m   | [39m                                               [31m^[39m
    [90m181| [39m        })[33m;[39m
    [90m182| [39m    })[33m;[39m

[31m[2m鈳幆鈳幆鈳幆鈳幆鈳幆鈳幆鈳幆鈳幆鈳幆鈳幆鈳幆[29/40]鈳?[22m[39m

[41m[1m FAIL [22m[49m src/features/orders/__tests__/order-actions.test.ts[
2m > [22mOrder Actions[2m > [22mgetOrderById[2m > [22m搴旇鎴愬姛鑾峰彇璁㈠崟璇︽儏
[31m[1mAssertionError[22m: expected false to be true // Object.is equality[
39m

[32m- Expected[39m
[31m+ Received[39m

[32m- true[39m
[31m+ false[39m

[36m [2m鉂?[22m src/features/orders/__tests__/order-actions.test.ts:[2m139:36
[22m[39m
    [90m137| [39m            [35mconst[39m result [33m=[39m [35mawait[3
9m [34mgetOrderById[39m({ id[33m:[39m [32m'o1'[39m })[33m;[39m
    [90m138| [39m
    [90m139| [39m            [34mexpect[39m(result[33m.[39msuccess)[33m.
[39m[34mtoBe[39m([35mtrue[39m)[33m;[39m
    [90m   | [39m                                   [31m^[39m
    [90m140| [39m            [34mexpect[39m(result[33m.[39mdata)[33m.[3
9m[34mtoEqual[39m(mockOrder)[33m;[39m
    [90m141| [39m        })[33m;[39m

[31m[2m鈳幆鈳幆鈳幆鈳幆鈳幆鈳幆鈳幆鈳幆鈳幆鈳幆鈳幆[30/40]鈳?[22m[39m

[41m[1m FAIL [22m[49m src/features/orders/__tests__/order-actions.test.ts[
2m > [22mOrder Actions[2m > [22mgetOrderById[2m > [22m濡傛灉璁㈠崟涓嶅瓨鍦ㄥ簲璇ヨ繑鍥為敊璇?
[31m[1mAssertionError[22m: expected '杈撳叆鏁版嵁楠岃瘉澶辫触' to be 'Order not found' /
/ Object.is equality[39m

Expected: [32m"Order not found"[39m
Received: [31m"杈撳叆鏁版嵁楠岃瘉澶辫触"[39m

[36m [2m鉂?[22m src/features/orders/__tests__/order-actions.test.ts:[2m149:34
[22m[39m
    [90m147| [39m
    [90m148| [39m            [34mexpect[39m(result[33m.[39msuccess)[33m.
[39m[34mtoBe[39m([35mfalse[39m)[33m;[39m
    [90m149| [39m            [34mexpect[39m(result[33m.[39merror)[33m.[
39m[34mtoBe[39m([32m'Order not found'[39m)[33m;[39m
    [90m   | [39m                                 [31m^[39m
    [90m150| [39m        })[33m;[39m
    [90m151| [39m    })[33m;[39m

[31m[2m鈳幆鈳幆鈳幆鈳幆鈳幆鈳幆鈳幆鈳幆鈳幆鈳幆鈳幆[31/40]鈳?[22m[39m

[41m[1m FAIL [22m[49m src/features/supply-chain/__tests__/po-lifecycle.test
.ts[2m > [22mPO Lifecycle[2m > [22mshould create a PO in DRAFT status
[31m[1mAssertionError[22m: expected false to be true // Object.is equality[
39m

[32m- Expected[39m
[31m+ Received[39m

[32m- true[39m
[31m+ false[39m

[36m [2m鉂?[22m src/features/supply-chain/__tests__/po-lifecycle.test.ts:[2m9
4:32[22m[39m
    [90m 92| [39m
    [90m 93| [39m        [90m// Result is the PO object wrapped in ActionSta
te[39m
    [90m 94| [39m        [34mexpect[39m(result[33m.[39msuccess)[33m.[39
m[34mtoBe[39m([35mtrue[39m)[33m;[39m
    [90m   | [39m                               [31m^[39m
    [90m 95| [39m        [34mexpect[39m(result[33m.[39mdata)[33m.[39m[
34mtoHaveProperty[39m([32m'id'[39m[33m,[39m [32m'new-po-id'[39m)[33m;[
39m
    [90m 96| [39m        [34mexpect[39m(result[33m.[39mdata[33m![39m[3
3m.[39mstatus)[33m.[39m[34mtoBe[39m([32m'DRAFT'[39m)[33m;[39m

[31m[2m鈳幆鈳幆鈳幆鈳幆鈳幆鈳幆鈳幆鈳幆鈳幆鈳幆鈳幆[32/40]鈳?[22m[39m

[41m[1m FAIL [22m[49m src/features/supply-chain/__tests__/po-lifecycle.test
.ts[2m > [22mPO Lifecycle[2m > [22mshould receive PO and trigger AP creatio
n
[31m[1mAssertionError[22m: expected false to be true // Object.is equality[
39m

[32m- Expected[39m
[31m+ Received[39m

[32m- true[39m
[31m+ false[39m

[36m [2m鉂?[22m src/features/supply-chain/__tests__/po-lifecycle.test.ts:[2m1
12:32[22m[39m
    [90m110| [39m        [35mconst[39m result [33m=[39m [35mawait[39m 
[34mreceivePO[39m({ poId })[33m;[39m
    [90m111| [39m
    [90m112| [39m        [34mexpect[39m(result[33m.[39msuccess)[33m.[39
m[34mtoBe[39m([35mtrue[39m)[33m;[39m
    [90m   | [39m                               [31m^[39m
    [90m113| [39m        [34mexpect[39m(result[33m.[39mdata)[33m.[39m[
34mtoHaveProperty[39m([32m'id'[39m[33m,[39m poId)[33m;[39m
    [90m114| [39m

[31m[2m鈳幆鈳幆鈳幆鈳幆鈳幆鈳幆鈳幆鈳幆鈳幆鈳幆鈳幆[33/40]鈳?[22m[39m

[41m[1m FAIL [22m[49m src/features/finance/ap/__tests__/ap-actions.test.ts
[2m > [22mAP Actions[2m > [22mcreateApStatement (LABOR)[2m > [22m搴旇鎴愬姛鍒涘缓
鍖呭惈娴嬮噺銆佸畨瑁呬换鍔″拰鎵ｆ鐨勫璐﹀崟
[31m[1mAssertionError[22m: expected false to be true // Object.is equality[
39m

[32m- Expected[39m
[31m+ Received[39m

[32m- true[39m
[31m+ false[39m

[36m [2m鉂?[22m src/features/finance/ap/__tests__/ap-actions.test.ts:[2m127:3
6[22m[39m
    [90m125| [39m
    [90m126| [39m            [90m// Assertions[39m
    [90m127| [39m            [34mexpect[39m(result[33m.[39msuccess)[33m.
[39m[34mtoBe[39m([35mtrue[39m)[33m;[39m
    [90m   | [39m                                   [31m^[39m
    [90m128| [39m            expect((result.data as { statementNo: string })?
.statement鈥?    [90m129| [39m

[31m[2m鈳幆鈳幆鈳幆鈳幆鈳幆鈳幆鈳幆鈳幆鈳幆鈳幆鈳幆[34/40]鈳?[22m[39m

[41m[1m FAIL [22m[49m src/features/finance/ap/__tests__/ap-actions.test.ts
[2m > [22mAP Actions[2m > [22mcreateApStatement (LABOR)[2m > [22m濡傛灉娌℃湁鍙粨
绠楅」搴旇杩斿洖閿欒
[31m[1mAssertionError[22m: expected '杈撳叆鏁版嵁楠岃瘉澶辫触' to contain 'No billable i
tems'[39m

Expected: [32m"No billable items"[39m
Received: [31m"杈撳叆鏁版嵁楠岃瘉澶辫触"[39m

[36m [2m鉂?[22m src/features/finance/ap/__tests__/ap-actions.test.ts:[2m163:3
4[22m[39m
    [90m161| [39m
    [90m162| [39m            [34mexpect[39m(result[33m.[39msuccess)[33m.
[39m[34mtoBe[39m([35mfalse[39m)[33m;[39m
    [90m163| [39m            [34mexpect[39m(result[33m.[39merror)[33m.[
39m[34mtoContain[39m([32m'No billable items'[39m)[33m;[39m
    [90m   | [39m                                 [31m^[39m
    [90m164| [39m        })[33m;[39m
    [90m165| [39m    })[33m;[39m

[31m[2m鈳幆鈳幆鈳幆鈳幆鈳幆鈳幆鈳幆鈳幆鈳幆鈳幆鈳幆[35/40]鈳?[22m[39m

[41m[1m FAIL [22m[49m src/features/finance/ap/__tests__/ap-actions.test.ts
[2m > [22mAP Actions[2m > [22mcreateApStatement (SUPPLIER)[2m > [22m搴旇鎴愬姛
鍒涘缓鍖呭惈閲囪喘鍗曠殑瀵硅处鍗?[31m[1mAssertionError[22m: expected false to be true // Obj
ect.is equality[39m

[32m- Expected[39m
[31m+ Received[39m

[32m- true[39m
[31m+ false[39m

[36m [2m鉂?[22m src/features/finance/ap/__tests__/ap-actions.test.ts:[2m204:3
6[22m[39m
    [90m202| [39m            })[33m;[39m
    [90m203| [39m
    [90m204| [39m            [34mexpect[39m(result[33m.[39msuccess)[33m.
[39m[34mtoBe[39m([35mtrue[39m)[33m;[39m
    [90m   | [39m                                   [31m^[39m
    [90m205| [39m
    [90m206| [39m            [90m// Verify Total: 500.50 + 200.00 = 700.50[
39m

[31m[2m鈳幆鈳幆鈳幆鈳幆鈳幆鈳幆鈳幆鈳幆鈳幆鈳幆鈳幆[36/40]鈳?[22m[39m

[41m[1m FAIL [22m[49m src/features/finance/ap/__tests__/ap-actions.test.ts
[2m > [22mAP Actions[2m > [22mPermissions[2m > [22m濡傛灉娌℃湁鏉冮檺搴旇鎶涘嚭閿欒
[31m[1mAssertionError[22m: expected '杈撳叆鏁版嵁楠岃瘉澶辫触' to contain 'Unauthorized'
[39m

Expected: [32m"Unauthorized"[39m
Received: [31m"杈撳叆鏁版嵁楠岃瘉澶辫触"[39m

[36m [2m鉂?[22m src/features/finance/ap/__tests__/ap-actions.test.ts:[2m280:3
4[22m[39m
    [90m278| [39m
    [90m279| [39m            [34mexpect[39m(result[33m.[39msuccess)[33m.
[39m[34mtoBe[39m([35mfalse[39m)[33m;[39m
    [90m280| [39m            [34mexpect[39m(result[33m.[39merror)[33m.[
39m[34mtoContain[39m([32m'Unauthorized'[39m)[33m;[39m
    [90m   | [39m                                 [31m^[39m
    [90m281| [39m        })[33m;[39m
    [90m282| [39m    })[33m;[39m

[31m[2m鈳幆鈳幆鈳幆鈳幆鈳幆鈳幆鈳幆鈳幆鈳幆鈳幆鈳幆[37/40]鈳?[22m[39m

[41m[1m FAIL [22m[49m src/features/service/installation/__tests__/finance-i
ntegration.test.ts[2m > [22mInstallation Finance Integration (AP Logic)[2m >
 [22mshould create a labor AP record when installation is confirmed
[31m[1mAssertionError[22m: expected false to be true // Object.is equality[
39m

[32m- Expected[39m
[31m+ Received[39m

[32m- true[39m
[31m+ false[39m

[36m [2m鉂?[22m src/features/service/installation/__tests__/finance-integratio
n.test.ts:[2m87:32[22m[39m
    [90m 85| [39m
    [90m 86| [39m        [90m// 4. Assertions[39m
    [90m 87| [39m        [34mexpect[39m(result[33m.[39msuccess)[33m.[39
m[34mtoBe[39m([35mtrue[39m)[33m;[39m
    [90m   | [39m                               [31m^[39m
    [90m 88| [39m        [34mexpect[39m(mockDbInsert)[33m.[39m[34mtoHave
BeenCalledWith[39m(apStatements)[33m;[39m
    [90m 89| [39m

[31m[2m鈳幆鈳幆鈳幆鈳幆鈳幆鈳幆鈳幆鈳幆鈳幆鈳幆鈳幆[38/40]鈳?[22m[39m

[41m[1m FAIL [22m[49m src/features/service/measurement/__tests__/sync-manag
er.test.ts[2m > [22mMeasureSyncManager[2m > [22mpullTasks[2m > [22mshould
 pull tasks from server and store locally
[31m[1mAssertionError[22m: expected "vi.fn()" to be called with arguments: [
 { workerId: 'worker-1', 鈥?2) } ][90m

Received: 

[1m  1st vi.fn() call:

[22m[2m  [[22m
[2m    {[22m
[31m+     "page": 1,[90m
[2m      "pageSize": 50,[22m
[2m      "status": "PENDING_VISIT",[22m
[2m      "workerId": "worker-1",[22m
[2m    },[22m
[2m  ][22m
[31m[90m

Number of calls: [1m1[22m
[31m[39m
[36m [2m鉂?[22m src/features/service/measurement/__tests__/sync-manager.test.t
s:[2m113:37[22m[39m
    [90m111| [39m
    [90m112| [39m            [34mexpect[39m(count)[33m.[39m[34mtoBe[39m
([34m2[39m)[33m;[39m
    [90m113| [39m            [34mexpect[39m(getMeasureTasks)[33m.[39m[34
mtoHaveBeenCalledWith[39m({
    [90m   | [39m                                    [31m^[39m
    [90m114| [39m                workerId[33m:[39m [32m'worker-1'[39m[33
m,[39m
    [90m115| [39m                status[33m:[39m [32m'PENDING_VISIT'[39m
[33m,[39m

[31m[2m鈳幆鈳幆鈳幆鈳幆鈳幆鈳幆鈳幆鈳幆鈳幆鈳幆鈳幆[39/40]鈳?[22m[39m

[41m[1m FAIL [22m[49m src/features/service/measurement/__tests__/sync-manag
er.test.ts[2m > [22mMeasureSyncManager[2m > [22mpushLocalChanges[2m > [22
mshould push pending tasks to server
[31m[1mAssertionError[22m: expected "vi.fn()" to be called with arguments: [
 { taskId: 'task-1', 鈥?3) } ][90m

Received: 

[1m  1st vi.fn() call:

[22m[33m@@ -2,11 +2,10 @@[90m
[2m    {[22m
[2m      "checkInLocation": {[22m
[2m        "address": "鍖椾含甯傛湞闃冲尯",[22m
[2m        "lat": 39.9042,[22m
[2m        "lng": 116.4074,[22m
[32m-       "timestamp": "2026-01-01T10:00:00Z",[90m
[2m      },[22m
[2m      "images": [[22m
[2m        "photo1.jpg",[22m
[2m        "photo2.jpg",[22m
[2m      ],[22m
[33m@@ -16,10 +15,13 @@[90m
[2m            "name": "瀹㈠巺",[22m
[2m            "windows": [[22m
[2m              {[22m
[2m                "height": 2600,[22m
[2m                "id": "w1",[22m
[31m+               "installType": "TOP",[90m
[31m+               "name": "W1",[90m
[31m+               "openType": "SINGLE",[90m
[2m                "photos": [],[22m
[2m                "type": "STRAIGHT",[22m
[2m                "width": 3000,[22m
[2m              },[22m
[2m            ],[22m
[31m[90m

Number of calls: [1m1[22m
[31m[39m
[36m [2m鉂?[22m src/features/service/measurement/__tests__/sync-manager.test.t
s:[2m216:39[22m[39m
    [90m214| [39m
    [90m215| [39m            [34mexpect[39m(successCount)[33m.[39m[34mto
Be[39m([34m1[39m)[33m;[39m
    [90m216| [39m            [34mexpect[39m(submitMeasureData)[33m.[39m[
34mtoHaveBeenCalledWith[39m({
    [90m   | [39m                                      [31m^[39m
    [90m217| [39m                taskId[33m:[39m [32m'task-1'[39m[33m,[
39m
    [90m218| [39m                resultData[33m:[39m { rooms[33m:[39m pen
dingTasks[[34m0[39m][33m.[39mdata[33m.[39mrooms }[33m,[39m

[31m[2m鈳幆鈳幆鈳幆鈳幆鈳幆鈳幆鈳幆鈳幆鈳幆鈳幆鈳幆[40/40]鈳?[22m[39m


[2m Test Files [22m [1m[31m9 failed[39m[22m[2m | [22m[1m[32m16 passed[39m[22m[90m (25)[39m
[2m      Tests [22m [1m[31m40 failed[39m[22m[2m | [22m[1m[32m239 passed[39m[22m[90m (279)[39m
[2m   Start at [22m 13:30:24
[2m   Duration [22m 4.91s[2m (transform 8.28s, setup 6.51s, import 24.36s, tests 847ms, environment 63.97s)[22m

鈥塃LIFECYCLE鈥?Command failed with exit code 1.
